<html>
<body>
<pre>
<h1>µVision Build Log</h1>
<h2>Tool Versions:</h2>
IDE-Version: ¦ÌVision V5.15
Copyright (C) 2015 ARM Ltd and ARM Germany GmbH. All rights reserved.
License Information: keil keil, keil, LIC=GUUCX-HKB1Z-FI25Z-JBRBE-ST45L-MP3CU
 
Tool Versions:
Toolchain:       DK-ARM Developers Kit  Version: 5.15.0
Toolchain Path:  C:\Keil_v5\ARM\ARMCC\Bin
C Compiler:      Armcc.exe V5.05 update 2 (build 169)
Assembler:       Armasm.exe V5.05 update 2 (build 169)
Linker/Locator:  ArmLink.exe V5.05 update 2 (build 169)
Library Manager: ArmAr.exe V5.05 update 2 (build 169)
Hex Converter:   FromElf.exe V5.05 update 2 (build 169)
CPU DLL:         SARMCM3.DLL V5.15.0
Dialog DLL:      DARMSTM.DLL V1.65.0.0
Target DLL:      Segger\JL2CM3.dll V2.99.15.0
Dialog DLL:      TARMSTM.DLL V1.64.0.0
 
<h2>Project:</h2>
D:\file\job\afu\AD29\firmware\V3.0\USER\AD-29.uvprojx
Project File Date:  07/27/2019

<h2>Output:</h2>
*** Using Compiler 'V5.05 update 2 (build 169)', folder: 'C:\Keil_v5\ARM\ARMCC\Bin'
Build target 'AD-29'
compiling main.c...
compiling moto.c...
..\HARDWARE\MOTO\moto.c(335): warning:  #550-D: variable "iX_slow" was set but never used
    uint32_t iX = 0, iX_slow = xstep;
..\HARDWARE\MOTO\moto.c: 1 warning, 0 errors
linking...
Program Size: Code=12360 RO-data=2064 RW-data=816 ZI-data=4344  
FromELF: creating hex file...
"..\OBJ\AD-29.axf" - 0 Error(s), 1 Warning(s).

<h2>Collection of Component include folders:</h2>
  D:\file\job\afu\AD29\firmware\V3.0\USER\RTE
  C:\Keil_v5\ARM\PACK\Keil\STM32F1xx_DFP\2.3.0\Device\Include

<h2>Collection of Component Files used:</h2>
</pre>
</body>
</html>
