Component: ARM Compiler 5.06 update 6 (build 750) Tool: armlink [4d35ed]

==============================================================================

Section Cross References

    fifo.o(.text) refers to fifo.o(.bss) for rx_fifo_Screen_Def
    main.o(.text) refers to delay.o(.text) for delay_ms
    main.o(.text) refers to usart.o(.text) for Uart_Send_Data
    main.o(.text) refers to rtc.o(.text) for RTC_Get
    main.o(.text) refers to stm32f10x_gpio.o(.text) for GPIO_ResetBits
    main.o(.text) refers to prjlib.o(.text) for Cmd_AddEntrance
    main.o(.text) refers to misc.o(.text) for NVIC_PriorityGroupConfig
    main.o(.text) refers to moto.o(.text) for Moto_Init
    main.o(.text) refers to timer.o(.text) for TIM3_Int_Init
    main.o(.text) refers to wdg.o(.text) for IWDG_Init
    main.o(.text) refers to analysis_protocol.o(.text) for Gun_CommandReceive_Poll
    main.o(.text) refers to schedule.o(.text) for Start_Schedule
    main.o(.text) refers to strcmp.o(.text) for strcmp
    main.o(.text) refers to main.o(.data) for start_screen
    main.o(.text) refers to rtc.o(.bss) for calendar
    main.o(.text) refers to moto.o(.data) for motoDef
    main.o(.data) refers to main.o(.conststring) for .conststring
    main.o(.data) refers to main.o(.text) for funControl
    prjlib.o(.text) refers to strlen.o(.text) for strlen
    prjlib.o(.text) refers to ctype_o.o(.text) for __rt_ctype_table
    prjlib.o(.text) refers to dfltui.o(.text) for __aeabi_ui2d
    prjlib.o(.text) refers to ddiv.o(.text) for __aeabi_ddiv
    prjlib.o(.text) refers to dadd.o(.text) for __aeabi_dadd
    prjlib.o(.text) refers to strcpy.o(.text) for strcpy
    prjlib.o(.text) refers to memseta.o(.text) for __aeabi_memset
    prjlib.o(.text) refers to strcat.o(.text) for strcat
    prjlib.o(.text) refers to memcpya.o(.text) for __aeabi_memcpy
    prjlib.o(.text) refers to strcmp.o(.text) for strcmp
    prjlib.o(.text) refers to prjlib.o(.constdata) for crc16tab
    prjlib.o(.text) refers to prjlib.o(.data) for firstEnt
    system_stm32f10x.o(.text) refers to system_stm32f10x.o(.data) for SystemCoreClock
    timer.o(.text) refers to stm32f10x_rcc.o(.text) for RCC_APB1PeriphClockCmd
    timer.o(.text) refers to stm32f10x_tim.o(.text) for TIM_TimeBaseInit
    timer.o(.text) refers to misc.o(.text) for NVIC_Init
    timer.o(.text) refers to ananlysis_data.o(.text) for Report_State
    timer.o(.text) refers to timer.o(.bss) for timerlist
    timer.o(.text) refers to timer.o(.data) for timer3_tick
    analysis_protocol.o(.text) refers to prjlib.o(.text) for CRC_16
    analysis_protocol.o(.text) refers to ananlysis_data.o(.text) for Get_Time
    analysis_protocol.o(.text) refers to delay.o(.text) for delay_ms
    analysis_protocol.o(.text) refers to usart.o(.text) for Uart_Send_Data
    analysis_protocol.o(.text) refers to fifo.o(.text) for fifo_length
    analysis_protocol.o(.text) refers to wdg.o(.text) for IWDG_Feed
    analysis_protocol.o(.text) refers to key.o(.text) for KEY_Scan
    analysis_protocol.o(.text) refers to moto.o(.text) for Open_xMoto
    analysis_protocol.o(.text) refers to analysis_protocol.o(.data) for report_data
    analysis_protocol.o(.text) refers to fifo.o(.bss) for rx_fifo_Screen_Def
    analysis_protocol.o(.text) refers to analysis_protocol.o(.bss) for CmdRecBuf
    ananlysis_data.o(.text) refers to localtime.o(.text) for localtime
    ananlysis_data.o(.text) refers to rtc.o(.text) for RTC_Set
    ananlysis_data.o(.text) refers to wdg.o(.text) for IWDG_Feed
    ananlysis_data.o(.text) refers to memseta.o(.text) for __aeabi_memclr4
    ananlysis_data.o(.text) refers to prjlib.o(.text) for CRC_16
    ananlysis_data.o(.text) refers to usart.o(.text) for Uart_Send_Data
    ananlysis_data.o(.text) refers to moto.o(.data) for motoDef
    ananlysis_data.o(.text) refers to ananlysis_data.o(.data) for g_start_cmd
    ananlysis_data.o(.text) refers to ananlysis_data.o(.bss) for g_bar_code
    schedule.o(.text) refers to wdg.o(.text) for IWDG_Feed
    schedule.o(.text) refers to delay.o(.text) for delay_ms_whx
    schedule.o(.text) refers to stm32f10x_gpio.o(.text) for GPIO_SetBits
    schedule.o(.text) refers to gun.o(.text) for Set_Gun
    schedule.o(.text) refers to moto.o(.text) for Set_Moto
    schedule.o(.text) refers to ananlysis_data.o(.text) for Report_State
    schedule.o(.text) refers to moto.o(.data) for motoDef
    schedule.o(.text) refers to schedule.o(.data) for flag_signal_transfer
    schedule.o(.text) refers to ananlysis_data.o(.data) for g_start_cmd
    led.o(.text) refers to stm32f10x_rcc.o(.text) for RCC_APB2PeriphClockCmd
    led.o(.text) refers to stm32f10x_gpio.o(.text) for GPIO_Init
    key.o(.text) refers to stm32f10x_rcc.o(.text) for RCC_APB2PeriphClockCmd
    key.o(.text) refers to stm32f10x_gpio.o(.text) for GPIO_Init
    key.o(.text) refers to delay.o(.text) for delay_ms
    key.o(.text) refers to key.o(.data) for key_up
[...]
Image Symbol Table

    Local Symbols

    Symbol Name                              Value     Ov Type        Size  Object(Section)

    ../clib/../cmprslib/lz77c.c              0x00000000   Number         0  __dclz77c.o ABSOLUTE
    ../clib/microlib/ctype/ctype.c           0x00000000   Number         0  ispunct_o.o ABSOLUTE
    ../clib/microlib/ctype/ctype.c           0x00000000   Number         0  isxdigit_o.o ABSOLUTE
    ../clib/microlib/ctype/ctype.c           0x00000000   Number         0  isupper_o.o ABSOLUTE
    ../clib/microlib/ctype/ctype.c           0x00000000   Number         0  isdigit_o.o ABSOLUTE
    ../clib/microlib/ctype/ctype.c           0x00000000   Number         0  isgraph_o.o ABSOLUTE
    ../clib/microlib/ctype/ctype.c           0x00000000   Number         0  islower_o.o ABSOLUTE
    ../clib/microlib/ctype/ctype.c           0x00000000   Number         0  isprint_o.o ABSOLUTE
    ../clib/microlib/ctype/ctype.c           0x00000000   Number         0  isspace_o.o ABSOLUTE
    ../clib/microlib/ctype/ctype.c           0x00000000   Number         0  ctype_o.o ABSOLUTE
    ../clib/microlib/ctype/ctype.c           0x00000000   Number         0  isalnum_o.o ABSOLUTE
    ../clib/microlib/ctype/ctype.c           0x00000000   Number         0  isalpha_o.o ABSOLUTE
    ../clib/microlib/ctype/ctype.c           0x00000000   Number         0  isblank_o.o ABSOLUTE
    ../clib/microlib/ctype/ctype.c           0x00000000   Number         0  iscntrl_o.o ABSOLUTE
    ../clib/microlib/division.c              0x00000000   Number         0  uidiv.o ABSOLUTE
    ../clib/microlib/division.c              0x00000000   Number         0  uldiv.o ABSOLUTE
    ../clib/microlib/init/entry.s            0x00000000   Number         0  entry11a.o ABSOLUTE
    ../clib/microlib/init/entry.s            0x00000000   Number         0  entry2.o ABSOLUTE
    ../clib/microlib/init/entry.s            0x00000000   Number         0  entry5.o ABSOLUTE
    ../clib/microlib/init/entry.s            0x00000000   Number         0  entry7a.o ABSOLUTE
    ../clib/microlib/init/entry.s            0x00000000   Number         0  entry7b.o ABSOLUTE
    ../clib/microlib/init/entry.s            0x00000000   Number         0  entry8a.o ABSOLUTE
    ../clib/microlib/init/entry.s            0x00000000   Number         0  entry11b.o ABSOLUTE
    ../clib/microlib/init/entry.s            0x00000000   Number         0  entry.o ABSOLUTE
    ../clib/microlib/init/entry.s            0x00000000   Number         0  entry8b.o ABSOLUTE
    ../clib/microlib/init/entry.s            0x00000000   Number         0  entry9a.o ABSOLUTE
    ../clib/microlib/init/entry.s            0x00000000   Number         0  entry9b.o ABSOLUTE
    ../clib/microlib/init/entry.s            0x00000000   Number         0  entry10a.o ABSOLUTE
    ../clib/microlib/init/entry.s            0x00000000   Number         0  entry10b.o ABSOLUTE
    ../clib/microlib/longlong.c              0x00000000   Number         0  llushr.o ABSOLUTE
    ../clib/microlib/longlong.c              0x00000000   Number         0  llsshr.o ABSOLUTE
    ../clib/microlib/longlong.c              0x00000000   Number         0  llshl.o ABSOLUTE
    ../clib/microlib/printf/printf.c         0x00000000   Number         0  printf7.o ABSOLUTE
    ../clib/microlib/printf/printf.c         0x00000000   Number         0  printf3.o ABSOLUTE
    ../clib/microlib/printf/printf.c         0x00000000   Number         0  printf2.o ABSOLUTE
    ../clib/microlib/printf/printf.c         0x00000000   Number         0  printf1.o ABSOLUTE
    ../clib/microlib/printf/printf.c         0x00000000   Number         0  printfb.o ABSOLUTE
    ../clib/microlib/printf/printf.c         0x00000000   Number         0  printf4.o ABSOLUTE
    ../clib/microlib/printf/printf.c         0x00000000   Number         0  printf0.o ABSOLUTE
    ../clib/microlib/printf/printf.c         0x00000000   Number         0  printfa.o ABSOLUTE
    ../clib/microlib/printf/printf.c         0x00000000   Number         0  printf8.o ABSOLUTE
    ../clib/microlib/printf/printf.c         0x00000000   Number         0  printf6.o ABSOLUTE
    ../clib/microlib/printf/printf.c         0x00000000   Number         0  printf5.o ABSOLUTE
    ../clib/microlib/printf/stubs.s          0x00000000   Number         0  stubs.o ABSOLUTE
    ../clib/microlib/stdio/streams.c         0x00000000   Number         0  stdout.o ABSOLUTE
    ../clib/microlib/string/memcpy.c         0x00000000   Number         0  memcpya.o ABSOLUTE
    ../clib/microlib/string/memcpy.c         0x00000000   Number         0  memcpyb.o ABSOLUTE
    ../clib/microlib/string/memset.c         0x00000000   Number         0  memseta.o ABSOLUTE
    ../clib/microlib/string/strcat.c         0x00000000   Number         0  strcat.o ABSOLUTE
    ../clib/microlib/string/strcmp.c         0x00000000   Number         0  strcmp.o ABSOLUTE
    ../clib/microlib/string/strcpy.c         0x00000000   Number         0  strcpy.o ABSOLUTE
    ../clib/microlib/string/strlen.c         0x00000000   Number         0  strlen.o ABSOLUTE
    ../clib/microlib/stubs.s                 0x00000000   Number         0  iusefp.o ABSOLUTE
    ../clib/microlib/time/localtime.c        0x00000000   Number         0  localtime.o ABSOLUTE
    ../fplib/microlib/fpadd.c                0x00000000   Number         0  dadd.o ABSOLUTE
    ../fplib/microlib/fpdiv.c                0x00000000   Number         0  ddiv.o ABSOLUTE
    ../fplib/microlib/fpepilogue.c           0x00000000   Number         0  depilogue.o ABSOLUTE
    ../fplib/microlib/fpfix.c                0x00000000   Number         0  dfixul.o ABSOLUTE
    ../fplib/microlib/fpflt.c                0x00000000   Number         0  dfltui.o ABSOLUTE
    ../fplib/microlib/fpmul.c                0x00000000   Number         0  dmul.o ABSOLUTE
    ..\CORE\core_cm3.c                       0x00000000   Number         0  core_cm3.o ABSOLUTE
    ..\CORE\startup_stm32f10x_hd.s           0x00000000   Number         0  startup_stm32f10x_hd.o ABSOLUTE
    ..\HARDWARE\KEY\key.c                    0x00000000   Number         0  key.o ABSOLUTE
    ..\HARDWARE\LED\led.c                    0x00000000   Number         0  led.o ABSOLUTE
    ..\HARDWARE\MOTO\moto.c                  0x00000000   Number         0  moto.o ABSOLUTE
    ..\HARDWARE\WDG\wdg.c                    0x00000000   Number         0  wdg.o ABSOLUTE
    ..\RTC\rtc.c                             0x00000000   Number         0  rtc.o ABSOLUTE
    ..\STM32F10x_FWLib\src\misc.c            0x00000000   Number         0  misc.o ABSOLUTE
    ..\STM32F10x_FWLib\src\stm32f10x_bkp.c   0x00000000   Number         0  stm32f10x_bkp.o ABSOLUTE
    ..\STM32F10x_FWLib\src\stm32f10x_gpio.c  0x00000000   Number         0  stm32f10x_gpio.o ABSOLUTE
    ..\STM32F10x_FWLib\src\stm32f10x_iwdg.c  0x00000000   Number         0  stm32f10x_iwdg.o ABSOLUTE
    ..\STM32F10x_FWLib\src\stm32f10x_pwr.c   0x00000000   Number         0  stm32f10x_pwr.o ABSOLUTE
    ..\STM32F10x_FWLib\src\stm32f10x_rcc.c   0x00000000   Number         0  stm32f10x_rcc.o ABSOLUTE
    ..\STM32F10x_FWLib\src\stm32f10x_rtc.c   0x00000000   Number         0  stm32f10x_rtc.o ABSOLUTE
    ..\STM32F10x_FWLib\src\stm32f10x_tim.c   0x00000000   Number         0  stm32f10x_tim.o ABSOLUTE
    ..\STM32F10x_FWLib\src\stm32f10x_usart.c 0x00000000   Number         0  stm32f10x_usart.o ABSOLUTE
    ..\SYSTEM\delay\delay.c                  0x00000000   Number         0  delay.o ABSOLUTE
    ..\SYSTEM\sys\sys.c                      0x00000000   Number         0  sys.o ABSOLUTE
    ..\SYSTEM\usart\usart.c                  0x00000000   Number         0  usart.o ABSOLUTE
    ..\\CORE\\core_cm3.c                     0x00000000   Number         0  core_cm3.o ABSOLUTE
    ..\\SYSTEM\\sys\\sys.c                   0x00000000   Number         0  sys.o ABSOLUTE
    cdrcmple.s                               0x00000000   Number         0  cdrcmple.o ABSOLUTE
    dc.s                                     0x00000000   Number         0  dc.o ABSOLUTE
    handlers.s                               0x00000000   Number         0  handlers.o ABSOLUTE
    init.s                                   0x00000000   Number         0  init.o ABSOLUTE
    src\analysis_protocol.c                  0x00000000   Number         0  analysis_protocol.o ABSOLUTE
    src\ananlysis_data.c                     0x00000000   Number         0  ananlysis_data.o ABSOLUTE
    src\fifo.c                               0x00000000   Number         0  fifo.o ABSOLUTE
    src\gun.c                                0x00000000   Number         0  gun.o ABSOLUTE
    src\main.c                               0x00000000   Number         0  main.o ABSOLUTE
    src\prjlib.c                             0x00000000   Number         0  prjlib.o ABSOLUTE
    src\schedule.c                           0x00000000   Number         0  schedule.o ABSOLUTE
    src\stm32f10x_it.c                       0x00000000   Number         0  stm32f10x_it.o ABSOLUTE
    src\system_stm32f10x.c                   0x00000000   Number         0  system_stm32f10x.o ABSOLUTE
    src\timer.c                              0x00000000   Number         0  timer.o ABSOLUTE
    RESET                                    0x08000000   Section      304  startup_stm32f10x_hd.o(RESET)
    .ARM.Collect$$$$00000000                 0x08000130   Section        0  entry.o(.ARM.Collect$$$$00000000)
    .ARM.Collect$$$$00000001                 0x08000130   Section        4  entry2.o(.ARM.Collect$$$$00000001)
    .ARM.Collect$$$$00000004                 0x08000134   Section        4  entry5.o(.ARM.Collect$$$$00000004)
    .ARM.Collect$$$$00000008                 0x08000138   Section        0  entry7b.o(.ARM.Collect$$$$00000008)
    .ARM.Collect$$$$0000000A                 0x08000138   Section        0  entry8b.o(.ARM.Collect$$$$0000000A)
    .ARM.Collect$$$$0000000B                 0x08000138   Section        8  entry9a.o(.ARM.Collect$$$$0000000B)
    .ARM.Collect$$$$0000000D                 0x08000140   Section        0  entry10a.o(.ARM.Collect$$$$0000000D)
    .ARM.Collect$$$$0000000F                 0x08000140   Section        0  entry11a.o(.ARM.Collect$$$$0000000F)
    .ARM.Collect$$$$00002712                 0x08000140   Section        4  entry2.o(.ARM.Collect$$$$00002712)
    __lit__00000000                          0x08000140   Data           4  entry2.o(.ARM.Collect$$$$00002712)
    .text                                    0x08000144   Section        0  fifo.o(.text)
    fifo_put                                 0x0800014f   Thumb Code    18  fifo.o(.text)
    fifo_get                                 0x08000161   Thumb Code    20  fifo.o(.text)
    .text                                    0x08000350   Section        0  main.o(.text)
    funControl                               0x08000403   Thumb Code   168  main.o(.text)
    .text                                    0x080004f0   Section        0  prjlib.o(.text)
    .text                                    0x080012ac   Section        0  stm32f10x_it.o(.text)
    .text                                    0x080012c8   Section        0  system_stm32f10x.o(.text)
    SetSysClockTo72                          0x080012c9   Thumb Code   214  system_stm32f10x.o(.text)
    SetSysClock                              0x0800139f   Thumb Code     8  system_stm32f10x.o(.text)
    .text                                    0x080014ac   Section        0  timer.o(.text)
    .text                                    0x080015d4   Section        0  analysis_protocol.o(.text)
    .text                                    0x08001804   Section        0  ananlysis_data.o(.text)
    .text                                    0x08001958   Section        0  schedule.o(.text)
    .text                                    0x08001c78   Section        0  key.o(.text)
    .text                                    0x08001ce0   Section        0  gun.o(.text)
    .text                                    0x08001d70   Section        0  moto.o(.text)
    .text                                    0x08001fa0   Section        0  wdg.o(.text)
    .text                                    0x08001fcc   Section        0  delay.o(.text)
    .text                                    0x080020c0   Section        0  usart.o(.text)
    .text                                    0x08002378   Section       36  startup_stm32f10x_hd.o(.text)
    .text                                    0x0800239c   Section        0  misc.o(.text)
    .text                                    0x08002478   Section        0  stm32f10x_gpio.o(.text)
    .text                                    0x080027d4   Section        0  stm32f10x_rcc.o(.text)
    .text                                    0x08002b7c   Section        0  stm32f10x_usart.o(.text)
    .text                                    0x08002f84   Section        0  stm32f10x_tim.o(.text)
    TI4_Config                               0x0800342b   Thumb Code   130  stm32f10x_tim.o(.text)
    TI3_Config                               0x080034bf   Thumb Code   122  stm32f10x_tim.o(.text)
    TI2_Config                               0x08003553   Thumb Code   130  stm32f10x_tim.o(.text)
    TI1_Config                               0x080035e7   Thumb Code   108  stm32f10x_tim.o(.text)
    .text                                    0x08003da0   Section        0  stm32f10x_bkp.o(.text)
    .text                                    0x08003e64   Section        0  stm32f10x_rtc.o(.text)
    .text                                    0x08003fac   Section        0  stm32f10x_pwr.o(.text)
    .text                                    0x08004078   Section        0  stm32f10x_iwdg.o(.text)
    .text                                    0x080040b8   Section        0  rtc.o(.text)
    RTC_NVIC_Config                          0x080040b9   Thumb Code    32  rtc.o(.text)
    .text                                    0x08004684   Section        0  ctype_o.o(.text)
    .text                                    0x0800468c   Section        0  localtime.o(.text)
    .text                                    0x08004720   Section        0  memcpya.o(.text)
    .text                                    0x08004744   Section        0  memseta.o(.text)
    .text                                    0x08004768   Section        0  strcat.o(.text)
    .text                                    0x08004780   Section        0  strlen.o(.text)
    .text                                    0x0800478e   Section        0  strcmp.o(.text)
    .text                                    0x080047aa   Section        0  strcpy.o(.text)
    .text                                    0x080047bc   Section        0  dadd.o(.text)
    .text                                    0x0800490a   Section        0  ddiv.o(.text)
    .text                                    0x080049e8   Section        0  dfltui.o(.text)
    .text                                    0x08004a02   Section        0  uidiv.o(.text)
    .text                                    0x08004a2e   Section        0  uldiv.o(.text)
    .text                                    0x08004a90   Section        0  llshl.o(.text)
    .text                                    0x08004aae   Section        0  llsshr.o(.text)
    .text                                    0x08004ad2   Section        0  depilogue.o(.text)
    .text                                    0x08004ad2   Section        0  iusefp.o(.text)
    .text                                    0x08004b8c   Section        0  dmul.o(.text)
    .text                                    0x08004c70   Section        0  dfixul.o(.text)
    .text                                    0x08004ca0   Section       48  cdrcmple.o(.text)
    .text                                    0x08004cd0   Section       36  init.o(.text)
    .text                                    0x08004cf4   Section        0  llushr.o(.text)
    .text                                    0x08004d14   Section        0  __dclz77c.o(.text)
    i.__0printf                              0x08004d74   Section        0  printfa.o(i.__0printf)
    i.__0vsnprintf                           0x08004d94   Section        0  printfa.o(i.__0vsnprintf)
    i.__scatterload_copy                     0x08004dc0   Section       14  handlers.o(i.__scatterload_copy)
    i.__scatterload_null                     0x08004dce   Section        2  handlers.o(i.__scatterload_null)
    i.__scatterload_zeroinit                 0x08004dd0   Section       14  handlers.o(i.__scatterload_zeroinit)
    i._fp_digits                             0x08004de0   Section        0  printfa.o(i._fp_digits)
    _fp_digits                               0x08004de1   Thumb Code   366  printfa.o(i._fp_digits)
    i._printf_core                           0x08004f64   Section        0  printfa.o(i._printf_core)
    _printf_core                             0x08004f65   Thumb Code  1744  printfa.o(i._printf_core)
    i._printf_post_padding                   0x08005640   Section        0  printfa.o(i._printf_post_padding)
    _printf_post_padding                     0x08005641   Thumb Code    36  printfa.o(i._printf_post_padding)
    i._printf_pre_padding                    0x08005664   Section        0  printfa.o(i._printf_pre_padding)
    _printf_pre_padding                      0x08005665   Thumb Code    46  printfa.o(i._printf_pre_padding)
    i._snputc                                0x08005692   Section        0  printfa.o(i._snputc)
    _snputc                                  0x08005693   Thumb Code    22  printfa.o(i._snputc)
    .constdata                               0x080056a8   Section     1536  prjlib.o(.constdata)
    .constdata                               0x08005ca8   Section       36  rtc.o(.constdata)
    .constdata                               0x08005ccc   Section      129  ctype_o.o(.constdata)
    .constdata                               0x08005d50   Section        4  ctype_o.o(.constdata)
    table                                    0x08005d50   Data           4  ctype_o.o(.constdata)
    .constdata                               0x08005d54   Section       12  localtime.o(.constdata)
    monlen                                   0x08005d54   Data          12  localtime.o(.constdata)
    .conststring                             0x08005d60   Section        5  main.o(.conststring)
    .data                                    0x20000000   Section       22  main.o(.data)
    CmdEntrance_MOTO                         0x20000004   Data          12  main.o(.data)
    start_screen                             0x20000010   Data           6  main.o(.data)
    .data                                    0x20000018   Section        8  prjlib.o(.data)
    firstEnt                                 0x20000018   Data           4  prjlib.o(.data)
    pTWDGEnter                               0x2000001c   Data           4  prjlib.o(.data)
    .data                                    0x20000020   Section       20  system_stm32f10x.o(.data)
    .data                                    0x20000034   Section       12  timer.o(.data)
    report_data                              0x20000038   Data           8  timer.o(.data)
    .data                                    0x20000040   Section       36  analysis_protocol.o(.data)
    start_screen                             0x20000048   Data           6  analysis_protocol.o(.data)
    report_data                              0x2000004e   Data           8  analysis_protocol.o(.data)
    start_screen                             0x20000056   Data           6  analysis_protocol.o(.data)
    stop_screen                              0x2000005c   Data           6  analysis_protocol.o(.data)
    key                                      0x20000062   Data           1  analysis_protocol.o(.data)
    i                                        0x20000063   Data           1  analysis_protocol.o(.data)
    .data                                    0x20000064   Section        7  ananlysis_data.o(.data)
    .data                                    0x2000006b   Section        1  schedule.o(.data)
    flag_signal_transfer                     0x2000006b   Data           1  schedule.o(.data)
    .data                                    0x2000006c   Section        1  key.o(.data)
    key_up                                   0x2000006c   Data           1  key.o(.data)
    .data                                    0x20000070   Section      649  moto.o(.data)
    checkflag                                0x200002f8   Data           1  moto.o(.data)
    .data                                    0x200002fa   Section        4  delay.o(.data)
    fac_us                                   0x200002fa   Data           1  delay.o(.data)
    fac_ms                                   0x200002fc   Data           2  delay.o(.data)
    .data                                    0x200002fe   Section       20  stm32f10x_rcc.o(.data)
    APBAHBPrescTable                         0x200002fe   Data          16  stm32f10x_rcc.o(.data)
    ADCPrescTable                            0x2000030e   Data           4  stm32f10x_rcc.o(.data)
    .data                                    0x20000312   Section        2  rtc.o(.data)
    daycnt                                   0x20000312   Data           2  rtc.o(.data)
    .data                                    0x20000314   Section        4  stdout.o(.data)
    .bss                                     0x20000318   Section       32  fifo.o(.bss)
    .bss                                     0x20000338   Section       80  timer.o(.bss)
    .bss                                     0x20000388   Section     1024  analysis_protocol.o(.bss)
    .bss                                     0x20000788   Section       50  ananlysis_data.o(.bss)
    .bss                                     0x200007ba   Section     2048  usart.o(.bss)
    gs_gun_rx_buff                           0x20000bba   Data        1024  usart.o(.bss)
    .bss                                     0x20000fba   Section       10  rtc.o(.bss)
    .bss                                     0x20000fc4   Section       44  localtime.o(.bss)
    _tms                                     0x20000fc4   Data          44  localtime.o(.bss)
    STACK                                    0x20000ff0   Section     1024  startup_stm32f10x_hd.o(STACK)

    Global Symbols

    Symbol Name                              Value     Ov Type        Size  Object(Section)

    BuildAttributes$$THM_ISAv4$P$D$K$B$S$PE$A:L22UL41UL21$X:L11$S22US41US21$IEEE1$IW$USESV6$~STKCKD$USESV7$~SHL$OSPACE$ROPI$EBA8$MICROLIB$REQ8$PRES8$EABIv2 0x00000000   Number         0  anon$$obj.o ABSOLUTE
    __ARM_use_no_argv                        0x00000000   Number         0  main.o ABSOLUTE
    _printf_a                                0x00000000   Number         0  stubs.o ABSOLUTE
    _printf_c                                0x00000000   Number         0  stubs.o ABSOLUTE
    _printf_charcount                        0x00000000   Number         0  stubs.o ABSOLUTE
    _printf_d                                0x00000000   Number         0  stubs.o ABSOLUTE
    _printf_e                                0x00000000   Number         0  stubs.o ABSOLUTE
    _printf_f                                0x00000000   Number         0  stubs.o ABSOLUTE
    _printf_flags                            0x00000000   Number         0  stubs.o ABSOLUTE
    _printf_fp_dec                           0x00000000   Number         0  stubs.o ABSOLUTE
    _printf_fp_hex                           0x00000000   Number         0  stubs.o ABSOLUTE
    _printf_g                                0x00000000   Number         0  stubs.o ABSOLUTE
    _printf_i                                0x00000000   Number         0  stubs.o ABSOLUTE
    _printf_int_dec                          0x00000000   Number         0  stubs.o ABSOLUTE
    _printf_l                                0x00000000   Number         0  stubs.o ABSOLUTE
    _printf_lc                               0x00000000   Number         0  stubs.o ABSOLUTE
    _printf_ll                               0x00000000   Number         0  stubs.o ABSOLUTE
    _printf_lld                              0x00000000   Number         0  stubs.o ABSOLUTE
    _printf_lli                              0x00000000   Number         0  stubs.o ABSOLUTE
    _printf_llo                              0x00000000   Number         0  stubs.o ABSOLUTE
    _printf_llu                              0x00000000   Number         0  stubs.o ABSOLUTE
    _printf_llx                              0x00000000   Number         0  stubs.o ABSOLUTE
    _printf_longlong_dec                     0x00000000   Number         0  stubs.o ABSOLUTE
    _printf_longlong_hex                     0x00000000   Number         0  stubs.o ABSOLUTE
    _printf_longlong_oct                     0x00000000   Number         0  stubs.o ABSOLUTE
    _printf_ls                               0x00000000   Number         0  stubs.o ABSOLUTE
    _printf_mbtowc                           0x00000000   Number         0  stubs.o ABSOLUTE
    _printf_n                                0x00000000   Number         0  stubs.o ABSOLUTE
    _printf_o                                0x00000000   Number         0  stubs.o ABSOLUTE
    _printf_p                                0x00000000   Number         0  stubs.o ABSOLUTE
    _printf_percent                          0x00000000   Number         0  stubs.o ABSOLUTE
    _printf_pre_padding                      0x00000000   Number         0  stubs.o ABSOLUTE
    _printf_return_value                     0x00000000   Number         0  stubs.o ABSOLUTE
    _printf_s                                0x00000000   Number         0  stubs.o ABSOLUTE
    _printf_sizespec                         0x00000000   Number         0  stubs.o ABSOLUTE
    _printf_str                              0x00000000   Number         0  stubs.o ABSOLUTE
    _printf_truncate_signed                  0x00000000   Number         0  stubs.o ABSOLUTE
    _printf_truncate_unsigned                0x00000000   Number         0  stubs.o ABSOLUTE
    _printf_u                                0x00000000   Number         0  stubs.o ABSOLUTE
    _printf_wc                               0x00000000   Number         0  stubs.o ABSOLUTE
    _printf_wctomb                           0x00000000   Number         0  stubs.o ABSOLUTE
    _printf_widthprec                        0x00000000   Number         0  stubs.o ABSOLUTE
    _printf_x                                0x00000000   Number         0  stubs.o ABSOLUTE
    __cpp_initialize__aeabi_                  - Undefined Weak Reference
    __cxa_finalize                            - Undefined Weak Reference
    _clock_init                               - Undefined Weak Reference
    _microlib_exit                            - Undefined Weak Reference
    __Vectors_Size                           0x00000130   Number         0  startup_stm32f10x_hd.o ABSOLUTE
    __Vectors                                0x08000000   Data           4  startup_stm32f10x_hd.o(RESET)
    __Vectors_End                            0x08000130   Data           0  startup_stm32f10x_hd.o(RESET)
    __main                                   0x08000131   Thumb Code     0  entry.o(.ARM.Collect$$$$00000000)
    _main_stk                                0x08000131   Thumb Code     0  entry2.o(.ARM.Collect$$$$00000001)
    _main_scatterload                        0x08000135   Thumb Code     0  entry5.o(.ARM.Collect$$$$00000004)
    __main_after_scatterload                 0x08000139   Thumb Code     0  entry5.o(.ARM.Collect$$$$00000004)
    _main_clock                              0x08000139   Thumb Code     0  entry7b.o(.ARM.Collect$$$$00000008)
    _main_cpp_init                           0x08000139   Thumb Code     0  entry8b.o(.ARM.Collect$$$$0000000A)
    _main_init                               0x08000139   Thumb Code     0  entry9a.o(.ARM.Collect$$$$0000000B)
    __rt_final_cpp                           0x08000141   Thumb Code     0  entry10a.o(.ARM.Collect$$$$0000000D)
    __rt_final_exit                          0x08000141   Thumb Code     0  entry11a.o(.ARM.Collect$$$$0000000F)
    fifo_length                              0x08000145   Thumb Code    10  fifo.o(.text)
    app_fifo_init                            0x08000175   Thumb Code    36  fifo.o(.text)
    app_fifo_put                             0x08000199   Thumb Code    34  fifo.o(.text)
    app_fifo_get                             0x080001bb   Thumb Code    30  fifo.o(.text)
    app_fifo_flush                           0x080001d9   Thumb Code    10  fifo.o(.text)
    app_fifo_read                            0x080001e3   Thumb Code   106  fifo.o(.text)
    app_fifo_write                           0x0800024d   Thumb Code   110  fifo.o(.text)
    app_uart_flush                           0x080002bb   Thumb Code    58  fifo.o(.text)
    app_uart_get                             0x080002f5   Thumb Code    44  fifo.o(.text)
    app_uart_put                             0x08000321   Thumb Code    40  fifo.o(.text)
    test_fun                                 0x08000351   Thumb Code    20  main.o(.text)
    led_light                                0x08000365   Thumb Code    50  main.o(.text)
    main                                     0x08000397   Thumb Code   108  main.o(.text)
    SearchMemData                            0x080004f1   Thumb Code    66  prjlib.o(.text)
    strlen_t                                 0x08000533   Thumb Code    20  prjlib.o(.text)
    uitoa                                    0x08000547   Thumb Code    72  prjlib.o(.text)
    uitoax                                   0x0800058f   Thumb Code    88  prjlib.o(.text)
    uatoi                                    0x080005e7   Thumb Code    42  prjlib.o(.text)
    uatoi_n                                  0x08000611   Thumb Code    52  prjlib.o(.text)
    satoi                                    0x08000645   Thumb Code   126  prjlib.o(.text)
    uatoix                                   0x080006c3   Thumb Code   116  prjlib.o(.text)
    uatoix_n                                 0x08000737   Thumb Code   128  prjlib.o(.text)
    uatof                                    0x080007b7   Thumb Code   162  prjlib.o(.text)
    uitoa_d                                  0x08000859   Thumb Code    90  prjlib.o(.text)
    uitoa_n                                  0x080008b3   Thumb Code    90  prjlib.o(.text)
    sitoa                                    0x0800090d   Thumb Code    40  prjlib.o(.text)
    sitoa_n                                  0x08000935   Thumb Code    90  prjlib.o(.text)
    int16tBS                                 0x0800098f   Thumb Code    24  prjlib.o(.text)
    int32tBS                                 0x080009a7   Thumb Code    32  prjlib.o(.text)
    int64tBS                                 0x080009c7   Thumb Code    54  prjlib.o(.text)
    XORCheck                                 0x080009fd   Thumb Code    36  prjlib.o(.text)
    AddCheck                                 0x08000a21   Thumb Code    38  prjlib.o(.text)
    InitQueue                                0x08000a47   Thumb Code    28  prjlib.o(.text)
    EnQueue                                  0x08000a63   Thumb Code   106  prjlib.o(.text)
    DeQueue                                  0x08000acd   Thumb Code   100  prjlib.o(.text)
    CRC_16                                   0x08000b31   Thumb Code    40  prjlib.o(.text)
    crc16_compute                            0x08000b59   Thumb Code    62  prjlib.o(.text)
    CRC_32                                   0x08000b97   Thumb Code    44  prjlib.o(.text)
    BCD_To_HEX                               0x08000bc3   Thumb Code    22  prjlib.o(.text)
    HEX_To_BCD                               0x08000bd9   Thumb Code    30  prjlib.o(.text)
    BCDStr_To_Dec                            0x08000bf7   Thumb Code    54  prjlib.o(.text)
    BCDStr_To_Str                            0x08000c2d   Thumb Code    52  prjlib.o(.text)
    Dec_To_BCDStr                            0x08000c61   Thumb Code    56  prjlib.o(.text)
    Str2Print                                0x08000c99   Thumb Code    44  prjlib.o(.text)
    Str2Graph                                0x08000cc5   Thumb Code    44  prjlib.o(.text)
    Str2Alpha                                0x08000cf1   Thumb Code    44  prjlib.o(.text)
    StrTokenDel                              0x08000d1d   Thumb Code    30  prjlib.o(.text)
    Cmd_AddEntrance                          0x08000d3b   Thumb Code    44  prjlib.o(.text)
    Cmd_Handle                               0x08000d67   Thumb Code   182  prjlib.o(.text)
    Cmd_ArgFind                              0x08000e1d   Thumb Code    52  prjlib.o(.text)
    delay                                    0x08000e51   Thumb Code    22  prjlib.o(.text)
    TaskWDG_Add                              0x08000e67   Thumb Code    42  prjlib.o(.text)
    TaskWDG_Onof                             0x08000e91   Thumb Code     4  prjlib.o(.text)
    TaskWDG_Clear                            0x08000e95   Thumb Code     6  prjlib.o(.text)
    TaskWDG_IsUpper                          0x08000e9b   Thumb Code    30  prjlib.o(.text)
    TaskWDG_Tick                             0x08000eb9   Thumb Code    24  prjlib.o(.text)
    FIFO_Init                                0x08000ed1   Thumb Code    32  prjlib.o(.text)
    FIFO_Put                                 0x08000ef1   Thumb Code    18  prjlib.o(.text)
    FIFO_Get                                 0x08000f03   Thumb Code    22  prjlib.o(.text)
    FIFO_Length                              0x08000f19   Thumb Code    28  prjlib.o(.text)
    FIFO_Flush                               0x08000f35   Thumb Code     6  prjlib.o(.text)
    FIFO_Read                                0x08000f3b   Thumb Code    62  prjlib.o(.text)
    FIFO_Write                               0x08000f79   Thumb Code    66  prjlib.o(.text)
    FIFO_Query                               0x08000fbb   Thumb Code    34  prjlib.o(.text)
    FIFO_cpy                                 0x08000fdd   Thumb Code   106  prjlib.o(.text)
    FIFO_str                                 0x08001047   Thumb Code   118  prjlib.o(.text)
    FIFO_cmp                                 0x080010bd   Thumb Code    78  prjlib.o(.text)
    FIFO_chr                                 0x0800110b   Thumb Code    62  prjlib.o(.text)
    HexArray2Str                             0x08001149   Thumb Code    92  prjlib.o(.text)
    HexStr2Array                             0x080011a5   Thumb Code   200  prjlib.o(.text)
    HexEndingSwitc                           0x0800126d   Thumb Code    36  prjlib.o(.text)
    IsCPUendianBig                           0x08001291   Thumb Code    22  prjlib.o(.text)
    NMI_Handler                              0x080012ad   Thumb Code     2  stm32f10x_it.o(.text)
    HardFault_Handler                        0x080012af   Thumb Code     4  stm32f10x_it.o(.text)
    MemManage_Handler                        0x080012b3   Thumb Code     4  stm32f10x_it.o(.text)
    BusFault_Handler                         0x080012b7   Thumb Code     4  stm32f10x_it.o(.text)
    UsageFault_Handler                       0x080012bb   Thumb Code     4  stm32f10x_it.o(.text)
    SVC_Handler                              0x080012bf   Thumb Code     2  stm32f10x_it.o(.text)
    DebugMon_Handler                         0x080012c1   Thumb Code     2  stm32f10x_it.o(.text)
    PendSV_Handler                           0x080012c3   Thumb Code     2  stm32f10x_it.o(.text)
    SysTick_Handler                          0x080012c5   Thumb Code     2  stm32f10x_it.o(.text)
    SystemInit                               0x080013a7   Thumb Code    78  system_stm32f10x.o(.text)
    SystemCoreClockUpdate                    0x080013f5   Thumb Code   142  system_stm32f10x.o(.text)
    TIM3_Int_Init                            0x080014ad   Thumb Code    90  timer.o(.text)
    timer_task                               0x08001507   Thumb Code    88  timer.o(.text)
    TIM3_IRQHandler                          0x0800155f   Thumb Code    46  timer.o(.text)
    timer_enable                             0x0800158d   Thumb Code    36  timer.o(.text)
    timer_disable                            0x080015b1   Thumb Code    20  timer.o(.text)
    Uart_Protocol_Cmd_Analy                  0x080015d5   Thumb Code   196  analysis_protocol.o(.text)
    Screen_CommandReceive_Poll               0x08001699   Thumb Code    72  analysis_protocol.o(.text)
    Gun_CommandReceive_Poll                  0x080016e1   Thumb Code   166  analysis_protocol.o(.text)
    open_all_door                            0x08001787   Thumb Code    86  analysis_protocol.o(.text)
    Get_Time                                 0x08001805   Thumb Code    72  ananlysis_data.o(.text)
    Get_Mote_Data                            0x0800184d   Thumb Code     8  ananlysis_data.o(.text)
    Get_Lock_Data                            0x08001855   Thumb Code     8  ananlysis_data.o(.text)
    Get_Gun_Data                             0x0800185d   Thumb Code    36  ananlysis_data.o(.text)
    Get_Cargo_Data                           0x08001881   Thumb Code    12  ananlysis_data.o(.text)
    Get_Back_Data                            0x0800188d   Thumb Code     8  ananlysis_data.o(.text)
    Get_Bar_Code                             0x08001895   Thumb Code    32  ananlysis_data.o(.text)
    Report_State                             0x080018b5   Thumb Code   148  ananlysis_data.o(.text)
    Start_Borrow                             0x08001959   Thumb Code   308  schedule.o(.text)
    Start_Repay                              0x08001a8d   Thumb Code   102  schedule.o(.text)
    Start_Schedule                           0x08001af3   Thumb Code   366  schedule.o(.text)
    KEY_Init                                 0x08001c79   Thumb Code    32  key.o(.text)
    KEY_Scan                                 0x08001c99   Thumb Code    62  key.o(.text)
    Open_Gun                                 0x08001ce1   Thumb Code     4  gun.o(.text)
    Set_Gun                                  0x08001ce5   Thumb Code    38  gun.o(.text)
    Report_Bar_Code                          0x08001d0b   Thumb Code    80  gun.o(.text)
    Moto_Init                                0x08001d71   Thumb Code   298  moto.o(.text)
    Open_xMoto                               0x08001e9b   Thumb Code    40  moto.o(.text)
    Close_xMoto                              0x08001ec3   Thumb Code    40  moto.o(.text)
    Read_xMoto                               0x08001eeb   Thumb Code    26  moto.o(.text)
    Check_Moto                               0x08001f05   Thumb Code    98  moto.o(.text)
    Set_Moto                                 0x08001f67   Thumb Code    32  moto.o(.text)
    IWDG_Init                                0x08001fa1   Thumb Code    36  wdg.o(.text)
    IWDG_Feed                                0x08001fc5   Thumb Code     8  wdg.o(.text)
    delay_init                               0x08001fcd   Thumb Code    50  delay.o(.text)
    delay_us                                 0x08001fff   Thumb Code    72  delay.o(.text)
    delay_ms                                 0x08002047   Thumb Code    72  delay.o(.text)
    delay_ms_whx                             0x0800208f   Thumb Code    32  delay.o(.text)
    uart1_init                               0x080020c1   Thumb Code   176  usart.o(.text)
    uart2_init                               0x08002171   Thumb Code   154  usart.o(.text)
    USART1_IRQHandler                        0x0800220b   Thumb Code    32  usart.o(.text)
    USART2_IRQHandler                        0x0800222b   Thumb Code    32  usart.o(.text)
    Gun_printf                               0x0800224b   Thumb Code    86  usart.o(.text)
    fputc                                    0x080022a1   Thumb Code    32  usart.o(.text)
    Screen_printf                            0x080022c1   Thumb Code    86  usart.o(.text)
    Uart_Send_Data                           0x08002317   Thumb Code    68  usart.o(.text)
    Reset_Handler                            0x08002379   Thumb Code     8  startup_stm32f10x_hd.o(.text)
    ADC1_2_IRQHandler                        0x08002393   Thumb Code     0  startup_stm32f10x_hd.o(.text)
    ADC3_IRQHandler                          0x08002393   Thumb Code     0  startup_stm32f10x_hd.o(.text)
    CAN1_RX1_IRQHandler                      0x08002393   Thumb Code     0  startup_stm32f10x_hd.o(.text)
    CAN1_SCE_IRQHandler                      0x08002393   Thumb Code     0  startup_stm32f10x_hd.o(.text)
    DMA1_Channel1_IRQHandler                 0x08002393   Thumb Code     0  startup_stm32f10x_hd.o(.text)
    DMA1_Channel2_IRQHandler                 0x08002393   Thumb Code     0  startup_stm32f10x_hd.o(.text)
    DMA1_Channel3_IRQHandler                 0x08002393   Thumb Code     0  startup_stm32f10x_hd.o(.text)
    DMA1_Channel4_IRQHandler                 0x08002393   Thumb Code     0  startup_stm32f10x_hd.o(.text)
    DMA1_Channel5_IRQHandler                 0x08002393   Thumb Code     0  startup_stm32f10x_hd.o(.text)
    DMA1_Channel6_IRQHandler                 0x08002393   Thumb Code     0  startup_stm32f10x_hd.o(.text)
    DMA1_Channel7_IRQHandler                 0x08002393   Thumb Code     0  startup_stm32f10x_hd.o(.text)
    DMA2_Channel1_IRQHandler                 0x08002393   Thumb Code     0  startup_stm32f10x_hd.o(.text)
    DMA2_Channel2_IRQHandler                 0x08002393   Thumb Code     0  startup_stm32f10x_hd.o(.text)
    DMA2_Channel3_IRQHandler                 0x08002393   Thumb Code     0  startup_stm32f10x_hd.o(.text)
    DMA2_Channel4_5_IRQHandler               0x08002393   Thumb Code     0  startup_stm32f10x_hd.o(.text)
    EXTI0_IRQHandler                         0x08002393   Thumb Code     0  startup_stm32f10x_hd.o(.text)
    EXTI15_10_IRQHandler                     0x08002393   Thumb Code     0  startup_stm32f10x_hd.o(.text)
    EXTI1_IRQHandler                         0x08002393   Thumb Code     0  startup_stm32f10x_hd.o(.text)
    EXTI2_IRQHandler                         0x08002393   Thumb Code     0  startup_stm32f10x_hd.o(.text)
    EXTI3_IRQHandler                         0x08002393   Thumb Code     0  startup_stm32f10x_hd.o(.text)
    EXTI4_IRQHandler                         0x08002393   Thumb Code     0  startup_stm32f10x_hd.o(.text)
    EXTI9_5_IRQHandler                       0x08002393   Thumb Code     0  startup_stm32f10x_hd.o(.text)
    FLASH_IRQHandler                         0x08002393   Thumb Code     0  startup_stm32f10x_hd.o(.text)
    FSMC_IRQHandler                          0x08002393   Thumb Code     0  startup_stm32f10x_hd.o(.text)
    I2C1_ER_IRQHandler                       0x08002393   Thumb Code     0  startup_stm32f10x_hd.o(.text)
    I2C1_EV_IRQHandler                       0x08002393   Thumb Code     0  startup_stm32f10x_hd.o(.text)
    I2C2_ER_IRQHandler                       0x08002393   Thumb Code     0  startup_stm32f10x_hd.o(.text)
    I2C2_EV_IRQHandler                       0x08002393   Thumb Code     0  startup_stm32f10x_hd.o(.text)
    PVD_IRQHandler                           0x08002393   Thumb Code     0  startup_stm32f10x_hd.o(.text)
    RCC_IRQHandler                           0x08002393   Thumb Code     0  startup_stm32f10x_hd.o(.text)
    RTCAlarm_IRQHandler                      0x08002393   Thumb Code     0  startup_stm32f10x_hd.o(.text)
    SDIO_IRQHandler                          0x08002393   Thumb Code     0  startup_stm32f10x_hd.o(.text)
    SPI1_IRQHandler                          0x08002393   Thumb Code     0  startup_stm32f10x_hd.o(.text)
    SPI2_IRQHandler                          0x08002393   Thumb Code     0  startup_stm32f10x_hd.o(.text)
    SPI3_IRQHandler                          0x08002393   Thumb Code     0  startup_stm32f10x_hd.o(.text)
    TAMPER_IRQHandler                        0x08002393   Thumb Code     0  startup_stm32f10x_hd.o(.text)
    TIM1_BRK_IRQHandler                      0x08002393   Thumb Code     0  startup_stm32f10x_hd.o(.text)
    TIM1_CC_IRQHandler                       0x08002393   Thumb Code     0  startup_stm32f10x_hd.o(.text)
    TIM1_TRG_COM_IRQHandler                  0x08002393   Thumb Code     0  startup_stm32f10x_hd.o(.text)
    TIM1_UP_IRQHandler                       0x08002393   Thumb Code     0  startup_stm32f10x_hd.o(.text)
    TIM2_IRQHandler                          0x08002393   Thumb Code     0  startup_stm32f10x_hd.o(.text)
    TIM4_IRQHandler                          0x08002393   Thumb Code     0  startup_stm32f10x_hd.o(.text)
    TIM5_IRQHandler                          0x08002393   Thumb Code     0  startup_stm32f10x_hd.o(.text)
    TIM6_IRQHandler                          0x08002393   Thumb Code     0  startup_stm32f10x_hd.o(.text)
    TIM7_IRQHandler                          0x08002393   Thumb Code     0  startup_stm32f10x_hd.o(.text)
    TIM8_BRK_IRQHandler                      0x08002393   Thumb Code     0  startup_stm32f10x_hd.o(.text)
    TIM8_CC_IRQHandler                       0x08002393   Thumb Code     0  startup_stm32f10x_hd.o(.text)
    TIM8_TRG_COM_IRQHandler                  0x08002393   Thumb Code     0  startup_stm32f10x_hd.o(.text)
    TIM8_UP_IRQHandler                       0x08002393   Thumb Code     0  startup_stm32f10x_hd.o(.text)
    UART4_IRQHandler                         0x08002393   Thumb Code     0  startup_stm32f10x_hd.o(.text)
    UART5_IRQHandler                         0x08002393   Thumb Code     0  startup_stm32f10x_hd.o(.text)
    USART3_IRQHandler                        0x08002393   Thumb Code     0  startup_stm32f10x_hd.o(.text)
    USBWakeUp_IRQHandler                     0x08002393   Thumb Code     0  startup_stm32f10x_hd.o(.text)
    USB_HP_CAN1_TX_IRQHandler                0x08002393   Thumb Code     0  startup_stm32f10x_hd.o(.text)
    USB_LP_CAN1_RX0_IRQHandler               0x08002393   Thumb Code     0  startup_stm32f10x_hd.o(.text)
    WWDG_IRQHandler                          0x08002393   Thumb Code     0  startup_stm32f10x_hd.o(.text)
    NVIC_PriorityGroupConfig                 0x0800239d   Thumb Code    10  misc.o(.text)
    NVIC_Init                                0x080023a7   Thumb Code   100  misc.o(.text)
    NVIC_SetVectorTable                      0x0800240b   Thumb Code    14  misc.o(.text)
    NVIC_SystemLPConfig                      0x08002419   Thumb Code    34  misc.o(.text)
    SysTick_CLKSourceConfig                  0x0800243b   Thumb Code    40  misc.o(.text)
    GPIO_DeInit                              0x08002479   Thumb Code   172  stm32f10x_gpio.o(.text)
    GPIO_AFIODeInit                          0x08002525   Thumb Code    20  stm32f10x_gpio.o(.text)
    GPIO_Init                                0x08002539   Thumb Code   278  stm32f10x_gpio.o(.text)
    GPIO_StructInit                          0x0800264f   Thumb Code    16  stm32f10x_gpio.o(.text)
    GPIO_ReadInputDataBit                    0x0800265f   Thumb Code    18  stm32f10x_gpio.o(.text)
    GPIO_ReadInputData                       0x08002671   Thumb Code     8  stm32f10x_gpio.o(.text)
    GPIO_ReadOutputDataBit                   0x08002679   Thumb Code    18  stm32f10x_gpio.o(.text)
    GPIO_ReadOutputData                      0x0800268b   Thumb Code     8  stm32f10x_gpio.o(.text)
    GPIO_SetBits                             0x08002693   Thumb Code     4  stm32f10x_gpio.o(.text)
    GPIO_ResetBits                           0x08002697   Thumb Code     4  stm32f10x_gpio.o(.text)
    GPIO_WriteBit                            0x0800269b   Thumb Code    10  stm32f10x_gpio.o(.text)
    GPIO_Write                               0x080026a5   Thumb Code     4  stm32f10x_gpio.o(.text)
    GPIO_PinLockConfig                       0x080026a9   Thumb Code    18  stm32f10x_gpio.o(.text)
    GPIO_EventOutputConfig                   0x080026bb   Thumb Code    26  stm32f10x_gpio.o(.text)
    GPIO_EventOutputCmd                      0x080026d5   Thumb Code     6  stm32f10x_gpio.o(.text)
    GPIO_PinRemapConfig                      0x080026db   Thumb Code   138  stm32f10x_gpio.o(.text)
    GPIO_EXTILineConfig                      0x08002765   Thumb Code    66  stm32f10x_gpio.o(.text)
    GPIO_ETH_MediaInterfaceConfig            0x080027a7   Thumb Code     8  stm32f10x_gpio.o(.text)
    RCC_DeInit                               0x080027d5   Thumb Code    64  stm32f10x_rcc.o(.text)
    RCC_HSEConfig                            0x08002815   Thumb Code    70  stm32f10x_rcc.o(.text)
    RCC_GetFlagStatus                        0x0800285b   Thumb Code    56  stm32f10x_rcc.o(.text)
    RCC_WaitForHSEStartUp                    0x08002893   Thumb Code    56  stm32f10x_rcc.o(.text)
    RCC_AdjustHSICalibrationValue            0x080028cb   Thumb Code    20  stm32f10x_rcc.o(.text)
    RCC_HSICmd                               0x080028df   Thumb Code     6  stm32f10x_rcc.o(.text)
    RCC_PLLConfig                            0x080028e5   Thumb Code    24  stm32f10x_rcc.o(.text)
    RCC_PLLCmd                               0x080028fd   Thumb Code     6  stm32f10x_rcc.o(.text)
    RCC_SYSCLKConfig                         0x08002903   Thumb Code    18  stm32f10x_rcc.o(.text)
    RCC_GetSYSCLKSource                      0x08002915   Thumb Code    10  stm32f10x_rcc.o(.text)
    RCC_HCLKConfig                           0x0800291f   Thumb Code    18  stm32f10x_rcc.o(.text)
    RCC_PCLK1Config                          0x08002931   Thumb Code    18  stm32f10x_rcc.o(.text)
    RCC_PCLK2Config                          0x08002943   Thumb Code    20  stm32f10x_rcc.o(.text)
    RCC_ITConfig                             0x08002957   Thumb Code    26  stm32f10x_rcc.o(.text)
    RCC_USBCLKConfig                         0x08002971   Thumb Code     8  stm32f10x_rcc.o(.text)
    RCC_ADCCLKConfig                         0x08002979   Thumb Code    18  stm32f10x_rcc.o(.text)
    RCC_LSEConfig                            0x0800298b   Thumb Code    50  stm32f10x_rcc.o(.text)
    RCC_LSICmd                               0x080029bd   Thumb Code     6  stm32f10x_rcc.o(.text)
    RCC_RTCCLKConfig                         0x080029c3   Thumb Code    12  stm32f10x_rcc.o(.text)
    RCC_RTCCLKCmd                            0x080029cf   Thumb Code     8  stm32f10x_rcc.o(.text)
    RCC_GetClocksFreq                        0x080029d7   Thumb Code   192  stm32f10x_rcc.o(.text)
    RCC_AHBPeriphClockCmd                    0x08002a97   Thumb Code    26  stm32f10x_rcc.o(.text)
    RCC_APB2PeriphClockCmd                   0x08002ab1   Thumb Code    26  stm32f10x_rcc.o(.text)
    RCC_APB1PeriphClockCmd                   0x08002acb   Thumb Code    26  stm32f10x_rcc.o(.text)
    RCC_APB2PeriphResetCmd                   0x08002ae5   Thumb Code    26  stm32f10x_rcc.o(.text)
    RCC_APB1PeriphResetCmd                   0x08002aff   Thumb Code    26  stm32f10x_rcc.o(.text)
    RCC_BackupResetCmd                       0x08002b19   Thumb Code     8  stm32f10x_rcc.o(.text)
    RCC_ClockSecuritySystemCmd               0x08002b21   Thumb Code     6  stm32f10x_rcc.o(.text)
    RCC_MCOConfig                            0x08002b27   Thumb Code     6  stm32f10x_rcc.o(.text)
    RCC_ClearFlag                            0x08002b2d   Thumb Code    14  stm32f10x_rcc.o(.text)
    RCC_GetITStatus                          0x08002b3b   Thumb Code    20  stm32f10x_rcc.o(.text)
    RCC_ClearITPendingBit                    0x08002b4f   Thumb Code     6  stm32f10x_rcc.o(.text)
    USART_DeInit                             0x08002b7d   Thumb Code   134  stm32f10x_usart.o(.text)
    USART_Init                               0x08002c03   Thumb Code   210  stm32f10x_usart.o(.text)
    USART_StructInit                         0x08002cd5   Thumb Code    24  stm32f10x_usart.o(.text)
    USART_ClockInit                          0x08002ced   Thumb Code    34  stm32f10x_usart.o(.text)
    USART_ClockStructInit                    0x08002d0f   Thumb Code    12  stm32f10x_usart.o(.text)
    USART_Cmd                                0x08002d1b   Thumb Code    24  stm32f10x_usart.o(.text)
    USART_ITConfig                           0x08002d33   Thumb Code    74  stm32f10x_usart.o(.text)
    USART_DMACmd                             0x08002d7d   Thumb Code    18  stm32f10x_usart.o(.text)
    USART_SetAddress                         0x08002d8f   Thumb Code    18  stm32f10x_usart.o(.text)
    USART_WakeUpConfig                       0x08002da1   Thumb Code    18  stm32f10x_usart.o(.text)
    USART_ReceiverWakeUpCmd                  0x08002db3   Thumb Code    24  stm32f10x_usart.o(.text)
    USART_LINBreakDetectLengthConfig         0x08002dcb   Thumb Code    18  stm32f10x_usart.o(.text)
    USART_LINCmd                             0x08002ddd   Thumb Code    24  stm32f10x_usart.o(.text)
    USART_SendData                           0x08002df5   Thumb Code     8  stm32f10x_usart.o(.text)
    USART_ReceiveData                        0x08002dfd   Thumb Code    10  stm32f10x_usart.o(.text)
    USART_SendBreak                          0x08002e07   Thumb Code    10  stm32f10x_usart.o(.text)
    USART_SetGuardTime                       0x08002e11   Thumb Code    16  stm32f10x_usart.o(.text)
    USART_SetPrescaler                       0x08002e21   Thumb Code    16  stm32f10x_usart.o(.text)
    USART_SmartCardCmd                       0x08002e31   Thumb Code    24  stm32f10x_usart.o(.text)
    USART_SmartCardNACKCmd                   0x08002e49   Thumb Code    24  stm32f10x_usart.o(.text)
    USART_HalfDuplexCmd                      0x08002e61   Thumb Code    24  stm32f10x_usart.o(.text)
    USART_OverSampling8Cmd                   0x08002e79   Thumb Code    22  stm32f10x_usart.o(.text)
    USART_OneBitMethodCmd                    0x08002e8f   Thumb Code    24  stm32f10x_usart.o(.text)
    USART_IrDAConfig                         0x08002ea7   Thumb Code    18  stm32f10x_usart.o(.text)
    USART_IrDACmd                            0x08002eb9   Thumb Code    24  stm32f10x_usart.o(.text)
    USART_GetFlagStatus                      0x08002ed1   Thumb Code    26  stm32f10x_usart.o(.text)
    USART_ClearFlag                          0x08002eeb   Thumb Code    18  stm32f10x_usart.o(.text)
    USART_GetITStatus                        0x08002efd   Thumb Code    84  stm32f10x_usart.o(.text)
    USART_ClearITPendingBit                  0x08002f51   Thumb Code    52  stm32f10x_usart.o(.text)
    TIM_DeInit                               0x08002f85   Thumb Code   424  stm32f10x_tim.o(.text)
    TIM_TimeBaseInit                         0x0800312d   Thumb Code   122  stm32f10x_tim.o(.text)
    TIM_OC1Init                              0x080031a7   Thumb Code   132  stm32f10x_tim.o(.text)
    TIM_OC2Init                              0x0800322b   Thumb Code   154  stm32f10x_tim.o(.text)
    TIM_OC3Init                              0x080032c5   Thumb Code   150  stm32f10x_tim.o(.text)
    TIM_OC4Init                              0x0800335b   Thumb Code   182  stm32f10x_tim.o(.text)
    TIM_SetIC4Prescaler                      0x08003411   Thumb Code    26  stm32f10x_tim.o(.text)
    TIM_SetIC3Prescaler                      0x080034ad   Thumb Code    18  stm32f10x_tim.o(.text)
    TIM_SetIC2Prescaler                      0x08003539   Thumb Code    26  stm32f10x_tim.o(.text)
    TIM_SetIC1Prescaler                      0x080035d5   Thumb Code    18  stm32f10x_tim.o(.text)
    TIM_ICInit                               0x08003653   Thumb Code   150  stm32f10x_tim.o(.text)
    TIM_PWMIConfig                           0x080036e9   Thumb Code   124  stm32f10x_tim.o(.text)
    TIM_BDTRConfig                           0x08003765   Thumb Code    32  stm32f10x_tim.o(.text)
    TIM_TimeBaseStructInit                   0x08003785   Thumb Code    18  stm32f10x_tim.o(.text)
    TIM_OCStructInit                         0x08003797   Thumb Code    20  stm32f10x_tim.o(.text)
    TIM_ICStructInit                         0x080037ab   Thumb Code    18  stm32f10x_tim.o(.text)
    TIM_BDTRStructInit                       0x080037bd   Thumb Code    40  stm32f10x_tim.o(.text)
    TIM_Cmd                                  0x080037e5   Thumb Code    24  stm32f10x_tim.o(.text)
    TIM_CtrlPWMOutputs                       0x080037fd   Thumb Code    30  stm32f10x_tim.o(.text)
    TIM_ITConfig                             0x0800381b   Thumb Code    18  stm32f10x_tim.o(.text)
    TIM_GenerateEvent                        0x0800382d   Thumb Code     4  stm32f10x_tim.o(.text)
    TIM_DMAConfig                            0x08003831   Thumb Code    10  stm32f10x_tim.o(.text)
    TIM_DMACmd                               0x0800383b   Thumb Code    18  stm32f10x_tim.o(.text)
    TIM_InternalClockConfig                  0x0800384d   Thumb Code    12  stm32f10x_tim.o(.text)
    TIM_SelectInputTrigger                   0x08003859   Thumb Code    18  stm32f10x_tim.o(.text)
    TIM_ITRxExternalClockConfig              0x0800386b   Thumb Code    24  stm32f10x_tim.o(.text)
    TIM_TIxExternalClockConfig               0x08003883   Thumb Code    62  stm32f10x_tim.o(.text)
    TIM_ETRConfig                            0x080038c1   Thumb Code    28  stm32f10x_tim.o(.text)
    TIM_ETRClockMode1Config                  0x080038dd   Thumb Code    54  stm32f10x_tim.o(.text)
    TIM_ETRClockMode2Config                  0x08003913   Thumb Code    32  stm32f10x_tim.o(.text)
    TIM_PrescalerConfig                      0x08003933   Thumb Code     6  stm32f10x_tim.o(.text)
    TIM_CounterModeConfig                    0x08003939   Thumb Code    18  stm32f10x_tim.o(.text)
    TIM_EncoderInterfaceConfig               0x0800394b   Thumb Code    66  stm32f10x_tim.o(.text)
    TIM_ForcedOC1Config                      0x0800398d   Thumb Code    18  stm32f10x_tim.o(.text)
    TIM_ForcedOC2Config                      0x0800399f   Thumb Code    26  stm32f10x_tim.o(.text)
    TIM_ForcedOC3Config                      0x080039b9   Thumb Code    18  stm32f10x_tim.o(.text)
    TIM_ForcedOC4Config                      0x080039cb   Thumb Code    26  stm32f10x_tim.o(.text)
    TIM_ARRPreloadConfig                     0x080039e5   Thumb Code    24  stm32f10x_tim.o(.text)
    TIM_SelectCOM                            0x080039fd   Thumb Code    24  stm32f10x_tim.o(.text)
    TIM_SelectCCDMA                          0x08003a15   Thumb Code    24  stm32f10x_tim.o(.text)
    TIM_CCPreloadControl                     0x08003a2d   Thumb Code    24  stm32f10x_tim.o(.text)
    TIM_OC1PreloadConfig                     0x08003a45   Thumb Code    18  stm32f10x_tim.o(.text)
    TIM_OC2PreloadConfig                     0x08003a57   Thumb Code    26  stm32f10x_tim.o(.text)
    TIM_OC3PreloadConfig                     0x08003a71   Thumb Code    18  stm32f10x_tim.o(.text)
    TIM_OC4PreloadConfig                     0x08003a83   Thumb Code    26  stm32f10x_tim.o(.text)
    TIM_OC1FastConfig                        0x08003a9d   Thumb Code    18  stm32f10x_tim.o(.text)
    TIM_OC2FastConfig                        0x08003aaf   Thumb Code    26  stm32f10x_tim.o(.text)
    TIM_OC3FastConfig                        0x08003ac9   Thumb Code    18  stm32f10x_tim.o(.text)
    TIM_OC4FastConfig                        0x08003adb   Thumb Code    26  stm32f10x_tim.o(.text)
    TIM_ClearOC1Ref                          0x08003af5   Thumb Code    18  stm32f10x_tim.o(.text)
    TIM_ClearOC2Ref                          0x08003b07   Thumb Code    24  stm32f10x_tim.o(.text)
    TIM_ClearOC3Ref                          0x08003b1f   Thumb Code    18  stm32f10x_tim.o(.text)
    TIM_ClearOC4Ref                          0x08003b31   Thumb Code    24  stm32f10x_tim.o(.text)
    TIM_OC1PolarityConfig                    0x08003b49   Thumb Code    18  stm32f10x_tim.o(.text)
    TIM_OC1NPolarityConfig                   0x08003b5b   Thumb Code    18  stm32f10x_tim.o(.text)
    TIM_OC2PolarityConfig                    0x08003b6d   Thumb Code    26  stm32f10x_tim.o(.text)
    TIM_OC2NPolarityConfig                   0x08003b87   Thumb Code    26  stm32f10x_tim.o(.text)
    TIM_OC3PolarityConfig                    0x08003ba1   Thumb Code    26  stm32f10x_tim.o(.text)
    TIM_OC3NPolarityConfig                   0x08003bbb   Thumb Code    26  stm32f10x_tim.o(.text)
    TIM_OC4PolarityConfig                    0x08003bd5   Thumb Code    26  stm32f10x_tim.o(.text)
    TIM_CCxCmd                               0x08003bef   Thumb Code    30  stm32f10x_tim.o(.text)
    TIM_CCxNCmd                              0x08003c0d   Thumb Code    30  stm32f10x_tim.o(.text)
    TIM_SelectOCxM                           0x08003c2b   Thumb Code    82  stm32f10x_tim.o(.text)
    TIM_UpdateDisableConfig                  0x08003c7d   Thumb Code    24  stm32f10x_tim.o(.text)
    TIM_UpdateRequestConfig                  0x08003c95   Thumb Code    24  stm32f10x_tim.o(.text)
    TIM_SelectHallSensor                     0x08003cad   Thumb Code    24  stm32f10x_tim.o(.text)
    TIM_SelectOnePulseMode                   0x08003cc5   Thumb Code    18  stm32f10x_tim.o(.text)
    TIM_SelectOutputTrigger                  0x08003cd7   Thumb Code    18  stm32f10x_tim.o(.text)
    TIM_SelectSlaveMode                      0x08003ce9   Thumb Code    18  stm32f10x_tim.o(.text)
    TIM_SelectMasterSlaveMode                0x08003cfb   Thumb Code    18  stm32f10x_tim.o(.text)
    TIM_SetCounter                           0x08003d0d   Thumb Code     4  stm32f10x_tim.o(.text)
    TIM_SetAutoreload                        0x08003d11   Thumb Code     4  stm32f10x_tim.o(.text)
    TIM_SetCompare1                          0x08003d15   Thumb Code     4  stm32f10x_tim.o(.text)
    TIM_SetCompare2                          0x08003d19   Thumb Code     4  stm32f10x_tim.o(.text)
    TIM_SetCompare3                          0x08003d1d   Thumb Code     4  stm32f10x_tim.o(.text)
    TIM_SetCompare4                          0x08003d21   Thumb Code     6  stm32f10x_tim.o(.text)
    TIM_SetClockDivision                     0x08003d27   Thumb Code    18  stm32f10x_tim.o(.text)
    TIM_GetCapture1                          0x08003d39   Thumb Code     6  stm32f10x_tim.o(.text)
    TIM_GetCapture2                          0x08003d3f   Thumb Code     6  stm32f10x_tim.o(.text)
    TIM_GetCapture3                          0x08003d45   Thumb Code     6  stm32f10x_tim.o(.text)
    TIM_GetCapture4                          0x08003d4b   Thumb Code     8  stm32f10x_tim.o(.text)
    TIM_GetCounter                           0x08003d53   Thumb Code     6  stm32f10x_tim.o(.text)
    TIM_GetPrescaler                         0x08003d59   Thumb Code     6  stm32f10x_tim.o(.text)
    TIM_GetFlagStatus                        0x08003d5f   Thumb Code    18  stm32f10x_tim.o(.text)
    TIM_ClearFlag                            0x08003d71   Thumb Code     6  stm32f10x_tim.o(.text)
    TIM_GetITStatus                          0x08003d77   Thumb Code    34  stm32f10x_tim.o(.text)
    TIM_ClearITPendingBit                    0x08003d99   Thumb Code     6  stm32f10x_tim.o(.text)
    BKP_DeInit                               0x08003da1   Thumb Code    16  stm32f10x_bkp.o(.text)
    BKP_TamperPinLevelConfig                 0x08003db1   Thumb Code     6  stm32f10x_bkp.o(.text)
    BKP_TamperPinCmd                         0x08003db7   Thumb Code     8  stm32f10x_bkp.o(.text)
    BKP_ITConfig                             0x08003dbf   Thumb Code     8  stm32f10x_bkp.o(.text)
    BKP_RTCOutputConfig                      0x08003dc7   Thumb Code    22  stm32f10x_bkp.o(.text)
    BKP_SetRTCCalibrationValue               0x08003ddd   Thumb Code    22  stm32f10x_bkp.o(.text)
    BKP_WriteBackupRegister                  0x08003df3   Thumb Code    24  stm32f10x_bkp.o(.text)
    BKP_ReadBackupRegister                   0x08003e0b   Thumb Code    26  stm32f10x_bkp.o(.text)
    BKP_GetFlagStatus                        0x08003e25   Thumb Code    10  stm32f10x_bkp.o(.text)
    BKP_ClearFlag                            0x08003e2f   Thumb Code    18  stm32f10x_bkp.o(.text)
    BKP_GetITStatus                          0x08003e41   Thumb Code    10  stm32f10x_bkp.o(.text)
    BKP_ClearITPendingBit                    0x08003e4b   Thumb Code    18  stm32f10x_bkp.o(.text)
    RTC_ITConfig                             0x08003e65   Thumb Code    26  stm32f10x_rtc.o(.text)
    RTC_EnterConfigMode                      0x08003e7f   Thumb Code    18  stm32f10x_rtc.o(.text)
    RTC_ExitConfigMode                       0x08003e91   Thumb Code    20  stm32f10x_rtc.o(.text)
    RTC_GetCounter                           0x08003ea5   Thumb Code    18  stm32f10x_rtc.o(.text)
    RTC_SetCounter                           0x08003eb7   Thumb Code    26  stm32f10x_rtc.o(.text)
    RTC_SetPrescaler                         0x08003ed1   Thumb Code    28  stm32f10x_rtc.o(.text)
    RTC_SetAlarm                             0x08003eed   Thumb Code    26  stm32f10x_rtc.o(.text)
    RTC_GetDivider                           0x08003f07   Thumb Code    22  stm32f10x_rtc.o(.text)
    RTC_WaitForLastTask                      0x08003f1d   Thumb Code    18  stm32f10x_rtc.o(.text)
    RTC_WaitForSynchro                       0x08003f2f   Thumb Code    36  stm32f10x_rtc.o(.text)
    RTC_GetFlagStatus                        0x08003f53   Thumb Code    22  stm32f10x_rtc.o(.text)
    RTC_ClearFlag                            0x08003f69   Thumb Code    16  stm32f10x_rtc.o(.text)
    RTC_GetITStatus                          0x08003f79   Thumb Code    32  stm32f10x_rtc.o(.text)
    RTC_ClearITPendingBit                    0x08003f99   Thumb Code    16  stm32f10x_rtc.o(.text)
    PWR_DeInit                               0x08003fad   Thumb Code    22  stm32f10x_pwr.o(.text)
    PWR_BackupAccessCmd                      0x08003fc3   Thumb Code     6  stm32f10x_pwr.o(.text)
    PWR_PVDCmd                               0x08003fc9   Thumb Code     6  stm32f10x_pwr.o(.text)
    PWR_PVDLevelConfig                       0x08003fcf   Thumb Code    18  stm32f10x_pwr.o(.text)
    PWR_WakeUpPinCmd                         0x08003fe1   Thumb Code     8  stm32f10x_pwr.o(.text)
    PWR_EnterSTOPMode                        0x08003fe9   Thumb Code    54  stm32f10x_pwr.o(.text)
    PWR_EnterSTANDBYMode                     0x0800401f   Thumb Code    42  stm32f10x_pwr.o(.text)
    PWR_GetFlagStatus                        0x08004049   Thumb Code    20  stm32f10x_pwr.o(.text)
    PWR_ClearFlag                            0x0800405d   Thumb Code    14  stm32f10x_pwr.o(.text)
    IWDG_WriteAccessCmd                      0x08004079   Thumb Code     6  stm32f10x_iwdg.o(.text)
    IWDG_SetPrescaler                        0x0800407f   Thumb Code     6  stm32f10x_iwdg.o(.text)
    IWDG_SetReload                           0x08004085   Thumb Code     6  stm32f10x_iwdg.o(.text)
    IWDG_ReloadCounter                       0x0800408b   Thumb Code    10  stm32f10x_iwdg.o(.text)
    IWDG_Enable                              0x08004095   Thumb Code    10  stm32f10x_iwdg.o(.text)
    IWDG_GetFlagStatus                       0x0800409f   Thumb Code    20  stm32f10x_iwdg.o(.text)
    RTC_Get_Week                             0x080040d9   Thumb Code   116  rtc.o(.text)
    Is_Leap_Year                             0x0800414d   Thumb Code    58  rtc.o(.text)
    RTC_Get                                  0x08004187   Thumb Code   240  rtc.o(.text)
    RTC_Set                                  0x08004277   Thumb Code   184  rtc.o(.text)
    RTC_Init                                 0x0800432f   Thumb Code   150  rtc.o(.text)
    RTC_IRQHandler                           0x080043c5   Thumb Code    76  rtc.o(.text)
    RTC_Alarm_Set                            0x08004411   Thumb Code   184  rtc.o(.text)
    applib_dt_last_day_of_mon                0x080044c9   Thumb Code    56  rtc.o(.text)
    utc_sec_2_mytime                         0x08004501   Thumb Code   248  rtc.o(.text)
    mytime_2_utc_sec                         0x080045f9   Thumb Code   138  rtc.o(.text)
    __rt_ctype_table                         0x08004685   Thumb Code     4  ctype_o.o(.text)
    localtime                                0x0800468d   Thumb Code   138  localtime.o(.text)
    __aeabi_memcpy                           0x08004721   Thumb Code    36  memcpya.o(.text)
    __aeabi_memcpy4                          0x08004721   Thumb Code     0  memcpya.o(.text)
    __aeabi_memcpy8                          0x08004721   Thumb Code     0  memcpya.o(.text)
    __aeabi_memset                           0x08004745   Thumb Code    14  memseta.o(.text)
    __aeabi_memset4                          0x08004745   Thumb Code     0  memseta.o(.text)
    __aeabi_memset8                          0x08004745   Thumb Code     0  memseta.o(.text)
    __aeabi_memclr                           0x08004753   Thumb Code     4  memseta.o(.text)
    __aeabi_memclr4                          0x08004753   Thumb Code     0  memseta.o(.text)
    __aeabi_memclr8                          0x08004753   Thumb Code     0  memseta.o(.text)
    _memset$wrapper                          0x08004757   Thumb Code    18  memseta.o(.text)
    strcat                                   0x08004769   Thumb Code    24  strcat.o(.text)
    strlen                                   0x08004781   Thumb Code    14  strlen.o(.text)
    strcmp                                   0x0800478f   Thumb Code    28  strcmp.o(.text)
    strcpy                                   0x080047ab   Thumb Code    18  strcpy.o(.text)
    __aeabi_dadd                             0x080047bd   Thumb Code   322  dadd.o(.text)
    __aeabi_dsub                             0x080048ff   Thumb Code     6  dadd.o(.text)
    __aeabi_drsub                            0x08004905   Thumb Code     6  dadd.o(.text)
    __aeabi_ddiv                             0x0800490b   Thumb Code   222  ddiv.o(.text)
    __aeabi_ui2d                             0x080049e9   Thumb Code    26  dfltui.o(.text)
    __aeabi_uidiv                            0x08004a03   Thumb Code     0  uidiv.o(.text)
    __aeabi_uidivmod                         0x08004a03   Thumb Code    44  uidiv.o(.text)
    __aeabi_uldivmod                         0x08004a2f   Thumb Code    98  uldiv.o(.text)
    __aeabi_llsl                             0x08004a91   Thumb Code    30  llshl.o(.text)
    _ll_shift_l                              0x08004a91   Thumb Code     0  llshl.o(.text)
    __aeabi_lasr                             0x08004aaf   Thumb Code    36  llsshr.o(.text)
    _ll_sshift_r                             0x08004aaf   Thumb Code     0  llsshr.o(.text)
    __I$use$fp                               0x08004ad3   Thumb Code     0  iusefp.o(.text)
    _double_round                            0x08004ad3   Thumb Code    30  depilogue.o(.text)
    _double_epilogue                         0x08004af1   Thumb Code   156  depilogue.o(.text)
    __aeabi_dmul                             0x08004b8d   Thumb Code   228  dmul.o(.text)
    __aeabi_d2ulz                            0x08004c71   Thumb Code    48  dfixul.o(.text)
    __aeabi_cdrcmple                         0x08004ca1   Thumb Code    48  cdrcmple.o(.text)
    __scatterload                            0x08004cd1   Thumb Code    28  init.o(.text)
    __scatterload_rt2                        0x08004cd1   Thumb Code     0  init.o(.text)
    __aeabi_llsr                             0x08004cf5   Thumb Code    32  llushr.o(.text)
    _ll_ushift_r                             0x08004cf5   Thumb Code     0  llushr.o(.text)
    __decompress                             0x08004d15   Thumb Code     0  __dclz77c.o(.text)
    __decompress2                            0x08004d15   Thumb Code    94  __dclz77c.o(.text)
    __0printf                                0x08004d75   Thumb Code    22  printfa.o(i.__0printf)
    __1printf                                0x08004d75   Thumb Code     0  printfa.o(i.__0printf)
    __2printf                                0x08004d75   Thumb Code     0  printfa.o(i.__0printf)
    __c89printf                              0x08004d75   Thumb Code     0  printfa.o(i.__0printf)
    printf                                   0x08004d75   Thumb Code     0  printfa.o(i.__0printf)
    __0vsnprintf                             0x08004d95   Thumb Code    40  printfa.o(i.__0vsnprintf)
    __1vsnprintf                             0x08004d95   Thumb Code     0  printfa.o(i.__0vsnprintf)
    __2vsnprintf                             0x08004d95   Thumb Code     0  printfa.o(i.__0vsnprintf)
    __c89vsnprintf                           0x08004d95   Thumb Code     0  printfa.o(i.__0vsnprintf)
    vsnprintf                                0x08004d95   Thumb Code     0  printfa.o(i.__0vsnprintf)
    __scatterload_copy                       0x08004dc1   Thumb Code    14  handlers.o(i.__scatterload_copy)
    __scatterload_null                       0x08004dcf   Thumb Code     2  handlers.o(i.__scatterload_null)
    __scatterload_zeroinit                   0x08004dd1   Thumb Code    14  handlers.o(i.__scatterload_zeroinit)
    crc16tab                                 0x080056a8   Data         512  prjlib.o(.constdata)
    crc32tab                                 0x080058a8   Data        1024  prjlib.o(.constdata)
    g_day_per_mon                            0x08005ca8   Data          12  rtc.o(.constdata)
    table_week                               0x08005cb4   Data          12  rtc.o(.constdata)
    mon_table                                0x08005cc0   Data          12  rtc.o(.constdata)
    __ctype_table                            0x08005ccc   Data         129  ctype_o.o(.constdata)
    Region$$Table$$Base                      0x08005d68   Number         0  anon$$obj.o(Region$$Table)
    Region$$Table$$Limit                     0x08005d88   Number         0  anon$$obj.o(Region$$Table)
    time                                     0x20000000   Data           4  main.o(.data)
    SystemCoreClock                          0x20000020   Data           4  system_stm32f10x.o(.data)
    AHBPrescTable                            0x20000024   Data          16  system_stm32f10x.o(.data)
    timer3_tick                              0x20000034   Data           4  timer.o(.data)
    data                                     0x20000040   Data           8  analysis_protocol.o(.data)
    g_start_cmd                              0x20000064   Data           7  ananlysis_data.o(.data)
    machine                                  0x20000070   Data           4  moto.o(.data)
    motoDef                                  0x20000074   Data          16  moto.o(.data)
    errorDef                                 0x20000084   Data           3  moto.o(.data)
    Pin_Array                                0x20000088   Data         624  moto.o(.data)
    __stdout                                 0x20000314   Data           4  stdout.o(.data)
    rx_fifo_Gun_Def                          0x20000318   Data          16  fifo.o(.bss)
    rx_fifo_Screen_Def                       0x20000328   Data          16  fifo.o(.bss)
    timerlist                                0x20000338   Data          80  timer.o(.bss)
    CmdRecBuf                                0x20000388   Data        1024  analysis_protocol.o(.bss)
    g_bar_code                               0x20000788   Data          50  ananlysis_data.o(.bss)
    gs_screen_rx_buff                        0x200007ba   Data        1024  usart.o(.bss)
    calendar                                 0x20000fba   Data          10  rtc.o(.bss)
    __initial_sp                             0x200013f0   Data           0  startup_stm32f10x_hd.o(STACK)



==============================================================================

Memory Map of the image

  Image Entry point : 0x08000131

  Load Region LR_IROM1 (Base: 0x08000000, Size: 0x000060a0, Max: 0x00080000, ABSOLUTE, COMPRESSED[0x00005ee0])

    Execution Region ER_IROM1 (Exec base: 0x08000000, Load base: 0x08000000, Size: 0x00005d88, Max: 0x00080000, ABSOLUTE)

    Exec Addr    Load Addr    Size         Type   Attr      Idx    E Section Name        Object

    0x08000000   0x08000000   0x00000130   Data   RO          478    RESET               startup_stm32f10x_hd.o
    0x08000130   0x08000130   0x00000000   Code   RO          613  * .ARM.Collect$$$$00000000  mc_w.l(entry.o)
    0x08000130   0x08000130   0x00000004   Code   RO          929    .ARM.Collect$$$$00000001  mc_w.l(entry2.o)
    0x08000134   0x08000134   0x00000004   Code   RO          932    .ARM.Collect$$$$00000004  mc_w.l(entry5.o)
    0x08000138   0x08000138   0x00000000   Code   RO          934    .ARM.Collect$$$$00000008  mc_w.l(entry7b.o)
    0x08000138   0x08000138   0x00000000   Code   RO          936    .ARM.Collect$$$$0000000A  mc_w.l(entry8b.o)
    0x08000138   0x08000138   0x00000008   Code   RO          937    .ARM.Collect$$$$0000000B  mc_w.l(entry9a.o)
    0x08000140   0x08000140   0x00000000   Code   RO          939    .ARM.Collect$$$$0000000D  mc_w.l(entry10a.o)
    0x08000140   0x08000140   0x00000000   Code   RO          941    .ARM.Collect$$$$0000000F  mc_w.l(entry11a.o)
    0x08000140   0x08000140   0x00000004   Code   RO          930    .ARM.Collect$$$$00002712  mc_w.l(entry2.o)
    0x08000144   0x08000144   0x0000020c   Code   RO            1    .text               fifo.o
    0x08000350   0x08000350   0x000001a0   Code   RO          120    .text               main.o
    0x080004f0   0x080004f0   0x00000dbc   Code   RO          192    .text               prjlib.o
    0x080012ac   0x080012ac   0x0000001a   Code   RO          218    .text               stm32f10x_it.o
    0x080012c6   0x080012c6   0x00000002   PAD
    0x080012c8   0x080012c8   0x000001e4   Code   RO          233    .text               system_stm32f10x.o
    0x080014ac   0x080014ac   0x00000128   Code   RO          251    .text               timer.o
    0x080015d4   0x080015d4   0x00000230   Code   RO          268    .text               analysis_protocol.o
    0x08001804   0x08001804   0x00000154   Code   RO          292    .text               ananlysis_data.o
    0x08001958   0x08001958   0x00000320   Code   RO          322    .text               schedule.o
    0x08001c78   0x08001c78   0x00000068   Code   RO          355    .text               key.o
    0x08001ce0   0x08001ce0   0x00000090   Code   RO          368    .text               gun.o
    0x08001d70   0x08001d70   0x00000230   Code   RO          381    .text               moto.o
    0x08001fa0   0x08001fa0   0x0000002c   Code   RO          400    .text               wdg.o
    0x08001fcc   0x08001fcc   0x000000f4   Code   RO          412    .text               delay.o
    0x080020c0   0x080020c0   0x000002b8   Code   RO          443    .text               usart.o
    0x08002378   0x08002378   0x00000024   Code   RO          479    .text               startup_stm32f10x_hd.o
    0x0800239c   0x0800239c   0x000000dc   Code   RO          483    .text               misc.o
    0x08002478   0x08002478   0x0000035c   Code   RO          495    .text               stm32f10x_gpio.o
    0x080027d4   0x080027d4   0x000003a8   Code   RO          507    .text               stm32f10x_rcc.o
    0x08002b7c   0x08002b7c   0x00000408   Code   RO          521    .text               stm32f10x_usart.o
    0x08002f84   0x08002f84   0x00000e1a   Code   RO          533    .text               stm32f10x_tim.o
    0x08003d9e   0x08003d9e   0x00000002   PAD
    0x08003da0   0x08003da0   0x000000c4   Code   RO          545    .text               stm32f10x_bkp.o
    0x08003e64   0x08003e64   0x00000148   Code   RO          557    .text               stm32f10x_rtc.o
    0x08003fac   0x08003fac   0x000000cc   Code   RO          569    .text               stm32f10x_pwr.o
    0x08004078   0x08004078   0x00000040   Code   RO          581    .text               stm32f10x_iwdg.o
    0x080040b8   0x080040b8   0x000005ca   Code   RO          593    .text               rtc.o
    0x08004682   0x08004682   0x00000002   PAD
    0x08004684   0x08004684   0x00000008   Code   RO          616    .text               mc_w.l(ctype_o.o)
    0x0800468c   0x0800468c   0x00000094   Code   RO          644    .text               mc_w.l(localtime.o)
    0x08004720   0x08004720   0x00000024   Code   RO          648    .text               mc_w.l(memcpya.o)
    0x08004744   0x08004744   0x00000024   Code   RO          650    .text               mc_w.l(memseta.o)
    0x08004768   0x08004768   0x00000018   Code   RO          652    .text               mc_w.l(strcat.o)
    0x08004780   0x08004780   0x0000000e   Code   RO          654    .text               mc_w.l(strlen.o)
    0x0800478e   0x0800478e   0x0000001c   Code   RO          656    .text               mc_w.l(strcmp.o)
    0x080047aa   0x080047aa   0x00000012   Code   RO          658    .text               mc_w.l(strcpy.o)
    0x080047bc   0x080047bc   0x0000014e   Code   RO          923    .text               mf_w.l(dadd.o)
    0x0800490a   0x0800490a   0x000000de   Code   RO          925    .text               mf_w.l(ddiv.o)
    0x080049e8   0x080049e8   0x0000001a   Code   RO          927    .text               mf_w.l(dfltui.o)
    0x08004a02   0x08004a02   0x0000002c   Code   RO          944    .text               mc_w.l(uidiv.o)
    0x08004a2e   0x08004a2e   0x00000062   Code   RO          946    .text               mc_w.l(uldiv.o)
    0x08004a90   0x08004a90   0x0000001e   Code   RO          948    .text               mc_w.l(llshl.o)
    0x08004aae   0x08004aae   0x00000024   Code   RO          950    .text               mc_w.l(llsshr.o)
    0x08004ad2   0x08004ad2   0x00000000   Code   RO          952    .text               mc_w.l(iusefp.o)
    0x08004ad2   0x08004ad2   0x000000ba   Code   RO          953    .text               mf_w.l(depilogue.o)
    0x08004b8c   0x08004b8c   0x000000e4   Code   RO          955    .text               mf_w.l(dmul.o)
    0x08004c70   0x08004c70   0x00000030   Code   RO          957    .text               mf_w.l(dfixul.o)
    0x08004ca0   0x08004ca0   0x00000030   Code   RO          959    .text               mf_w.l(cdrcmple.o)
    0x08004cd0   0x08004cd0   0x00000024   Code   RO          961    .text               mc_w.l(init.o)
    0x08004cf4   0x08004cf4   0x00000020   Code   RO          963    .text               mc_w.l(llushr.o)
    0x08004d14   0x08004d14   0x0000005e   Code   RO          973    .text               mc_w.l(__dclz77c.o)
    0x08004d72   0x08004d72   0x00000002   PAD
    0x08004d74   0x08004d74   0x00000020   Code   RO          895    i.__0printf         mc_w.l(printfa.o)
    0x08004d94   0x08004d94   0x0000002c   Code   RO          900    i.__0vsnprintf      mc_w.l(printfa.o)
    0x08004dc0   0x08004dc0   0x0000000e   Code   RO          967    i.__scatterload_copy  mc_w.l(handlers.o)
    0x08004dce   0x08004dce   0x00000002   Code   RO          968    i.__scatterload_null  mc_w.l(handlers.o)
    0x08004dd0   0x08004dd0   0x0000000e   Code   RO          969    i.__scatterload_zeroinit  mc_w.l(handlers.o)
    0x08004dde   0x08004dde   0x00000002   PAD
    0x08004de0   0x08004de0   0x00000184   Code   RO          902    i._fp_digits        mc_w.l(printfa.o)
    0x08004f64   0x08004f64   0x000006dc   Code   RO          903    i._printf_core      mc_w.l(printfa.o)
    0x08005640   0x08005640   0x00000024   Code   RO          904    i._printf_post_padding  mc_w.l(printfa.o)
    0x08005664   0x08005664   0x0000002e   Code   RO          905    i._printf_pre_padding  mc_w.l(printfa.o)
    0x08005692   0x08005692   0x00000016   Code   RO          906    i._snputc           mc_w.l(printfa.o)
    0x080056a8   0x080056a8   0x00000600   Data   RO          193    .constdata          prjlib.o
    0x08005ca8   0x08005ca8   0x00000024   Data   RO          595    .constdata          rtc.o
    0x08005ccc   0x08005ccc   0x00000081   Data   RO          617    .constdata          mc_w.l(ctype_o.o)
    0x08005d4d   0x08005d4d   0x00000003   PAD
    0x08005d50   0x08005d50   0x00000004   Data   RO          618    .constdata          mc_w.l(ctype_o.o)
    0x08005d54   0x08005d54   0x0000000c   Data   RO          646    .constdata          mc_w.l(localtime.o)
    0x08005d60   0x08005d60   0x00000005   Data   RO          121    .conststring        main.o
    0x08005d65   0x08005d65   0x00000003   PAD
    0x08005d68   0x08005d68   0x00000020   Data   RO          965    Region$$Table       anon$$obj.o


    Execution Region RW_IRAM1 (Exec base: 0x20000000, Load base: 0x08005d88, Size: 0x000013f0, Max: 0x00010000, ABSOLUTE, COMPRESSED[0x00000158])

    Exec Addr    Load Addr    Size         Type   Attr      Idx    E Section Name        Object

    0x20000000   COMPRESSED   0x00000016   Data   RW          122    .data               main.o
    0x20000016   COMPRESSED   0x00000002   PAD
    0x20000018   COMPRESSED   0x00000008   Data   RW          194    .data               prjlib.o
    0x20000020   COMPRESSED   0x00000014   Data   RW          234    .data               system_stm32f10x.o
    0x20000034   COMPRESSED   0x0000000c   Data   RW          253    .data               timer.o
    0x20000040   COMPRESSED   0x00000024   Data   RW          270    .data               analysis_protocol.o
    0x20000064   COMPRESSED   0x00000007   Data   RW          294    .data               ananlysis_data.o
    0x2000006b   COMPRESSED   0x00000001   Data   RW          323    .data               schedule.o
    0x2000006c   COMPRESSED   0x00000001   Data   RW          356    .data               key.o
    0x2000006d   COMPRESSED   0x00000003   PAD
    0x20000070   COMPRESSED   0x00000289   Data   RW          382    .data               moto.o
    0x200002f9   COMPRESSED   0x00000001   PAD
    0x200002fa   COMPRESSED   0x00000004   Data   RW          413    .data               delay.o
    0x200002fe   COMPRESSED   0x00000014   Data   RW          508    .data               stm32f10x_rcc.o
    0x20000312   COMPRESSED   0x00000002   Data   RW          596    .data               rtc.o
    0x20000314   COMPRESSED   0x00000004   Data   RW          943    .data               mc_w.l(stdout.o)
    0x20000318        -       0x00000020   Zero   RW            2    .bss                fifo.o
    0x20000338        -       0x00000050   Zero   RW          252    .bss                timer.o
    0x20000388        -       0x00000400   Zero   RW          269    .bss                analysis_protocol.o
    0x20000788        -       0x00000032   Zero   RW          293    .bss                ananlysis_data.o
    0x200007ba        -       0x00000800   Zero   RW          444    .bss                usart.o
    0x20000fba        -       0x0000000a   Zero   RW          594    .bss                rtc.o
    0x20000fc4        -       0x0000002c   Zero   RW          645    .bss                mc_w.l(localtime.o)
    0x20000ff0        -       0x00000400   Zero   RW          476    STACK               startup_stm32f10x_hd.o


==============================================================================

Image component sizes


      Code (inc. data)   RO Data    RW Data    ZI Data      Debug   Object Name

       560         40          0         36       1024       3003   analysis_protocol.o
       340         16          0          7         50       3831   ananlysis_data.o
       244         18          0          4          0       1180   delay.o
       524          8          0          0         32     258904   fifo.o
       144         22          0          0          0       1381   gun.o
       104         10          0          1          0        736   key.o
       416         70          5         22          0       9561   main.o
       220         22          0          0          0       1773   misc.o
       560         26          0        649          0       2503   moto.o
      3516         24       1536          8          0      21007   prjlib.o
      1482         70         36          2         10       5844   rtc.o
       800         32          0          1          0       1250   schedule.o
        36          8        304          0       1024        780   startup_stm32f10x_hd.o
       196          8          0          0          0       3472   stm32f10x_bkp.o
       860         38          0          0          0       5705   stm32f10x_gpio.o
        26          0          0          0          0       1174   stm32f10x_it.o
        64          6          0          0          0       1265   stm32f10x_iwdg.o
       204         14          0          0          0       1939   stm32f10x_pwr.o
       936         40          0         20          0       8872   stm32f10x_rcc.o
       328          4          0          0          0       2710   stm32f10x_rtc.o
      3610         88          0          0          0      22816   stm32f10x_tim.o
      1032         22          0          0          0       8432   stm32f10x_usart.o
         0          0          0          0          0         32   sys.o
       484         42          0         20          0       1719   system_stm32f10x.o
       296         16          0         12         80       2124   timer.o
       696         30          0          0       2048       5155   usart.o
        44          0          0          0          0        650   wdg.o

    ----------------------------------------------------------------------
     17728        674       1916        788       4268     377818   Object Totals
         0          0         32          0          0          0   (incl. Generated)
         6          0          3          6          0          0   (incl. Padding)

    ----------------------------------------------------------------------

      Code (inc. data)   RO Data    RW Data    ZI Data      Debug   Library Member Name

        94          0          0          0          0          0   __dclz77c.o
         8          4        133          0          0         68   ctype_o.o
         0          0          0          0          0          0   entry.o
         0          0          0          0          0          0   entry10a.o
         0          0          0          0          0          0   entry11a.o
         8          4          0          0          0          0   entry2.o
         4          0          0          0          0          0   entry5.o
         0          0          0          0          0          0   entry7b.o
         0          0          0          0          0          0   entry8b.o
         8          4          0          0          0          0   entry9a.o
        30          0          0          0          0          0   handlers.o
        36          8          0          0          0         68   init.o
         0          0          0          0          0          0   iusefp.o
        30          0          0          0          0         68   llshl.o
        36          0          0          0          0         68   llsshr.o
        32          0          0          0          0         68   llushr.o
       148         10         12          0         44         76   localtime.o
        36          0          0          0          0         68   memcpya.o
        36          0          0          0          0        108   memseta.o
      2324         94          0          0          0        600   printfa.o
         0          0          0          4          0          0   stdout.o
        24          0          0          0          0         68   strcat.o
        28          0          0          0          0         76   strcmp.o
        18          0          0          0          0         68   strcpy.o
        14          0          0          0          0         68   strlen.o
        44          0          0          0          0         80   uidiv.o
        98          0          0          0          0         92   uldiv.o
        48          0          0          0          0         68   cdrcmple.o
       334          0          0          0          0        148   dadd.o
       222          0          0          0          0        100   ddiv.o
       186          0          0          0          0        176   depilogue.o
        48          0          0          0          0         68   dfixul.o
        26          0          0          0          0         76   dfltui.o
       228          0          0          0          0         96   dmul.o

    ----------------------------------------------------------------------
      4152        124        148          4         44       2376   Library Totals
         4          0          3          0          0          0   (incl. Padding)

    ----------------------------------------------------------------------

      Code (inc. data)   RO Data    RW Data    ZI Data      Debug   Library Name

      3056        124        145          4         44       1644   mc_w.l
      1092          0          0          0          0        732   mf_w.l

    ----------------------------------------------------------------------
      4152        124        148          4         44       2376   Library Totals

    ----------------------------------------------------------------------

==============================================================================


      Code (inc. data)   RO Data    RW Data    ZI Data      Debug   

     21880        798       2064        792       4312     376630   Grand Totals
     21880        798       2064        344       4312     376630   ELF Image Totals (compressed)
     21880        798       2064        344          0          0   ROM Totals

==============================================================================

    Total RO  Size (Code + RO Data)                23944 (  23.38kB)
    Total RW  Size (RW Data + ZI Data)              5104 (   4.98kB)
    Total ROM Size (Code + RO Data + RW Data)      24288 (  23.72kB)

==============================================================================

