Component: ARM Compiler 5.05 update 1 (build 106) Tool: armlink [4d0efa]

==============================================================================

Section Cross References

    fifo.o(.text) refers to fifo.o(.bss) for rx_fifo_Screen_Def
    main.o(.text) refers to prjlib.o(.text) for Cmd_AddEntrance
    main.o(.text) refers to delay.o(.text) for delay_init
    main.o(.text) refers to misc.o(.text) for NVIC_PriorityGroupConfig
    main.o(.text) refers to usart.o(.text) for uart1_init
    main.o(.text) refers to moto.o(.text) for Moto_Init
    main.o(.text) refers to printf1.o(i.__0printf$1) for __2printf
    main.o(.text) refers to rtc.o(.text) for RTC_Init
    main.o(.text) refers to wdg.o(.text) for IWDG_Init
    main.o(.text) refers to analysis_protocol.o(.text) for Gun_CommandReceive_Poll
    main.o(.text) refers to schedule.o(.text) for Start_Schedule
    main.o(.text) refers to strcmp.o(.text) for strcmp
    main.o(.text) refers to main.o(.data) for CmdEntrance_MOTO
    main.o(.text) refers to main.o(.bss) for fff
    main.o(.text) refers to moto.o(.data) for motoDef
    main.o(.data) refers to main.o(.conststring) for .conststring
    main.o(.data) refers to main.o(.text) for funControl
    prjlib.o(.text) refers to strlen.o(.text) for strlen
    prjlib.o(.text) refers to ctype_o.o(.text) for __rt_ctype_table
    prjlib.o(.text) refers to dfltui.o(.text) for __aeabi_ui2d
    prjlib.o(.text) refers to ddiv.o(.text) for __aeabi_ddiv
    prjlib.o(.text) refers to dadd.o(.text) for __aeabi_dadd
    prjlib.o(.text) refers to strcpy.o(.text) for strcpy
    prjlib.o(.text) refers to memseta.o(.text) for __aeabi_memset
    prjlib.o(.text) refers to strcat.o(.text) for strcat
    prjlib.o(.text) refers to memcpya.o(.text) for __aeabi_memcpy
    prjlib.o(.text) refers to strcmp.o(.text) for strcmp
    prjlib.o(.text) refers to prjlib.o(.constdata) for crc16tab
    prjlib.o(.text) refers to prjlib.o(.data) for firstEnt
    system_stm32f10x.o(.text) refers to system_stm32f10x.o(.data) for SystemCoreClock
    timer.o(.text) refers to stm32f10x_rcc.o(.text) for RCC_APB1PeriphClockCmd
    timer.o(.text) refers to stm32f10x_tim.o(.text) for TIM_TimeBaseInit
    timer.o(.text) refers to misc.o(.text) for NVIC_Init
    timer.o(.text) refers to timer.o(.bss) for timerlist
    timer.o(.text) refers to timer.o(.data) for timer3_tick
    timer.o(.text) refers to moto.o(.data) for motoDef
    analysis_protocol.o(.text) refers to ctype_o.o(.text) for __rt_ctype_table
    analysis_protocol.o(.text) refers to prjlib.o(.text) for Cmd_Handle
    analysis_protocol.o(.text) refers to delay.o(.text) for delay_ms
    analysis_protocol.o(.text) refers to fifo.o(.text) for app_uart_get
    analysis_protocol.o(.text) refers to strcpy.o(.text) for strcpy
    analysis_protocol.o(.text) refers to ananlysis_data.o(.text) for Get_Time
    analysis_protocol.o(.text) refers to analysis_protocol.o(.bss) for CmdRecBuf
    analysis_protocol.o(.text) refers to ananlysis_data.o(.bss) for g_bar_code
    analysis_protocol.o(.text) refers to moto.o(.data) for errorDef
    ananlysis_data.o(.text) refers to printf1.o(i.__0printf$1) for __2printf
    ananlysis_data.o(.text) refers to memseta.o(.text) for __aeabi_memclr4
    ananlysis_data.o(.text) refers to usart.o(.text) for Uart_Send_Data
    ananlysis_data.o(.text) refers to moto.o(.data) for motoDef
    ananlysis_data.o(.text) refers to ananlysis_data.o(.data) for g_start_cmd
    ananlysis_data.o(.text) refers to ananlysis_data.o(.bss) for g_bar_code
    schedule.o(.text) refers to moto.o(.text) for Check_Moto
    schedule.o(.text) refers to ananlysis_data.o(.text) for Report_State
    schedule.o(.text) refers to delay.o(.text) for delay_ms
    schedule.o(.text) refers to gun.o(.text) for Set_Gun
    schedule.o(.text) refers to moto.o(.data) for motoDef
    schedule.o(.text) refers to schedule.o(.data) for check_flag
    schedule.o(.text) refers to ananlysis_data.o(.data) for g_start_cmd
    led.o(.text) refers to stm32f10x_rcc.o(.text) for RCC_APB2PeriphClockCmd
    led.o(.text) refers to stm32f10x_gpio.o(.text) for GPIO_Init
    key.o(.text) refers to stm32f10x_rcc.o(.text) for RCC_APB2PeriphClockCmd
    key.o(.text) refers to stm32f10x_gpio.o(.text) for GPIO_Init
    key.o(.text) refers to delay.o(.text) for delay_ms
    key.o(.text) refers to key.o(.data) for key_up
    gun.o(.text) refers to strcmp.o(.text) for strcmp
    gun.o(.text) refers to strlen.o(.text) for strlen
    gun.o(.text) refers to ananlysis_data.o(.text) for Report_State
    gun.o(.text) refers to delay.o(.text) for delay_ms
    gun.o(.text) refers to ananlysis_data.o(.data) for g_start_cmd
    gun.o(.text) refers to moto.o(.data) for errorDef
    gun.o(.text) refers to ananlysis_data.o(.bss) for g_bar_code
    moto.o(.text) refers to stm32f10x_rcc.o(.text) for RCC_APB2PeriphClockCmd
    moto.o(.text) refers to stm32f10x_gpio.o(.text) for GPIO_PinRemapConfig
    moto.o(.text) refers to delay.o(.text) for delay_ms
[...]
    printfa.o(i.__0snprintf) refers to printfa.o(i._snputc) for _snputc
    printfa.o(i.__0sprintf) refers (Special) to iusefp.o(.text) for __I$use$fp
    printfa.o(i.__0sprintf) refers to printfa.o(i._printf_core) for _printf_core
    printfa.o(i.__0sprintf) refers to printfa.o(i._sputc) for _sputc
    printfa.o(i.__0vfprintf) refers (Special) to iusefp.o(.text) for __I$use$fp
    printfa.o(i.__0vfprintf) refers to printfa.o(i._printf_core) for _printf_core
    printfa.o(i.__0vfprintf) refers to usart.o(.text) for fputc
    printfa.o(i.__0vprintf) refers (Special) to iusefp.o(.text) for __I$use$fp
    printfa.o(i.__0vprintf) refers to printfa.o(i._printf_core) for _printf_core
    printfa.o(i.__0vprintf) refers to usart.o(.text) for fputc
    printfa.o(i.__0vprintf) refers to stdout.o(.data) for __stdout
    printfa.o(i.__0vsnprintf) refers (Special) to iusefp.o(.text) for __I$use$fp
    printfa.o(i.__0vsnprintf) refers to printfa.o(i._printf_core) for _printf_core
    printfa.o(i.__0vsnprintf) refers to printfa.o(i._snputc) for _snputc
    printfa.o(i.__0vsprintf) refers (Special) to iusefp.o(.text) for __I$use$fp
    printfa.o(i.__0vsprintf) refers to printfa.o(i._printf_core) for _printf_core
    printfa.o(i.__0vsprintf) refers to printfa.o(i._sputc) for _sputc
    printfa.o(i._fp_digits) refers (Special) to iusefp.o(.text) for __I$use$fp
    printfa.o(i._fp_digits) refers to dmul.o(.text) for __aeabi_dmul
    printfa.o(i._fp_digits) refers to ddiv.o(.text) for __aeabi_ddiv
    printfa.o(i._fp_digits) refers to cdrcmple.o(.text) for __aeabi_cdrcmple
    printfa.o(i._fp_digits) refers to dadd.o(.text) for __aeabi_dadd
    printfa.o(i._fp_digits) refers to dfixul.o(.text) for __aeabi_d2ulz
    printfa.o(i._fp_digits) refers to uldiv.o(.text) for __aeabi_uldivmod
    printfa.o(i._printf_core) refers (Special) to iusefp.o(.text) for __I$use$fp
    printfa.o(i._printf_core) refers to printfa.o(i._printf_pre_padding) for _printf_pre_padding
    printfa.o(i._printf_core) refers to uldiv.o(.text) for __aeabi_uldivmod
    printfa.o(i._printf_core) refers to printfa.o(i._printf_post_padding) for _printf_post_padding
    printfa.o(i._printf_core) refers to printfa.o(i._fp_digits) for _fp_digits
    printfa.o(i._printf_core) refers to uidiv.o(.text) for __aeabi_uidivmod
    printfa.o(i._printf_post_padding) refers (Special) to iusefp.o(.text) for __I$use$fp
    printfa.o(i._printf_pre_padding) refers (Special) to iusefp.o(.text) for __I$use$fp
    printfa.o(i._snputc) refers (Special) to iusefp.o(.text) for __I$use$fp
    printfa.o(i._sputc) refers (Special) to iusefp.o(.text) for __I$use$fp
    dadd.o(.text) refers (Special) to iusefp.o(.text) for __I$use$fp
    dadd.o(.text) refers to llshl.o(.text) for __aeabi_llsl
    dadd.o(.text) refers to llsshr.o(.text) for __aeabi_lasr
    dadd.o(.text) refers to depilogue.o(.text) for _double_epilogue
    ddiv.o(.text) refers (Special) to iusefp.o(.text) for __I$use$fp
    ddiv.o(.text) refers to depilogue.o(.text) for _double_round
    dfltui.o(.text) refers (Special) to iusefp.o(.text) for __I$use$fp
    dfltui.o(.text) refers to depilogue.o(.text) for _double_epilogue
    entry2.o(.ARM.Collect$$$$00000001) refers to entry2.o(.ARM.Collect$$$$00002712) for __lit__00000000
    entry2.o(.ARM.Collect$$$$00002712) refers to startup_stm32f10x_hd.o(STACK) for __initial_sp
    entry2.o(__vectab_stack_and_reset_area) refers to startup_stm32f10x_hd.o(STACK) for __initial_sp
    entry2.o(__vectab_stack_and_reset_area) refers to entry.o(.ARM.Collect$$$$00000000) for __main
    entry5.o(.ARM.Collect$$$$00000004) refers to init.o(.text) for __scatterload
    entry9a.o(.ARM.Collect$$$$0000000B) refers to main.o(.text) for main
    entry9b.o(.ARM.Collect$$$$0000000C) refers to main.o(.text) for main
    uldiv.o(.text) refers to llushr.o(.text) for __aeabi_llsr
    uldiv.o(.text) refers to llshl.o(.text) for __aeabi_llsl
    depilogue.o(.text) refers to llshl.o(.text) for __aeabi_llsl
    depilogue.o(.text) refers to llushr.o(.text) for __aeabi_llsr
    dmul.o(.text) refers to depilogue.o(.text) for _double_epilogue
    dfixul.o(.text) refers to llushr.o(.text) for __aeabi_llsr
    dfixul.o(.text) refers to llshl.o(.text) for __aeabi_llsl
    init.o(.text) refers to entry5.o(.ARM.Collect$$$$00000004) for __main_after_scatterload


==============================================================================

Removing Unused input sections from the image.

    Removing led.o(.text), (56 bytes).
    Removing key.o(.text), (236 bytes).
    Removing key.o(.data), (1 bytes).
    Removing sys.o(.emb_text), (6 bytes).
    Removing sys.o(.text), (12 bytes).
    Removing core_cm3.o(.emb_text), (32 bytes).
    Removing startup_stm32f10x_hd.o(HEAP), (512 bytes).

7 unused section(s) (total 855 bytes) removed from the image.

==============================================================================

Image Symbol Table

    Local Symbols

    Symbol Name                              Value     Ov Type        Size  Object(Section)

    ../clib/../cmprslib/lz77c.c              0x00000000   Number         0  __dclz77c.o ABSOLUTE
    ../clib/microlib/ctype/ctype.c           0x00000000   Number         0  isprint_o.o ABSOLUTE
    ../clib/microlib/ctype/ctype.c           0x00000000   Number         0  islower_o.o ABSOLUTE
    ../clib/microlib/ctype/ctype.c           0x00000000   Number         0  isgraph_o.o ABSOLUTE
    ../clib/microlib/ctype/ctype.c           0x00000000   Number         0  isdigit_o.o ABSOLUTE
    ../clib/microlib/ctype/ctype.c           0x00000000   Number         0  iscntrl_o.o ABSOLUTE
    ../clib/microlib/ctype/ctype.c           0x00000000   Number         0  isblank_o.o ABSOLUTE
    ../clib/microlib/ctype/ctype.c           0x00000000   Number         0  ctype_o.o ABSOLUTE
    ../clib/microlib/ctype/ctype.c           0x00000000   Number         0  isxdigit_o.o ABSOLUTE
    ../clib/microlib/ctype/ctype.c           0x00000000   Number         0  isupper_o.o ABSOLUTE
    ../clib/microlib/ctype/ctype.c           0x00000000   Number         0  isalnum_o.o ABSOLUTE
    ../clib/microlib/ctype/ctype.c           0x00000000   Number         0  isspace_o.o ABSOLUTE
    ../clib/microlib/ctype/ctype.c           0x00000000   Number         0  ispunct_o.o ABSOLUTE
    ../clib/microlib/ctype/ctype.c           0x00000000   Number         0  isalpha_o.o ABSOLUTE
    ../clib/microlib/division.c              0x00000000   Number         0  uldiv.o ABSOLUTE
    ../clib/microlib/division.c              0x00000000   Number         0  uidiv.o ABSOLUTE
    ../clib/microlib/init/entry.s            0x00000000   Number         0  entry8a.o ABSOLUTE
    ../clib/microlib/init/entry.s            0x00000000   Number         0  entry8b.o ABSOLUTE
    ../clib/microlib/init/entry.s            0x00000000   Number         0  entry.o ABSOLUTE
    ../clib/microlib/init/entry.s            0x00000000   Number         0  entry2.o ABSOLUTE
    ../clib/microlib/init/entry.s            0x00000000   Number         0  entry9a.o ABSOLUTE
    ../clib/microlib/init/entry.s            0x00000000   Number         0  entry9b.o ABSOLUTE
    ../clib/microlib/init/entry.s            0x00000000   Number         0  entry10a.o ABSOLUTE
    ../clib/microlib/init/entry.s            0x00000000   Number         0  entry10b.o ABSOLUTE
    ../clib/microlib/init/entry.s            0x00000000   Number         0  entry11a.o ABSOLUTE
    ../clib/microlib/init/entry.s            0x00000000   Number         0  entry11b.o ABSOLUTE
    ../clib/microlib/init/entry.s            0x00000000   Number         0  entry7b.o ABSOLUTE
    ../clib/microlib/init/entry.s            0x00000000   Number         0  entry7a.o ABSOLUTE
    ../clib/microlib/init/entry.s            0x00000000   Number         0  entry5.o ABSOLUTE
    ../clib/microlib/longlong.c              0x00000000   Number         0  llshl.o ABSOLUTE
    ../clib/microlib/longlong.c              0x00000000   Number         0  llsshr.o ABSOLUTE
    ../clib/microlib/longlong.c              0x00000000   Number         0  llushr.o ABSOLUTE
    ../clib/microlib/printf/printf.c         0x00000000   Number         0  printf3.o ABSOLUTE
    ../clib/microlib/printf/printf.c         0x00000000   Number         0  printf2.o ABSOLUTE
    ../clib/microlib/printf/printf.c         0x00000000   Number         0  printf1.o ABSOLUTE
    ../clib/microlib/printf/printf.c         0x00000000   Number         0  printfb.o ABSOLUTE
    ../clib/microlib/printf/printf.c         0x00000000   Number         0  printf0.o ABSOLUTE
    ../clib/microlib/printf/printf.c         0x00000000   Number         0  printf7.o ABSOLUTE
    ../clib/microlib/printf/printf.c         0x00000000   Number         0  printf6.o ABSOLUTE
    ../clib/microlib/printf/printf.c         0x00000000   Number         0  printf5.o ABSOLUTE
    ../clib/microlib/printf/printf.c         0x00000000   Number         0  printf4.o ABSOLUTE
    ../clib/microlib/printf/printf.c         0x00000000   Number         0  printfa.o ABSOLUTE
    ../clib/microlib/printf/printf.c         0x00000000   Number         0  printf8.o ABSOLUTE
    ../clib/microlib/printf/stubs.s          0x00000000   Number         0  stubs.o ABSOLUTE
    ../clib/microlib/stdio/streams.c         0x00000000   Number         0  stdout.o ABSOLUTE
    ../clib/microlib/string/memcpy.c         0x00000000   Number         0  memcpya.o ABSOLUTE
    ../clib/microlib/string/memcpy.c         0x00000000   Number         0  memcpyb.o ABSOLUTE
    ../clib/microlib/string/memset.c         0x00000000   Number         0  memseta.o ABSOLUTE
    ../clib/microlib/string/strcat.c         0x00000000   Number         0  strcat.o ABSOLUTE
    ../clib/microlib/string/strcmp.c         0x00000000   Number         0  strcmp.o ABSOLUTE
    ../clib/microlib/string/strcpy.c         0x00000000   Number         0  strcpy.o ABSOLUTE
    ../clib/microlib/string/strlen.c         0x00000000   Number         0  strlen.o ABSOLUTE
    ../clib/microlib/stubs.s                 0x00000000   Number         0  iusefp.o ABSOLUTE
    ../fplib/microlib/fpadd.c                0x00000000   Number         0  dadd.o ABSOLUTE
    ../fplib/microlib/fpdiv.c                0x00000000   Number         0  ddiv.o ABSOLUTE
    ../fplib/microlib/fpepilogue.c           0x00000000   Number         0  depilogue.o ABSOLUTE
    ../fplib/microlib/fpfix.c                0x00000000   Number         0  dfixul.o ABSOLUTE
    ../fplib/microlib/fpflt.c                0x00000000   Number         0  dfltui.o ABSOLUTE
    ../fplib/microlib/fpmul.c                0x00000000   Number         0  dmul.o ABSOLUTE
    ..\CORE\core_cm3.c                       0x00000000   Number         0  core_cm3.o ABSOLUTE
    ..\CORE\startup_stm32f10x_hd.s           0x00000000   Number         0  startup_stm32f10x_hd.o ABSOLUTE
    ..\HARDWARE\KEY\key.c                    0x00000000   Number         0  key.o ABSOLUTE
    ..\HARDWARE\LED\led.c                    0x00000000   Number         0  led.o ABSOLUTE
    ..\HARDWARE\MOTO\moto.c                  0x00000000   Number         0  moto.o ABSOLUTE
    ..\HARDWARE\WDG\wdg.c                    0x00000000   Number         0  wdg.o ABSOLUTE
    ..\RTC\rtc.c                             0x00000000   Number         0  rtc.o ABSOLUTE
    ..\STM32F10x_FWLib\src\misc.c            0x00000000   Number         0  misc.o ABSOLUTE
    ..\STM32F10x_FWLib\src\stm32f10x_bkp.c   0x00000000   Number         0  stm32f10x_bkp.o ABSOLUTE
    ..\STM32F10x_FWLib\src\stm32f10x_gpio.c  0x00000000   Number         0  stm32f10x_gpio.o ABSOLUTE
    ..\STM32F10x_FWLib\src\stm32f10x_iwdg.c  0x00000000   Number         0  stm32f10x_iwdg.o ABSOLUTE
    ..\STM32F10x_FWLib\src\stm32f10x_pwr.c   0x00000000   Number         0  stm32f10x_pwr.o ABSOLUTE
    ..\STM32F10x_FWLib\src\stm32f10x_rcc.c   0x00000000   Number         0  stm32f10x_rcc.o ABSOLUTE
    ..\STM32F10x_FWLib\src\stm32f10x_rtc.c   0x00000000   Number         0  stm32f10x_rtc.o ABSOLUTE
    ..\STM32F10x_FWLib\src\stm32f10x_tim.c   0x00000000   Number         0  stm32f10x_tim.o ABSOLUTE
    ..\STM32F10x_FWLib\src\stm32f10x_usart.c 0x00000000   Number         0  stm32f10x_usart.o ABSOLUTE
    ..\SYSTEM\delay\delay.c                  0x00000000   Number         0  delay.o ABSOLUTE
    ..\SYSTEM\sys\sys.c                      0x00000000   Number         0  sys.o ABSOLUTE
    ..\SYSTEM\usart\usart.c                  0x00000000   Number         0  usart.o ABSOLUTE
    ..\\CORE\\core_cm3.c                     0x00000000   Number         0  core_cm3.o ABSOLUTE
    ..\\SYSTEM\\sys\\sys.c                   0x00000000   Number         0  sys.o ABSOLUTE
    cdrcmple.s                               0x00000000   Number         0  cdrcmple.o ABSOLUTE
    dc.s                                     0x00000000   Number         0  dc.o ABSOLUTE
    handlers.s                               0x00000000   Number         0  handlers.o ABSOLUTE
    init.s                                   0x00000000   Number         0  init.o ABSOLUTE
    src\analysis_protocol.c                  0x00000000   Number         0  analysis_protocol.o ABSOLUTE
    src\ananlysis_data.c                     0x00000000   Number         0  ananlysis_data.o ABSOLUTE
    src\fifo.c                               0x00000000   Number         0  fifo.o ABSOLUTE
    src\gun.c                                0x00000000   Number         0  gun.o ABSOLUTE
    src\main.c                               0x00000000   Number         0  main.o ABSOLUTE
    src\prjlib.c                             0x00000000   Number         0  prjlib.o ABSOLUTE
    src\schedule.c                           0x00000000   Number         0  schedule.o ABSOLUTE
    src\stm32f10x_it.c                       0x00000000   Number         0  stm32f10x_it.o ABSOLUTE
    src\system_stm32f10x.c                   0x00000000   Number         0  system_stm32f10x.o ABSOLUTE
    src\timer.c                              0x00000000   Number         0  timer.o ABSOLUTE
    RESET                                    0x08000000   Section      304  startup_stm32f10x_hd.o(RESET)
    .ARM.Collect$$$$00000000                 0x08000130   Section        0  entry.o(.ARM.Collect$$$$00000000)
    .ARM.Collect$$$$00000001                 0x08000130   Section        4  entry2.o(.ARM.Collect$$$$00000001)
    .ARM.Collect$$$$00000004                 0x08000134   Section        4  entry5.o(.ARM.Collect$$$$00000004)
    .ARM.Collect$$$$00000008                 0x08000138   Section        0  entry7b.o(.ARM.Collect$$$$00000008)
    .ARM.Collect$$$$0000000A                 0x08000138   Section        0  entry8b.o(.ARM.Collect$$$$0000000A)
    .ARM.Collect$$$$0000000B                 0x08000138   Section        8  entry9a.o(.ARM.Collect$$$$0000000B)
    .ARM.Collect$$$$0000000D                 0x08000140   Section        0  entry10a.o(.ARM.Collect$$$$0000000D)
    .ARM.Collect$$$$0000000F                 0x08000140   Section        0  entry11a.o(.ARM.Collect$$$$0000000F)
    .ARM.Collect$$$$00002712                 0x08000140   Section        4  entry2.o(.ARM.Collect$$$$00002712)
    __lit__00000000                          0x08000140   Data           4  entry2.o(.ARM.Collect$$$$00002712)
    .text                                    0x08000144   Section        0  fifo.o(.text)
    fifo_length                              0x08000145   Thumb Code    10  fifo.o(.text)
    fifo_put                                 0x0800014f   Thumb Code    18  fifo.o(.text)
    fifo_get                                 0x08000161   Thumb Code    20  fifo.o(.text)
    .text                                    0x08000350   Section        0  main.o(.text)
    funControl                               0x080003cd   Thumb Code   136  main.o(.text)
    .text                                    0x080004a8   Section        0  prjlib.o(.text)
    .text                                    0x08001264   Section        0  stm32f10x_it.o(.text)
    .text                                    0x08001280   Section        0  system_stm32f10x.o(.text)
    SetSysClockTo72                          0x08001281   Thumb Code   214  system_stm32f10x.o(.text)
    SetSysClock                              0x08001357   Thumb Code     8  system_stm32f10x.o(.text)
    .text                                    0x08001464   Section        0  timer.o(.text)
    .text                                    0x08001618   Section        0  analysis_protocol.o(.text)
    .text                                    0x08001738   Section        0  ananlysis_data.o(.text)
    .text                                    0x0800189c   Section        0  schedule.o(.text)
    .text                                    0x08001ba8   Section        0  gun.o(.text)
    .text                                    0x08001c38   Section        0  moto.o(.text)
    .text                                    0x08001dec   Section        0  wdg.o(.text)
    .text                                    0x08001e18   Section        0  delay.o(.text)
    .text                                    0x08001eec   Section        0  usart.o(.text)
    .text                                    0x080021a4   Section       36  startup_stm32f10x_hd.o(.text)
    .text                                    0x080021c8   Section        0  misc.o(.text)
    .text                                    0x080022a4   Section        0  stm32f10x_gpio.o(.text)
    .text                                    0x08002600   Section        0  stm32f10x_rcc.o(.text)
    .text                                    0x080029a8   Section        0  stm32f10x_usart.o(.text)
    .text                                    0x08002db0   Section        0  stm32f10x_tim.o(.text)
    TI4_Config                               0x08003257   Thumb Code   130  stm32f10x_tim.o(.text)
    TI3_Config                               0x080032eb   Thumb Code   122  stm32f10x_tim.o(.text)
    TI2_Config                               0x0800337f   Thumb Code   130  stm32f10x_tim.o(.text)
    TI1_Config                               0x08003413   Thumb Code   108  stm32f10x_tim.o(.text)
    .text                                    0x08003bcc   Section        0  stm32f10x_bkp.o(.text)
    .text                                    0x08003c90   Section        0  stm32f10x_rtc.o(.text)
    .text                                    0x08003dd8   Section        0  stm32f10x_pwr.o(.text)
    .text                                    0x08003ea4   Section        0  stm32f10x_iwdg.o(.text)
    .text                                    0x08003ee4   Section        0  rtc.o(.text)
    RTC_NVIC_Config                          0x08003ee5   Thumb Code    32  rtc.o(.text)
    .text                                    0x080044b0   Section        0  ctype_o.o(.text)
    .text                                    0x080044b8   Section        0  memcpya.o(.text)
    .text                                    0x080044dc   Section        0  memseta.o(.text)
    .text                                    0x08004500   Section        0  strcat.o(.text)
    .text                                    0x08004518   Section        0  strlen.o(.text)
    .text                                    0x08004526   Section        0  strcmp.o(.text)
    .text                                    0x08004542   Section        0  strcpy.o(.text)
    .text                                    0x08004554   Section        0  dadd.o(.text)
    .text                                    0x080046a2   Section        0  ddiv.o(.text)
    .text                                    0x08004780   Section        0  dfltui.o(.text)
    .text                                    0x0800479a   Section        0  uidiv.o(.text)
    .text                                    0x080047c6   Section        0  uldiv.o(.text)
    .text                                    0x08004828   Section        0  llshl.o(.text)
    .text                                    0x08004846   Section        0  llsshr.o(.text)
    .text                                    0x0800486a   Section        0  iusefp.o(.text)
    .text                                    0x0800486a   Section        0  depilogue.o(.text)
    .text                                    0x08004924   Section        0  dmul.o(.text)
    .text                                    0x08004a08   Section        0  dfixul.o(.text)
    .text                                    0x08004a38   Section       48  cdrcmple.o(.text)
    .text                                    0x08004a68   Section       36  init.o(.text)
    .text                                    0x08004a8c   Section        0  llushr.o(.text)
    .text                                    0x08004aac   Section        0  __dclz77c.o(.text)
    i.__0printf$1                            0x08004b0c   Section        0  printf1.o(i.__0printf$1)
    i.__0vsnprintf                           0x08004b2c   Section        0  printfa.o(i.__0vsnprintf)
    i.__scatterload_copy                     0x08004b50   Section       14  handlers.o(i.__scatterload_copy)
    i.__scatterload_null                     0x08004b5e   Section        2  handlers.o(i.__scatterload_null)
    i.__scatterload_zeroinit                 0x08004b60   Section       14  handlers.o(i.__scatterload_zeroinit)
    i._fp_digits                             0x08004b70   Section        0  printfa.o(i._fp_digits)
    _fp_digits                               0x08004b71   Thumb Code   334  printfa.o(i._fp_digits)
    i._printf_core                           0x08004cd4   Section        0  printf1.o(i._printf_core)
    _printf_core                             0x08004cd5   Thumb Code   336  printf1.o(i._printf_core)
    i._printf_core                           0x08004e28   Section        0  printfa.o(i._printf_core)
    _printf_core                             0x08004e29   Thumb Code  1744  printfa.o(i._printf_core)
    i._printf_post_padding                   0x08005504   Section        0  printfa.o(i._printf_post_padding)
    _printf_post_padding                     0x08005505   Thumb Code    36  printfa.o(i._printf_post_padding)
    i._printf_pre_padding                    0x08005528   Section        0  printfa.o(i._printf_pre_padding)
    _printf_pre_padding                      0x08005529   Thumb Code    46  printfa.o(i._printf_pre_padding)
    i._snputc                                0x08005556   Section        0  printfa.o(i._snputc)
    _snputc                                  0x08005557   Thumb Code    22  printfa.o(i._snputc)
    .constdata                               0x0800556c   Section     1536  prjlib.o(.constdata)
    .constdata                               0x08005b6c   Section       36  rtc.o(.constdata)
    .constdata                               0x08005b90   Section      129  ctype_o.o(.constdata)
    .constdata                               0x08005c14   Section        4  ctype_o.o(.constdata)
    table                                    0x08005c14   Data           4  ctype_o.o(.constdata)
    .conststring                             0x08005c18   Section        5  main.o(.conststring)
    .data                                    0x20000000   Section       16  main.o(.data)
    CmdEntrance_MOTO                         0x20000004   Data          12  main.o(.data)
    .data                                    0x20000010   Section        8  prjlib.o(.data)
    firstEnt                                 0x20000010   Data           4  prjlib.o(.data)
    pTWDGEnter                               0x20000014   Data           4  prjlib.o(.data)
    .data                                    0x20000018   Section       20  system_stm32f10x.o(.data)
    .data                                    0x2000002c   Section       13  timer.o(.data)
    count                                    0x20000030   Data           4  timer.o(.data)
    count1                                   0x20000034   Data           4  timer.o(.data)
    j                                        0x20000038   Data           1  timer.o(.data)
    .data                                    0x20000039   Section        7  ananlysis_data.o(.data)
    .data                                    0x20000040   Section        1  schedule.o(.data)
    check_flag                               0x20000040   Data           1  schedule.o(.data)
    .data                                    0x20000044   Section      673  moto.o(.data)
    checkflag                                0x200002e4   Data           1  moto.o(.data)
    .data                                    0x200002e6   Section        4  delay.o(.data)
    fac_us                                   0x200002e6   Data           1  delay.o(.data)
    fac_ms                                   0x200002e8   Data           2  delay.o(.data)
    .data                                    0x200002ea   Section       20  stm32f10x_rcc.o(.data)
    APBAHBPrescTable                         0x200002ea   Data          16  stm32f10x_rcc.o(.data)
    ADCPrescTable                            0x200002fa   Data           4  stm32f10x_rcc.o(.data)
    .data                                    0x200002fe   Section        2  rtc.o(.data)
    daycnt                                   0x200002fe   Data           2  rtc.o(.data)
    .data                                    0x20000300   Section        4  stdout.o(.data)
    .bss                                     0x20000304   Section       32  fifo.o(.bss)
    .bss                                     0x20000324   Section       10  main.o(.bss)
    .bss                                     0x20000330   Section       80  timer.o(.bss)
    .bss                                     0x20000380   Section      512  analysis_protocol.o(.bss)
    .bss                                     0x20000580   Section       50  ananlysis_data.o(.bss)
    .bss                                     0x200005b2   Section     1024  usart.o(.bss)
    gs_screen_rx_buff                        0x200005b2   Data         512  usart.o(.bss)
    gs_gun_rx_buff                           0x200007b2   Data         512  usart.o(.bss)
    .bss                                     0x200009b2   Section       10  rtc.o(.bss)
    STACK                                    0x200009c0   Section     1024  startup_stm32f10x_hd.o(STACK)

    Global Symbols

    Symbol Name                              Value     Ov Type        Size  Object(Section)

    BuildAttributes$$THM_ISAv4$P$D$K$B$S$PE$A:L22UL41UL21$X:L11$S22US41US21$IEEE1$IW$USESV6$~STKCKD$USESV7$~SHL$OSPACE$ROPI$EBA8$MICROLIB$REQ8$PRES8$EABIv2 0x00000000   Number         0  anon$$obj.o ABSOLUTE
    __ARM_use_no_argv                        0x00000000   Number         0  main.o ABSOLUTE
    _printf_a                                0x00000000   Number         0  stubs.o ABSOLUTE
    _printf_c                                0x00000000   Number         0  stubs.o ABSOLUTE
    _printf_charcount                        0x00000000   Number         0  stubs.o ABSOLUTE
    _printf_d                                0x00000000   Number         0  stubs.o ABSOLUTE
    _printf_e                                0x00000000   Number         0  stubs.o ABSOLUTE
    _printf_f                                0x00000000   Number         0  stubs.o ABSOLUTE
    _printf_flags                            0x00000000   Number         0  stubs.o ABSOLUTE
    _printf_fp_dec                           0x00000000   Number         0  stubs.o ABSOLUTE
    _printf_fp_hex                           0x00000000   Number         0  stubs.o ABSOLUTE
    _printf_g                                0x00000000   Number         0  stubs.o ABSOLUTE
    _printf_i                                0x00000000   Number         0  stubs.o ABSOLUTE
    _printf_int_dec                          0x00000000   Number         0  stubs.o ABSOLUTE
    _printf_l                                0x00000000   Number         0  stubs.o ABSOLUTE
    _printf_lc                               0x00000000   Number         0  stubs.o ABSOLUTE
    _printf_ll                               0x00000000   Number         0  stubs.o ABSOLUTE
    _printf_lld                              0x00000000   Number         0  stubs.o ABSOLUTE
    _printf_lli                              0x00000000   Number         0  stubs.o ABSOLUTE
    _printf_llo                              0x00000000   Number         0  stubs.o ABSOLUTE
    _printf_llu                              0x00000000   Number         0  stubs.o ABSOLUTE
    _printf_llx                              0x00000000   Number         0  stubs.o ABSOLUTE
    _printf_longlong_dec                     0x00000000   Number         0  stubs.o ABSOLUTE
    _printf_longlong_hex                     0x00000000   Number         0  stubs.o ABSOLUTE
    _printf_longlong_oct                     0x00000000   Number         0  stubs.o ABSOLUTE
    _printf_ls                               0x00000000   Number         0  stubs.o ABSOLUTE
    _printf_mbtowc                           0x00000000   Number         0  stubs.o ABSOLUTE
    _printf_n                                0x00000000   Number         0  stubs.o ABSOLUTE
    _printf_o                                0x00000000   Number         0  stubs.o ABSOLUTE
    _printf_p                                0x00000000   Number         0  stubs.o ABSOLUTE
    _printf_percent                          0x00000000   Number         0  stubs.o ABSOLUTE
    _printf_pre_padding                      0x00000000   Number         0  stubs.o ABSOLUTE
    _printf_return_value                     0x00000000   Number         0  stubs.o ABSOLUTE
    _printf_s                                0x00000000   Number         0  stubs.o ABSOLUTE
    _printf_sizespec                         0x00000000   Number         0  stubs.o ABSOLUTE
    _printf_str                              0x00000000   Number         0  stubs.o ABSOLUTE
    _printf_truncate_signed                  0x00000000   Number         0  stubs.o ABSOLUTE
    _printf_truncate_unsigned                0x00000000   Number         0  stubs.o ABSOLUTE
    _printf_u                                0x00000000   Number         0  stubs.o ABSOLUTE
    _printf_wc                               0x00000000   Number         0  stubs.o ABSOLUTE
    _printf_wctomb                           0x00000000   Number         0  stubs.o ABSOLUTE
    _printf_widthprec                        0x00000000   Number         0  stubs.o ABSOLUTE
    _printf_x                                0x00000000   Number         0  stubs.o ABSOLUTE
    __cpp_initialize__aeabi_                  - Undefined Weak Reference
    __cxa_finalize                            - Undefined Weak Reference
    _clock_init                               - Undefined Weak Reference
    _microlib_exit                            - Undefined Weak Reference
    __Vectors_Size                           0x00000130   Number         0  startup_stm32f10x_hd.o ABSOLUTE
    __Vectors                                0x08000000   Data           4  startup_stm32f10x_hd.o(RESET)
    __Vectors_End                            0x08000130   Data           0  startup_stm32f10x_hd.o(RESET)
    __main                                   0x08000131   Thumb Code     0  entry.o(.ARM.Collect$$$$00000000)
    _main_stk                                0x08000131   Thumb Code     0  entry2.o(.ARM.Collect$$$$00000001)
    _main_scatterload                        0x08000135   Thumb Code     0  entry5.o(.ARM.Collect$$$$00000004)
    __main_after_scatterload                 0x08000139   Thumb Code     0  entry5.o(.ARM.Collect$$$$00000004)
    _main_clock                              0x08000139   Thumb Code     0  entry7b.o(.ARM.Collect$$$$00000008)
    _main_cpp_init                           0x08000139   Thumb Code     0  entry8b.o(.ARM.Collect$$$$0000000A)
    _main_init                               0x08000139   Thumb Code     0  entry9a.o(.ARM.Collect$$$$0000000B)
    __rt_final_cpp                           0x08000141   Thumb Code     0  entry10a.o(.ARM.Collect$$$$0000000D)
    __rt_final_exit                          0x08000141   Thumb Code     0  entry11a.o(.ARM.Collect$$$$0000000F)
    app_fifo_init                            0x08000175   Thumb Code    36  fifo.o(.text)
    app_fifo_put                             0x08000199   Thumb Code    34  fifo.o(.text)
    app_fifo_get                             0x080001bb   Thumb Code    30  fifo.o(.text)
    app_fifo_flush                           0x080001d9   Thumb Code    10  fifo.o(.text)
    app_fifo_read                            0x080001e3   Thumb Code   106  fifo.o(.text)
    app_fifo_write                           0x0800024d   Thumb Code   110  fifo.o(.text)
    app_uart_flush                           0x080002bb   Thumb Code    58  fifo.o(.text)
    app_uart_get                             0x080002f5   Thumb Code    44  fifo.o(.text)
    app_uart_put                             0x08000321   Thumb Code    40  fifo.o(.text)
    main                                     0x08000351   Thumb Code   124  main.o(.text)
    SearchMemData                            0x080004a9   Thumb Code    66  prjlib.o(.text)
    strlen_t                                 0x080004eb   Thumb Code    20  prjlib.o(.text)
    uitoa                                    0x080004ff   Thumb Code    72  prjlib.o(.text)
    uitoax                                   0x08000547   Thumb Code    88  prjlib.o(.text)
    uatoi                                    0x0800059f   Thumb Code    42  prjlib.o(.text)
    uatoi_n                                  0x080005c9   Thumb Code    52  prjlib.o(.text)
    satoi                                    0x080005fd   Thumb Code   126  prjlib.o(.text)
    uatoix                                   0x0800067b   Thumb Code   116  prjlib.o(.text)
    uatoix_n                                 0x080006ef   Thumb Code   128  prjlib.o(.text)
    uatof                                    0x0800076f   Thumb Code   162  prjlib.o(.text)
    uitoa_d                                  0x08000811   Thumb Code    90  prjlib.o(.text)
    uitoa_n                                  0x0800086b   Thumb Code    90  prjlib.o(.text)
    sitoa                                    0x080008c5   Thumb Code    40  prjlib.o(.text)
    sitoa_n                                  0x080008ed   Thumb Code    90  prjlib.o(.text)
    int16tBS                                 0x08000947   Thumb Code    24  prjlib.o(.text)
    int32tBS                                 0x0800095f   Thumb Code    32  prjlib.o(.text)
    int64tBS                                 0x0800097f   Thumb Code    54  prjlib.o(.text)
    XORCheck                                 0x080009b5   Thumb Code    36  prjlib.o(.text)
    AddCheck                                 0x080009d9   Thumb Code    38  prjlib.o(.text)
    InitQueue                                0x080009ff   Thumb Code    28  prjlib.o(.text)
    EnQueue                                  0x08000a1b   Thumb Code   106  prjlib.o(.text)
    DeQueue                                  0x08000a85   Thumb Code   100  prjlib.o(.text)
    CRC_16                                   0x08000ae9   Thumb Code    40  prjlib.o(.text)
    crc16_compute                            0x08000b11   Thumb Code    62  prjlib.o(.text)
    CRC_32                                   0x08000b4f   Thumb Code    44  prjlib.o(.text)
    BCD_To_HEX                               0x08000b7b   Thumb Code    22  prjlib.o(.text)
    HEX_To_BCD                               0x08000b91   Thumb Code    30  prjlib.o(.text)
    BCDStr_To_Dec                            0x08000baf   Thumb Code    54  prjlib.o(.text)
    BCDStr_To_Str                            0x08000be5   Thumb Code    52  prjlib.o(.text)
    Dec_To_BCDStr                            0x08000c19   Thumb Code    56  prjlib.o(.text)
    Str2Print                                0x08000c51   Thumb Code    44  prjlib.o(.text)
    Str2Graph                                0x08000c7d   Thumb Code    44  prjlib.o(.text)
    Str2Alpha                                0x08000ca9   Thumb Code    44  prjlib.o(.text)
    StrTokenDel                              0x08000cd5   Thumb Code    30  prjlib.o(.text)
    Cmd_AddEntrance                          0x08000cf3   Thumb Code    44  prjlib.o(.text)
    Cmd_Handle                               0x08000d1f   Thumb Code   182  prjlib.o(.text)
    Cmd_ArgFind                              0x08000dd5   Thumb Code    52  prjlib.o(.text)
    delay                                    0x08000e09   Thumb Code    22  prjlib.o(.text)
    TaskWDG_Add                              0x08000e1f   Thumb Code    42  prjlib.o(.text)
    TaskWDG_Onof                             0x08000e49   Thumb Code     4  prjlib.o(.text)
    TaskWDG_Clear                            0x08000e4d   Thumb Code     6  prjlib.o(.text)
    TaskWDG_IsUpper                          0x08000e53   Thumb Code    30  prjlib.o(.text)
    TaskWDG_Tick                             0x08000e71   Thumb Code    24  prjlib.o(.text)
    FIFO_Init                                0x08000e89   Thumb Code    32  prjlib.o(.text)
    FIFO_Put                                 0x08000ea9   Thumb Code    18  prjlib.o(.text)
    FIFO_Get                                 0x08000ebb   Thumb Code    22  prjlib.o(.text)
    FIFO_Length                              0x08000ed1   Thumb Code    28  prjlib.o(.text)
    FIFO_Flush                               0x08000eed   Thumb Code     6  prjlib.o(.text)
    FIFO_Read                                0x08000ef3   Thumb Code    62  prjlib.o(.text)
    FIFO_Write                               0x08000f31   Thumb Code    66  prjlib.o(.text)
    FIFO_Query                               0x08000f73   Thumb Code    34  prjlib.o(.text)
    FIFO_cpy                                 0x08000f95   Thumb Code   106  prjlib.o(.text)
    FIFO_str                                 0x08000fff   Thumb Code   118  prjlib.o(.text)
    FIFO_cmp                                 0x08001075   Thumb Code    78  prjlib.o(.text)
    FIFO_chr                                 0x080010c3   Thumb Code    62  prjlib.o(.text)
    HexArray2Str                             0x08001101   Thumb Code    92  prjlib.o(.text)
    HexStr2Array                             0x0800115d   Thumb Code   200  prjlib.o(.text)
    HexEndingSwitc                           0x08001225   Thumb Code    36  prjlib.o(.text)
    IsCPUendianBig                           0x08001249   Thumb Code    22  prjlib.o(.text)
    NMI_Handler                              0x08001265   Thumb Code     2  stm32f10x_it.o(.text)
    HardFault_Handler                        0x08001267   Thumb Code     4  stm32f10x_it.o(.text)
    MemManage_Handler                        0x0800126b   Thumb Code     4  stm32f10x_it.o(.text)
    BusFault_Handler                         0x0800126f   Thumb Code     4  stm32f10x_it.o(.text)
    UsageFault_Handler                       0x08001273   Thumb Code     4  stm32f10x_it.o(.text)
    SVC_Handler                              0x08001277   Thumb Code     2  stm32f10x_it.o(.text)
    DebugMon_Handler                         0x08001279   Thumb Code     2  stm32f10x_it.o(.text)
    PendSV_Handler                           0x0800127b   Thumb Code     2  stm32f10x_it.o(.text)
    SysTick_Handler                          0x0800127d   Thumb Code     2  stm32f10x_it.o(.text)
    SystemInit                               0x0800135f   Thumb Code    78  system_stm32f10x.o(.text)
    SystemCoreClockUpdate                    0x080013ad   Thumb Code   142  system_stm32f10x.o(.text)
    TIM3_Int_Init                            0x08001465   Thumb Code    90  timer.o(.text)
    timer_task                               0x080014bf   Thumb Code    88  timer.o(.text)
    TIM3_IRQHandler                          0x08001517   Thumb Code   174  timer.o(.text)
    timer_enable                             0x080015c5   Thumb Code    36  timer.o(.text)
    timer_disable                            0x080015e9   Thumb Code    20  timer.o(.text)
    Screen_CommandReceive_Poll               0x08001619   Thumb Code    96  analysis_protocol.o(.text)
    Gun_CommandReceive_Poll                  0x08001679   Thumb Code    80  analysis_protocol.o(.text)
    Uart_Protocol_Cmd_Analy                  0x080016c9   Thumb Code   100  analysis_protocol.o(.text)
    Get_Time                                 0x08001739   Thumb Code     2  ananlysis_data.o(.text)
    Get_Mote_Data                            0x0800173b   Thumb Code    22  ananlysis_data.o(.text)
    Get_Lock_Data                            0x08001751   Thumb Code    24  ananlysis_data.o(.text)
    Get_Gun_Data                             0x08001769   Thumb Code    42  ananlysis_data.o(.text)
    Get_Cargo_Data                           0x08001793   Thumb Code    12  ananlysis_data.o(.text)
    Get_Back_Data                            0x0800179f   Thumb Code    18  ananlysis_data.o(.text)
    Get_Bar_Code                             0x080017b1   Thumb Code    40  ananlysis_data.o(.text)
    Report_State                             0x080017d9   Thumb Code   110  ananlysis_data.o(.text)
    Start_Borrow                             0x0800189d   Thumb Code   234  schedule.o(.text)
    Start_Repay                              0x08001987   Thumb Code   144  schedule.o(.text)
    Start_Schedule                           0x08001a17   Thumb Code   380  schedule.o(.text)
    Open_Gun                                 0x08001ba9   Thumb Code     4  gun.o(.text)
    Set_Gun                                  0x08001bad   Thumb Code    38  gun.o(.text)
    Report_Bar_Code                          0x08001bd3   Thumb Code    80  gun.o(.text)
    Moto_Init                                0x08001c39   Thumb Code   166  moto.o(.text)
    Open_xMoto                               0x08001cdf   Thumb Code    40  moto.o(.text)
    Close_xMoto                              0x08001d07   Thumb Code    40  moto.o(.text)
    Read_xMoto                               0x08001d2f   Thumb Code    38  moto.o(.text)
    Check_Moto                               0x08001d55   Thumb Code    98  moto.o(.text)
    Set_Moto                                 0x08001db7   Thumb Code    32  moto.o(.text)
    IWDG_Init                                0x08001ded   Thumb Code    36  wdg.o(.text)
    IWDG_Feed                                0x08001e11   Thumb Code     8  wdg.o(.text)
    delay_init                               0x08001e19   Thumb Code    50  delay.o(.text)
    delay_us                                 0x08001e4b   Thumb Code    72  delay.o(.text)
    delay_ms                                 0x08001e93   Thumb Code    72  delay.o(.text)
    uart1_init                               0x08001eed   Thumb Code   176  usart.o(.text)
    uart2_init                               0x08001f9d   Thumb Code   154  usart.o(.text)
    USART1_IRQHandler                        0x08002037   Thumb Code    32  usart.o(.text)
    USART2_IRQHandler                        0x08002057   Thumb Code    32  usart.o(.text)
    Gun_printf                               0x08002077   Thumb Code    86  usart.o(.text)
    fputc                                    0x080020cd   Thumb Code    32  usart.o(.text)
    Screen_printf                            0x080020ed   Thumb Code    86  usart.o(.text)
    Uart_Send_Data                           0x08002143   Thumb Code    68  usart.o(.text)
    Reset_Handler                            0x080021a5   Thumb Code     8  startup_stm32f10x_hd.o(.text)
    ADC1_2_IRQHandler                        0x080021bf   Thumb Code     0  startup_stm32f10x_hd.o(.text)
    ADC3_IRQHandler                          0x080021bf   Thumb Code     0  startup_stm32f10x_hd.o(.text)
    CAN1_RX1_IRQHandler                      0x080021bf   Thumb Code     0  startup_stm32f10x_hd.o(.text)
    CAN1_SCE_IRQHandler                      0x080021bf   Thumb Code     0  startup_stm32f10x_hd.o(.text)
    DMA1_Channel1_IRQHandler                 0x080021bf   Thumb Code     0  startup_stm32f10x_hd.o(.text)
    DMA1_Channel2_IRQHandler                 0x080021bf   Thumb Code     0  startup_stm32f10x_hd.o(.text)
    DMA1_Channel3_IRQHandler                 0x080021bf   Thumb Code     0  startup_stm32f10x_hd.o(.text)
    DMA1_Channel4_IRQHandler                 0x080021bf   Thumb Code     0  startup_stm32f10x_hd.o(.text)
    DMA1_Channel5_IRQHandler                 0x080021bf   Thumb Code     0  startup_stm32f10x_hd.o(.text)
    DMA1_Channel6_IRQHandler                 0x080021bf   Thumb Code     0  startup_stm32f10x_hd.o(.text)
    DMA1_Channel7_IRQHandler                 0x080021bf   Thumb Code     0  startup_stm32f10x_hd.o(.text)
    DMA2_Channel1_IRQHandler                 0x080021bf   Thumb Code     0  startup_stm32f10x_hd.o(.text)
    DMA2_Channel2_IRQHandler                 0x080021bf   Thumb Code     0  startup_stm32f10x_hd.o(.text)
    DMA2_Channel3_IRQHandler                 0x080021bf   Thumb Code     0  startup_stm32f10x_hd.o(.text)
    DMA2_Channel4_5_IRQHandler               0x080021bf   Thumb Code     0  startup_stm32f10x_hd.o(.text)
    EXTI0_IRQHandler                         0x080021bf   Thumb Code     0  startup_stm32f10x_hd.o(.text)
    EXTI15_10_IRQHandler                     0x080021bf   Thumb Code     0  startup_stm32f10x_hd.o(.text)
    EXTI1_IRQHandler                         0x080021bf   Thumb Code     0  startup_stm32f10x_hd.o(.text)
    EXTI2_IRQHandler                         0x080021bf   Thumb Code     0  startup_stm32f10x_hd.o(.text)
    EXTI3_IRQHandler                         0x080021bf   Thumb Code     0  startup_stm32f10x_hd.o(.text)
    EXTI4_IRQHandler                         0x080021bf   Thumb Code     0  startup_stm32f10x_hd.o(.text)
    EXTI9_5_IRQHandler                       0x080021bf   Thumb Code     0  startup_stm32f10x_hd.o(.text)
    FLASH_IRQHandler                         0x080021bf   Thumb Code     0  startup_stm32f10x_hd.o(.text)
    FSMC_IRQHandler                          0x080021bf   Thumb Code     0  startup_stm32f10x_hd.o(.text)
    I2C1_ER_IRQHandler                       0x080021bf   Thumb Code     0  startup_stm32f10x_hd.o(.text)
    I2C1_EV_IRQHandler                       0x080021bf   Thumb Code     0  startup_stm32f10x_hd.o(.text)
    I2C2_ER_IRQHandler                       0x080021bf   Thumb Code     0  startup_stm32f10x_hd.o(.text)
    I2C2_EV_IRQHandler                       0x080021bf   Thumb Code     0  startup_stm32f10x_hd.o(.text)
    PVD_IRQHandler                           0x080021bf   Thumb Code     0  startup_stm32f10x_hd.o(.text)
    RCC_IRQHandler                           0x080021bf   Thumb Code     0  startup_stm32f10x_hd.o(.text)
    RTCAlarm_IRQHandler                      0x080021bf   Thumb Code     0  startup_stm32f10x_hd.o(.text)
    SDIO_IRQHandler                          0x080021bf   Thumb Code     0  startup_stm32f10x_hd.o(.text)
    SPI1_IRQHandler                          0x080021bf   Thumb Code     0  startup_stm32f10x_hd.o(.text)
    SPI2_IRQHandler                          0x080021bf   Thumb Code     0  startup_stm32f10x_hd.o(.text)
    SPI3_IRQHandler                          0x080021bf   Thumb Code     0  startup_stm32f10x_hd.o(.text)
    TAMPER_IRQHandler                        0x080021bf   Thumb Code     0  startup_stm32f10x_hd.o(.text)
    TIM1_BRK_IRQHandler                      0x080021bf   Thumb Code     0  startup_stm32f10x_hd.o(.text)
    TIM1_CC_IRQHandler                       0x080021bf   Thumb Code     0  startup_stm32f10x_hd.o(.text)
    TIM1_TRG_COM_IRQHandler                  0x080021bf   Thumb Code     0  startup_stm32f10x_hd.o(.text)
    TIM1_UP_IRQHandler                       0x080021bf   Thumb Code     0  startup_stm32f10x_hd.o(.text)
    TIM2_IRQHandler                          0x080021bf   Thumb Code     0  startup_stm32f10x_hd.o(.text)
    TIM4_IRQHandler                          0x080021bf   Thumb Code     0  startup_stm32f10x_hd.o(.text)
    TIM5_IRQHandler                          0x080021bf   Thumb Code     0  startup_stm32f10x_hd.o(.text)
    TIM6_IRQHandler                          0x080021bf   Thumb Code     0  startup_stm32f10x_hd.o(.text)
    TIM7_IRQHandler                          0x080021bf   Thumb Code     0  startup_stm32f10x_hd.o(.text)
    TIM8_BRK_IRQHandler                      0x080021bf   Thumb Code     0  startup_stm32f10x_hd.o(.text)
    TIM8_CC_IRQHandler                       0x080021bf   Thumb Code     0  startup_stm32f10x_hd.o(.text)
    TIM8_TRG_COM_IRQHandler                  0x080021bf   Thumb Code     0  startup_stm32f10x_hd.o(.text)
    TIM8_UP_IRQHandler                       0x080021bf   Thumb Code     0  startup_stm32f10x_hd.o(.text)
    UART4_IRQHandler                         0x080021bf   Thumb Code     0  startup_stm32f10x_hd.o(.text)
    UART5_IRQHandler                         0x080021bf   Thumb Code     0  startup_stm32f10x_hd.o(.text)
    USART3_IRQHandler                        0x080021bf   Thumb Code     0  startup_stm32f10x_hd.o(.text)
    USBWakeUp_IRQHandler                     0x080021bf   Thumb Code     0  startup_stm32f10x_hd.o(.text)
    USB_HP_CAN1_TX_IRQHandler                0x080021bf   Thumb Code     0  startup_stm32f10x_hd.o(.text)
    USB_LP_CAN1_RX0_IRQHandler               0x080021bf   Thumb Code     0  startup_stm32f10x_hd.o(.text)
    WWDG_IRQHandler                          0x080021bf   Thumb Code     0  startup_stm32f10x_hd.o(.text)
    NVIC_PriorityGroupConfig                 0x080021c9   Thumb Code    10  misc.o(.text)
    NVIC_Init                                0x080021d3   Thumb Code   100  misc.o(.text)
    NVIC_SetVectorTable                      0x08002237   Thumb Code    14  misc.o(.text)
    NVIC_SystemLPConfig                      0x08002245   Thumb Code    34  misc.o(.text)
    SysTick_CLKSourceConfig                  0x08002267   Thumb Code    40  misc.o(.text)
    GPIO_DeInit                              0x080022a5   Thumb Code   172  stm32f10x_gpio.o(.text)
    GPIO_AFIODeInit                          0x08002351   Thumb Code    20  stm32f10x_gpio.o(.text)
    GPIO_Init                                0x08002365   Thumb Code   278  stm32f10x_gpio.o(.text)
    GPIO_StructInit                          0x0800247b   Thumb Code    16  stm32f10x_gpio.o(.text)
    GPIO_ReadInputDataBit                    0x0800248b   Thumb Code    18  stm32f10x_gpio.o(.text)
    GPIO_ReadInputData                       0x0800249d   Thumb Code     8  stm32f10x_gpio.o(.text)
    GPIO_ReadOutputDataBit                   0x080024a5   Thumb Code    18  stm32f10x_gpio.o(.text)
    GPIO_ReadOutputData                      0x080024b7   Thumb Code     8  stm32f10x_gpio.o(.text)
    GPIO_SetBits                             0x080024bf   Thumb Code     4  stm32f10x_gpio.o(.text)
    GPIO_ResetBits                           0x080024c3   Thumb Code     4  stm32f10x_gpio.o(.text)
    GPIO_WriteBit                            0x080024c7   Thumb Code    10  stm32f10x_gpio.o(.text)
    GPIO_Write                               0x080024d1   Thumb Code     4  stm32f10x_gpio.o(.text)
    GPIO_PinLockConfig                       0x080024d5   Thumb Code    18  stm32f10x_gpio.o(.text)
    GPIO_EventOutputConfig                   0x080024e7   Thumb Code    26  stm32f10x_gpio.o(.text)
    GPIO_EventOutputCmd                      0x08002501   Thumb Code     6  stm32f10x_gpio.o(.text)
    GPIO_PinRemapConfig                      0x08002507   Thumb Code   138  stm32f10x_gpio.o(.text)
    GPIO_EXTILineConfig                      0x08002591   Thumb Code    66  stm32f10x_gpio.o(.text)
    GPIO_ETH_MediaInterfaceConfig            0x080025d3   Thumb Code     8  stm32f10x_gpio.o(.text)
    RCC_DeInit                               0x08002601   Thumb Code    64  stm32f10x_rcc.o(.text)
    RCC_HSEConfig                            0x08002641   Thumb Code    70  stm32f10x_rcc.o(.text)
    RCC_GetFlagStatus                        0x08002687   Thumb Code    56  stm32f10x_rcc.o(.text)
    RCC_WaitForHSEStartUp                    0x080026bf   Thumb Code    56  stm32f10x_rcc.o(.text)
    RCC_AdjustHSICalibrationValue            0x080026f7   Thumb Code    20  stm32f10x_rcc.o(.text)
    RCC_HSICmd                               0x0800270b   Thumb Code     6  stm32f10x_rcc.o(.text)
    RCC_PLLConfig                            0x08002711   Thumb Code    24  stm32f10x_rcc.o(.text)
    RCC_PLLCmd                               0x08002729   Thumb Code     6  stm32f10x_rcc.o(.text)
    RCC_SYSCLKConfig                         0x0800272f   Thumb Code    18  stm32f10x_rcc.o(.text)
    RCC_GetSYSCLKSource                      0x08002741   Thumb Code    10  stm32f10x_rcc.o(.text)
    RCC_HCLKConfig                           0x0800274b   Thumb Code    18  stm32f10x_rcc.o(.text)
    RCC_PCLK1Config                          0x0800275d   Thumb Code    18  stm32f10x_rcc.o(.text)
    RCC_PCLK2Config                          0x0800276f   Thumb Code    20  stm32f10x_rcc.o(.text)
    RCC_ITConfig                             0x08002783   Thumb Code    26  stm32f10x_rcc.o(.text)
    RCC_USBCLKConfig                         0x0800279d   Thumb Code     8  stm32f10x_rcc.o(.text)
    RCC_ADCCLKConfig                         0x080027a5   Thumb Code    18  stm32f10x_rcc.o(.text)
    RCC_LSEConfig                            0x080027b7   Thumb Code    50  stm32f10x_rcc.o(.text)
    RCC_LSICmd                               0x080027e9   Thumb Code     6  stm32f10x_rcc.o(.text)
    RCC_RTCCLKConfig                         0x080027ef   Thumb Code    12  stm32f10x_rcc.o(.text)
    RCC_RTCCLKCmd                            0x080027fb   Thumb Code     8  stm32f10x_rcc.o(.text)
    RCC_GetClocksFreq                        0x08002803   Thumb Code   192  stm32f10x_rcc.o(.text)
    RCC_AHBPeriphClockCmd                    0x080028c3   Thumb Code    26  stm32f10x_rcc.o(.text)
    RCC_APB2PeriphClockCmd                   0x080028dd   Thumb Code    26  stm32f10x_rcc.o(.text)
    RCC_APB1PeriphClockCmd                   0x080028f7   Thumb Code    26  stm32f10x_rcc.o(.text)
    RCC_APB2PeriphResetCmd                   0x08002911   Thumb Code    26  stm32f10x_rcc.o(.text)
    RCC_APB1PeriphResetCmd                   0x0800292b   Thumb Code    26  stm32f10x_rcc.o(.text)
    RCC_BackupResetCmd                       0x08002945   Thumb Code     8  stm32f10x_rcc.o(.text)
    RCC_ClockSecuritySystemCmd               0x0800294d   Thumb Code     6  stm32f10x_rcc.o(.text)
    RCC_MCOConfig                            0x08002953   Thumb Code     6  stm32f10x_rcc.o(.text)
    RCC_ClearFlag                            0x08002959   Thumb Code    14  stm32f10x_rcc.o(.text)
    RCC_GetITStatus                          0x08002967   Thumb Code    20  stm32f10x_rcc.o(.text)
    RCC_ClearITPendingBit                    0x0800297b   Thumb Code     6  stm32f10x_rcc.o(.text)
    USART_DeInit                             0x080029a9   Thumb Code   134  stm32f10x_usart.o(.text)
    USART_Init                               0x08002a2f   Thumb Code   210  stm32f10x_usart.o(.text)
    USART_StructInit                         0x08002b01   Thumb Code    24  stm32f10x_usart.o(.text)
    USART_ClockInit                          0x08002b19   Thumb Code    34  stm32f10x_usart.o(.text)
    USART_ClockStructInit                    0x08002b3b   Thumb Code    12  stm32f10x_usart.o(.text)
    USART_Cmd                                0x08002b47   Thumb Code    24  stm32f10x_usart.o(.text)
    USART_ITConfig                           0x08002b5f   Thumb Code    74  stm32f10x_usart.o(.text)
    USART_DMACmd                             0x08002ba9   Thumb Code    18  stm32f10x_usart.o(.text)
    USART_SetAddress                         0x08002bbb   Thumb Code    18  stm32f10x_usart.o(.text)
    USART_WakeUpConfig                       0x08002bcd   Thumb Code    18  stm32f10x_usart.o(.text)
    USART_ReceiverWakeUpCmd                  0x08002bdf   Thumb Code    24  stm32f10x_usart.o(.text)
    USART_LINBreakDetectLengthConfig         0x08002bf7   Thumb Code    18  stm32f10x_usart.o(.text)
    USART_LINCmd                             0x08002c09   Thumb Code    24  stm32f10x_usart.o(.text)
    USART_SendData                           0x08002c21   Thumb Code     8  stm32f10x_usart.o(.text)
    USART_ReceiveData                        0x08002c29   Thumb Code    10  stm32f10x_usart.o(.text)
    USART_SendBreak                          0x08002c33   Thumb Code    10  stm32f10x_usart.o(.text)
    USART_SetGuardTime                       0x08002c3d   Thumb Code    16  stm32f10x_usart.o(.text)
    USART_SetPrescaler                       0x08002c4d   Thumb Code    16  stm32f10x_usart.o(.text)
    USART_SmartCardCmd                       0x08002c5d   Thumb Code    24  stm32f10x_usart.o(.text)
    USART_SmartCardNACKCmd                   0x08002c75   Thumb Code    24  stm32f10x_usart.o(.text)
    USART_HalfDuplexCmd                      0x08002c8d   Thumb Code    24  stm32f10x_usart.o(.text)
    USART_OverSampling8Cmd                   0x08002ca5   Thumb Code    22  stm32f10x_usart.o(.text)
    USART_OneBitMethodCmd                    0x08002cbb   Thumb Code    24  stm32f10x_usart.o(.text)
    USART_IrDAConfig                         0x08002cd3   Thumb Code    18  stm32f10x_usart.o(.text)
    USART_IrDACmd                            0x08002ce5   Thumb Code    24  stm32f10x_usart.o(.text)
    USART_GetFlagStatus                      0x08002cfd   Thumb Code    26  stm32f10x_usart.o(.text)
    USART_ClearFlag                          0x08002d17   Thumb Code    18  stm32f10x_usart.o(.text)
    USART_GetITStatus                        0x08002d29   Thumb Code    84  stm32f10x_usart.o(.text)
    USART_ClearITPendingBit                  0x08002d7d   Thumb Code    52  stm32f10x_usart.o(.text)
    TIM_DeInit                               0x08002db1   Thumb Code   424  stm32f10x_tim.o(.text)
    TIM_TimeBaseInit                         0x08002f59   Thumb Code   122  stm32f10x_tim.o(.text)
    TIM_OC1Init                              0x08002fd3   Thumb Code   132  stm32f10x_tim.o(.text)
    TIM_OC2Init                              0x08003057   Thumb Code   154  stm32f10x_tim.o(.text)
    TIM_OC3Init                              0x080030f1   Thumb Code   150  stm32f10x_tim.o(.text)
    TIM_OC4Init                              0x08003187   Thumb Code   182  stm32f10x_tim.o(.text)
    TIM_SetIC4Prescaler                      0x0800323d   Thumb Code    26  stm32f10x_tim.o(.text)
    TIM_SetIC3Prescaler                      0x080032d9   Thumb Code    18  stm32f10x_tim.o(.text)
    TIM_SetIC2Prescaler                      0x08003365   Thumb Code    26  stm32f10x_tim.o(.text)
    TIM_SetIC1Prescaler                      0x08003401   Thumb Code    18  stm32f10x_tim.o(.text)
    TIM_ICInit                               0x0800347f   Thumb Code   150  stm32f10x_tim.o(.text)
    TIM_PWMIConfig                           0x08003515   Thumb Code   124  stm32f10x_tim.o(.text)
    TIM_BDTRConfig                           0x08003591   Thumb Code    32  stm32f10x_tim.o(.text)
    TIM_TimeBaseStructInit                   0x080035b1   Thumb Code    18  stm32f10x_tim.o(.text)
    TIM_OCStructInit                         0x080035c3   Thumb Code    20  stm32f10x_tim.o(.text)
    TIM_ICStructInit                         0x080035d7   Thumb Code    18  stm32f10x_tim.o(.text)
    TIM_BDTRStructInit                       0x080035e9   Thumb Code    40  stm32f10x_tim.o(.text)
    TIM_Cmd                                  0x08003611   Thumb Code    24  stm32f10x_tim.o(.text)
    TIM_CtrlPWMOutputs                       0x08003629   Thumb Code    30  stm32f10x_tim.o(.text)
    TIM_ITConfig                             0x08003647   Thumb Code    18  stm32f10x_tim.o(.text)
    TIM_GenerateEvent                        0x08003659   Thumb Code     4  stm32f10x_tim.o(.text)
    TIM_DMAConfig                            0x0800365d   Thumb Code    10  stm32f10x_tim.o(.text)
    TIM_DMACmd                               0x08003667   Thumb Code    18  stm32f10x_tim.o(.text)
    TIM_InternalClockConfig                  0x08003679   Thumb Code    12  stm32f10x_tim.o(.text)
    TIM_SelectInputTrigger                   0x08003685   Thumb Code    18  stm32f10x_tim.o(.text)
    TIM_ITRxExternalClockConfig              0x08003697   Thumb Code    24  stm32f10x_tim.o(.text)
    TIM_TIxExternalClockConfig               0x080036af   Thumb Code    62  stm32f10x_tim.o(.text)
    TIM_ETRConfig                            0x080036ed   Thumb Code    28  stm32f10x_tim.o(.text)
    TIM_ETRClockMode1Config                  0x08003709   Thumb Code    54  stm32f10x_tim.o(.text)
    TIM_ETRClockMode2Config                  0x0800373f   Thumb Code    32  stm32f10x_tim.o(.text)
    TIM_PrescalerConfig                      0x0800375f   Thumb Code     6  stm32f10x_tim.o(.text)
    TIM_CounterModeConfig                    0x08003765   Thumb Code    18  stm32f10x_tim.o(.text)
    TIM_EncoderInterfaceConfig               0x08003777   Thumb Code    66  stm32f10x_tim.o(.text)
    TIM_ForcedOC1Config                      0x080037b9   Thumb Code    18  stm32f10x_tim.o(.text)
    TIM_ForcedOC2Config                      0x080037cb   Thumb Code    26  stm32f10x_tim.o(.text)
    TIM_ForcedOC3Config                      0x080037e5   Thumb Code    18  stm32f10x_tim.o(.text)
    TIM_ForcedOC4Config                      0x080037f7   Thumb Code    26  stm32f10x_tim.o(.text)
    TIM_ARRPreloadConfig                     0x08003811   Thumb Code    24  stm32f10x_tim.o(.text)
    TIM_SelectCOM                            0x08003829   Thumb Code    24  stm32f10x_tim.o(.text)
    TIM_SelectCCDMA                          0x08003841   Thumb Code    24  stm32f10x_tim.o(.text)
    TIM_CCPreloadControl                     0x08003859   Thumb Code    24  stm32f10x_tim.o(.text)
    TIM_OC1PreloadConfig                     0x08003871   Thumb Code    18  stm32f10x_tim.o(.text)
    TIM_OC2PreloadConfig                     0x08003883   Thumb Code    26  stm32f10x_tim.o(.text)
    TIM_OC3PreloadConfig                     0x0800389d   Thumb Code    18  stm32f10x_tim.o(.text)
    TIM_OC4PreloadConfig                     0x080038af   Thumb Code    26  stm32f10x_tim.o(.text)
    TIM_OC1FastConfig                        0x080038c9   Thumb Code    18  stm32f10x_tim.o(.text)
    TIM_OC2FastConfig                        0x080038db   Thumb Code    26  stm32f10x_tim.o(.text)
    TIM_OC3FastConfig                        0x080038f5   Thumb Code    18  stm32f10x_tim.o(.text)
    TIM_OC4FastConfig                        0x08003907   Thumb Code    26  stm32f10x_tim.o(.text)
    TIM_ClearOC1Ref                          0x08003921   Thumb Code    18  stm32f10x_tim.o(.text)
    TIM_ClearOC2Ref                          0x08003933   Thumb Code    24  stm32f10x_tim.o(.text)
    TIM_ClearOC3Ref                          0x0800394b   Thumb Code    18  stm32f10x_tim.o(.text)
    TIM_ClearOC4Ref                          0x0800395d   Thumb Code    24  stm32f10x_tim.o(.text)
    TIM_OC1PolarityConfig                    0x08003975   Thumb Code    18  stm32f10x_tim.o(.text)
    TIM_OC1NPolarityConfig                   0x08003987   Thumb Code    18  stm32f10x_tim.o(.text)
    TIM_OC2PolarityConfig                    0x08003999   Thumb Code    26  stm32f10x_tim.o(.text)
    TIM_OC2NPolarityConfig                   0x080039b3   Thumb Code    26  stm32f10x_tim.o(.text)
    TIM_OC3PolarityConfig                    0x080039cd   Thumb Code    26  stm32f10x_tim.o(.text)
    TIM_OC3NPolarityConfig                   0x080039e7   Thumb Code    26  stm32f10x_tim.o(.text)
    TIM_OC4PolarityConfig                    0x08003a01   Thumb Code    26  stm32f10x_tim.o(.text)
    TIM_CCxCmd                               0x08003a1b   Thumb Code    30  stm32f10x_tim.o(.text)
    TIM_CCxNCmd                              0x08003a39   Thumb Code    30  stm32f10x_tim.o(.text)
    TIM_SelectOCxM                           0x08003a57   Thumb Code    82  stm32f10x_tim.o(.text)
    TIM_UpdateDisableConfig                  0x08003aa9   Thumb Code    24  stm32f10x_tim.o(.text)
    TIM_UpdateRequestConfig                  0x08003ac1   Thumb Code    24  stm32f10x_tim.o(.text)
    TIM_SelectHallSensor                     0x08003ad9   Thumb Code    24  stm32f10x_tim.o(.text)
    TIM_SelectOnePulseMode                   0x08003af1   Thumb Code    18  stm32f10x_tim.o(.text)
    TIM_SelectOutputTrigger                  0x08003b03   Thumb Code    18  stm32f10x_tim.o(.text)
    TIM_SelectSlaveMode                      0x08003b15   Thumb Code    18  stm32f10x_tim.o(.text)
    TIM_SelectMasterSlaveMode                0x08003b27   Thumb Code    18  stm32f10x_tim.o(.text)
    TIM_SetCounter                           0x08003b39   Thumb Code     4  stm32f10x_tim.o(.text)
    TIM_SetAutoreload                        0x08003b3d   Thumb Code     4  stm32f10x_tim.o(.text)
    TIM_SetCompare1                          0x08003b41   Thumb Code     4  stm32f10x_tim.o(.text)
    TIM_SetCompare2                          0x08003b45   Thumb Code     4  stm32f10x_tim.o(.text)
    TIM_SetCompare3                          0x08003b49   Thumb Code     4  stm32f10x_tim.o(.text)
    TIM_SetCompare4                          0x08003b4d   Thumb Code     6  stm32f10x_tim.o(.text)
    TIM_SetClockDivision                     0x08003b53   Thumb Code    18  stm32f10x_tim.o(.text)
    TIM_GetCapture1                          0x08003b65   Thumb Code     6  stm32f10x_tim.o(.text)
    TIM_GetCapture2                          0x08003b6b   Thumb Code     6  stm32f10x_tim.o(.text)
    TIM_GetCapture3                          0x08003b71   Thumb Code     6  stm32f10x_tim.o(.text)
    TIM_GetCapture4                          0x08003b77   Thumb Code     8  stm32f10x_tim.o(.text)
    TIM_GetCounter                           0x08003b7f   Thumb Code     6  stm32f10x_tim.o(.text)
    TIM_GetPrescaler                         0x08003b85   Thumb Code     6  stm32f10x_tim.o(.text)
    TIM_GetFlagStatus                        0x08003b8b   Thumb Code    18  stm32f10x_tim.o(.text)
    TIM_ClearFlag                            0x08003b9d   Thumb Code     6  stm32f10x_tim.o(.text)
    TIM_GetITStatus                          0x08003ba3   Thumb Code    34  stm32f10x_tim.o(.text)
    TIM_ClearITPendingBit                    0x08003bc5   Thumb Code     6  stm32f10x_tim.o(.text)
    BKP_DeInit                               0x08003bcd   Thumb Code    16  stm32f10x_bkp.o(.text)
    BKP_TamperPinLevelConfig                 0x08003bdd   Thumb Code     6  stm32f10x_bkp.o(.text)
    BKP_TamperPinCmd                         0x08003be3   Thumb Code     8  stm32f10x_bkp.o(.text)
    BKP_ITConfig                             0x08003beb   Thumb Code     8  stm32f10x_bkp.o(.text)
    BKP_RTCOutputConfig                      0x08003bf3   Thumb Code    22  stm32f10x_bkp.o(.text)
    BKP_SetRTCCalibrationValue               0x08003c09   Thumb Code    22  stm32f10x_bkp.o(.text)
    BKP_WriteBackupRegister                  0x08003c1f   Thumb Code    24  stm32f10x_bkp.o(.text)
    BKP_ReadBackupRegister                   0x08003c37   Thumb Code    26  stm32f10x_bkp.o(.text)
    BKP_GetFlagStatus                        0x08003c51   Thumb Code    10  stm32f10x_bkp.o(.text)
    BKP_ClearFlag                            0x08003c5b   Thumb Code    18  stm32f10x_bkp.o(.text)
    BKP_GetITStatus                          0x08003c6d   Thumb Code    10  stm32f10x_bkp.o(.text)
    BKP_ClearITPendingBit                    0x08003c77   Thumb Code    18  stm32f10x_bkp.o(.text)
    RTC_ITConfig                             0x08003c91   Thumb Code    26  stm32f10x_rtc.o(.text)
    RTC_EnterConfigMode                      0x08003cab   Thumb Code    18  stm32f10x_rtc.o(.text)
    RTC_ExitConfigMode                       0x08003cbd   Thumb Code    20  stm32f10x_rtc.o(.text)
    RTC_GetCounter                           0x08003cd1   Thumb Code    18  stm32f10x_rtc.o(.text)
    RTC_SetCounter                           0x08003ce3   Thumb Code    26  stm32f10x_rtc.o(.text)
    RTC_SetPrescaler                         0x08003cfd   Thumb Code    28  stm32f10x_rtc.o(.text)
    RTC_SetAlarm                             0x08003d19   Thumb Code    26  stm32f10x_rtc.o(.text)
    RTC_GetDivider                           0x08003d33   Thumb Code    22  stm32f10x_rtc.o(.text)
    RTC_WaitForLastTask                      0x08003d49   Thumb Code    18  stm32f10x_rtc.o(.text)
    RTC_WaitForSynchro                       0x08003d5b   Thumb Code    36  stm32f10x_rtc.o(.text)
    RTC_GetFlagStatus                        0x08003d7f   Thumb Code    22  stm32f10x_rtc.o(.text)
    RTC_ClearFlag                            0x08003d95   Thumb Code    16  stm32f10x_rtc.o(.text)
    RTC_GetITStatus                          0x08003da5   Thumb Code    32  stm32f10x_rtc.o(.text)
    RTC_ClearITPendingBit                    0x08003dc5   Thumb Code    16  stm32f10x_rtc.o(.text)
    PWR_DeInit                               0x08003dd9   Thumb Code    22  stm32f10x_pwr.o(.text)
    PWR_BackupAccessCmd                      0x08003def   Thumb Code     6  stm32f10x_pwr.o(.text)
    PWR_PVDCmd                               0x08003df5   Thumb Code     6  stm32f10x_pwr.o(.text)
    PWR_PVDLevelConfig                       0x08003dfb   Thumb Code    18  stm32f10x_pwr.o(.text)
    PWR_WakeUpPinCmd                         0x08003e0d   Thumb Code     8  stm32f10x_pwr.o(.text)
    PWR_EnterSTOPMode                        0x08003e15   Thumb Code    54  stm32f10x_pwr.o(.text)
    PWR_EnterSTANDBYMode                     0x08003e4b   Thumb Code    42  stm32f10x_pwr.o(.text)
    PWR_GetFlagStatus                        0x08003e75   Thumb Code    20  stm32f10x_pwr.o(.text)
    PWR_ClearFlag                            0x08003e89   Thumb Code    14  stm32f10x_pwr.o(.text)
    IWDG_WriteAccessCmd                      0x08003ea5   Thumb Code     6  stm32f10x_iwdg.o(.text)
    IWDG_SetPrescaler                        0x08003eab   Thumb Code     6  stm32f10x_iwdg.o(.text)
    IWDG_SetReload                           0x08003eb1   Thumb Code     6  stm32f10x_iwdg.o(.text)
    IWDG_ReloadCounter                       0x08003eb7   Thumb Code    10  stm32f10x_iwdg.o(.text)
    IWDG_Enable                              0x08003ec1   Thumb Code    10  stm32f10x_iwdg.o(.text)
    IWDG_GetFlagStatus                       0x08003ecb   Thumb Code    20  stm32f10x_iwdg.o(.text)
    RTC_Get_Week                             0x08003f05   Thumb Code   116  rtc.o(.text)
    Is_Leap_Year                             0x08003f79   Thumb Code    58  rtc.o(.text)
    RTC_Get                                  0x08003fb3   Thumb Code   240  rtc.o(.text)
    RTC_Set                                  0x080040a3   Thumb Code   184  rtc.o(.text)
    RTC_Init                                 0x0800415b   Thumb Code   150  rtc.o(.text)
    RTC_IRQHandler                           0x080041f1   Thumb Code    76  rtc.o(.text)
    RTC_Alarm_Set                            0x0800423d   Thumb Code   184  rtc.o(.text)
    applib_dt_last_day_of_mon                0x080042f5   Thumb Code    56  rtc.o(.text)
    utc_sec_2_mytime                         0x0800432d   Thumb Code   248  rtc.o(.text)
    mytime_2_utc_sec                         0x08004425   Thumb Code   138  rtc.o(.text)
    __rt_ctype_table                         0x080044b1   Thumb Code     4  ctype_o.o(.text)
    __aeabi_memcpy                           0x080044b9   Thumb Code    36  memcpya.o(.text)
    __aeabi_memcpy4                          0x080044b9   Thumb Code     0  memcpya.o(.text)
    __aeabi_memcpy8                          0x080044b9   Thumb Code     0  memcpya.o(.text)
    __aeabi_memset                           0x080044dd   Thumb Code    14  memseta.o(.text)
    __aeabi_memset4                          0x080044dd   Thumb Code     0  memseta.o(.text)
    __aeabi_memset8                          0x080044dd   Thumb Code     0  memseta.o(.text)
    __aeabi_memclr                           0x080044eb   Thumb Code     4  memseta.o(.text)
    __aeabi_memclr4                          0x080044eb   Thumb Code     0  memseta.o(.text)
    __aeabi_memclr8                          0x080044eb   Thumb Code     0  memseta.o(.text)
    _memset$wrapper                          0x080044ef   Thumb Code    18  memseta.o(.text)
    strcat                                   0x08004501   Thumb Code    24  strcat.o(.text)
    strlen                                   0x08004519   Thumb Code    14  strlen.o(.text)
    strcmp                                   0x08004527   Thumb Code    28  strcmp.o(.text)
    strcpy                                   0x08004543   Thumb Code    18  strcpy.o(.text)
    __aeabi_dadd                             0x08004555   Thumb Code   322  dadd.o(.text)
    __aeabi_dsub                             0x08004697   Thumb Code     6  dadd.o(.text)
    __aeabi_drsub                            0x0800469d   Thumb Code     6  dadd.o(.text)
    __aeabi_ddiv                             0x080046a3   Thumb Code   222  ddiv.o(.text)
    __aeabi_ui2d                             0x08004781   Thumb Code    26  dfltui.o(.text)
    __aeabi_uidiv                            0x0800479b   Thumb Code     0  uidiv.o(.text)
    __aeabi_uidivmod                         0x0800479b   Thumb Code    44  uidiv.o(.text)
    __aeabi_uldivmod                         0x080047c7   Thumb Code    98  uldiv.o(.text)
    __aeabi_llsl                             0x08004829   Thumb Code    30  llshl.o(.text)
    _ll_shift_l                              0x08004829   Thumb Code     0  llshl.o(.text)
    __aeabi_lasr                             0x08004847   Thumb Code    36  llsshr.o(.text)
    _ll_sshift_r                             0x08004847   Thumb Code     0  llsshr.o(.text)
    __I$use$fp                               0x0800486b   Thumb Code     0  iusefp.o(.text)
    _double_round                            0x0800486b   Thumb Code    30  depilogue.o(.text)
    _double_epilogue                         0x08004889   Thumb Code   156  depilogue.o(.text)
    __aeabi_dmul                             0x08004925   Thumb Code   228  dmul.o(.text)
    __aeabi_d2ulz                            0x08004a09   Thumb Code    48  dfixul.o(.text)
    __aeabi_cdrcmple                         0x08004a39   Thumb Code    48  cdrcmple.o(.text)
    __scatterload                            0x08004a69   Thumb Code    28  init.o(.text)
    __scatterload_rt2                        0x08004a69   Thumb Code     0  init.o(.text)
    __aeabi_llsr                             0x08004a8d   Thumb Code    32  llushr.o(.text)
    _ll_ushift_r                             0x08004a8d   Thumb Code     0  llushr.o(.text)
    __decompress                             0x08004aad   Thumb Code     0  __dclz77c.o(.text)
    __decompress2                            0x08004aad   Thumb Code    94  __dclz77c.o(.text)
    __0printf$1                              0x08004b0d   Thumb Code    22  printf1.o(i.__0printf$1)
    __1printf$1                              0x08004b0d   Thumb Code     0  printf1.o(i.__0printf$1)
    __2printf                                0x08004b0d   Thumb Code     0  printf1.o(i.__0printf$1)
    __0vsnprintf                             0x08004b2d   Thumb Code    32  printfa.o(i.__0vsnprintf)
    __1vsnprintf                             0x08004b2d   Thumb Code     0  printfa.o(i.__0vsnprintf)
    __2vsnprintf                             0x08004b2d   Thumb Code     0  printfa.o(i.__0vsnprintf)
    __c89vsnprintf                           0x08004b2d   Thumb Code     0  printfa.o(i.__0vsnprintf)
    vsnprintf                                0x08004b2d   Thumb Code     0  printfa.o(i.__0vsnprintf)
    __scatterload_copy                       0x08004b51   Thumb Code    14  handlers.o(i.__scatterload_copy)
    __scatterload_null                       0x08004b5f   Thumb Code     2  handlers.o(i.__scatterload_null)
    __scatterload_zeroinit                   0x08004b61   Thumb Code    14  handlers.o(i.__scatterload_zeroinit)
    crc16tab                                 0x0800556c   Data         512  prjlib.o(.constdata)
    crc32tab                                 0x0800576c   Data        1024  prjlib.o(.constdata)
    g_day_per_mon                            0x08005b6c   Data          12  rtc.o(.constdata)
    table_week                               0x08005b78   Data          12  rtc.o(.constdata)
    mon_table                                0x08005b84   Data          12  rtc.o(.constdata)
    __ctype_table                            0x08005b90   Data         129  ctype_o.o(.constdata)
    Region$$Table$$Base                      0x08005c20   Number         0  anon$$obj.o(Region$$Table)
    Region$$Table$$Limit                     0x08005c40   Number         0  anon$$obj.o(Region$$Table)
    time                                     0x20000000   Data           4  main.o(.data)
    SystemCoreClock                          0x20000018   Data           4  system_stm32f10x.o(.data)
    AHBPrescTable                            0x2000001c   Data          16  system_stm32f10x.o(.data)
    timer3_tick                              0x2000002c   Data           4  timer.o(.data)
    g_start_cmd                              0x20000039   Data           7  ananlysis_data.o(.data)
    machine                                  0x20000044   Data           4  moto.o(.data)
    motoDef                                  0x20000048   Data          16  moto.o(.data)
    errorDef                                 0x20000058   Data           3  moto.o(.data)
    Pin_Array                                0x2000005c   Data         648  moto.o(.data)
    __stdout                                 0x20000300   Data           4  stdout.o(.data)
    rx_fifo_Gun_Def                          0x20000304   Data          16  fifo.o(.bss)
    rx_fifo_Screen_Def                       0x20000314   Data          16  fifo.o(.bss)
    fff                                      0x20000324   Data          10  main.o(.bss)
    timerlist                                0x20000330   Data          80  timer.o(.bss)
    CmdRecBuf                                0x20000380   Data         512  analysis_protocol.o(.bss)
    g_bar_code                               0x20000580   Data          50  ananlysis_data.o(.bss)
    calendar                                 0x200009b2   Data          10  rtc.o(.bss)
    __initial_sp                             0x20000dc0   Data           0  startup_stm32f10x_hd.o(STACK)



==============================================================================

Memory Map of the image

  Image Entry point : 0x08000131

  Load Region LR_IROM1 (Base: 0x08000000, Size: 0x00005f44, Max: 0x00080000, ABSOLUTE, COMPRESSED[0x00005d8c])

    Execution Region ER_IROM1 (Base: 0x08000000, Size: 0x00005c40, Max: 0x00080000, ABSOLUTE)

    Base Addr    Size         Type   Attr      Idx    E Section Name        Object

    0x08000000   0x00000130   Data   RO          468    RESET               startup_stm32f10x_hd.o
    0x08000130   0x00000000   Code   RO          603  * .ARM.Collect$$$$00000000  mc_w.l(entry.o)
    0x08000130   0x00000004   Code   RO          915    .ARM.Collect$$$$00000001  mc_w.l(entry2.o)
    0x08000134   0x00000004   Code   RO          918    .ARM.Collect$$$$00000004  mc_w.l(entry5.o)
    0x08000138   0x00000000   Code   RO          920    .ARM.Collect$$$$00000008  mc_w.l(entry7b.o)
    0x08000138   0x00000000   Code   RO          922    .ARM.Collect$$$$0000000A  mc_w.l(entry8b.o)
    0x08000138   0x00000008   Code   RO          923    .ARM.Collect$$$$0000000B  mc_w.l(entry9a.o)
    0x08000140   0x00000000   Code   RO          925    .ARM.Collect$$$$0000000D  mc_w.l(entry10a.o)
    0x08000140   0x00000000   Code   RO          927    .ARM.Collect$$$$0000000F  mc_w.l(entry11a.o)
    0x08000140   0x00000004   Code   RO          916    .ARM.Collect$$$$00002712  mc_w.l(entry2.o)
    0x08000144   0x0000020c   Code   RO            1    .text               fifo.o
    0x08000350   0x00000158   Code   RO          120    .text               main.o
    0x080004a8   0x00000dbc   Code   RO          191    .text               prjlib.o
    0x08001264   0x0000001a   Code   RO          217    .text               stm32f10x_it.o
    0x0800127e   0x00000002   PAD
    0x08001280   0x000001e4   Code   RO          232    .text               system_stm32f10x.o
    0x08001464   0x000001b4   Code   RO          250    .text               timer.o
    0x08001618   0x00000120   Code   RO          267    .text               analysis_protocol.o
    0x08001738   0x00000164   Code   RO          293    .text               ananlysis_data.o
    0x0800189c   0x0000030c   Code   RO          317    .text               schedule.o
    0x08001ba8   0x00000090   Code   RO          359    .text               gun.o
    0x08001c38   0x000001b4   Code   RO          372    .text               moto.o
    0x08001dec   0x0000002c   Code   RO          391    .text               wdg.o
    0x08001e18   0x000000d4   Code   RO          403    .text               delay.o
    0x08001eec   0x000002b8   Code   RO          434    .text               usart.o
    0x080021a4   0x00000024   Code   RO          469    .text               startup_stm32f10x_hd.o
    0x080021c8   0x000000dc   Code   RO          473    .text               misc.o
    0x080022a4   0x0000035c   Code   RO          485    .text               stm32f10x_gpio.o
    0x08002600   0x000003a8   Code   RO          497    .text               stm32f10x_rcc.o
    0x080029a8   0x00000408   Code   RO          511    .text               stm32f10x_usart.o
    0x08002db0   0x00000e1a   Code   RO          523    .text               stm32f10x_tim.o
    0x08003bca   0x00000002   PAD
    0x08003bcc   0x000000c4   Code   RO          535    .text               stm32f10x_bkp.o
    0x08003c90   0x00000148   Code   RO          547    .text               stm32f10x_rtc.o
    0x08003dd8   0x000000cc   Code   RO          559    .text               stm32f10x_pwr.o
    0x08003ea4   0x00000040   Code   RO          571    .text               stm32f10x_iwdg.o
    0x08003ee4   0x000005ca   Code   RO          583    .text               rtc.o
    0x080044ae   0x00000002   PAD
    0x080044b0   0x00000008   Code   RO          606    .text               mc_w.l(ctype_o.o)
    0x080044b8   0x00000024   Code   RO          634    .text               mc_w.l(memcpya.o)
    0x080044dc   0x00000024   Code   RO          636    .text               mc_w.l(memseta.o)
    0x08004500   0x00000018   Code   RO          638    .text               mc_w.l(strcat.o)
    0x08004518   0x0000000e   Code   RO          640    .text               mc_w.l(strlen.o)
    0x08004526   0x0000001c   Code   RO          642    .text               mc_w.l(strcmp.o)
    0x08004542   0x00000012   Code   RO          644    .text               mc_w.l(strcpy.o)
    0x08004554   0x0000014e   Code   RO          909    .text               mf_w.l(dadd.o)
    0x080046a2   0x000000de   Code   RO          911    .text               mf_w.l(ddiv.o)
    0x08004780   0x0000001a   Code   RO          913    .text               mf_w.l(dfltui.o)
    0x0800479a   0x0000002c   Code   RO          930    .text               mc_w.l(uidiv.o)
    0x080047c6   0x00000062   Code   RO          932    .text               mc_w.l(uldiv.o)
    0x08004828   0x0000001e   Code   RO          934    .text               mc_w.l(llshl.o)
    0x08004846   0x00000024   Code   RO          936    .text               mc_w.l(llsshr.o)
    0x0800486a   0x00000000   Code   RO          938    .text               mc_w.l(iusefp.o)
    0x0800486a   0x000000ba   Code   RO          939    .text               mf_w.l(depilogue.o)
    0x08004924   0x000000e4   Code   RO          941    .text               mf_w.l(dmul.o)
    0x08004a08   0x00000030   Code   RO          943    .text               mf_w.l(dfixul.o)
    0x08004a38   0x00000030   Code   RO          945    .text               mf_w.l(cdrcmple.o)
    0x08004a68   0x00000024   Code   RO          947    .text               mc_w.l(init.o)
    0x08004a8c   0x00000020   Code   RO          949    .text               mc_w.l(llushr.o)
    0x08004aac   0x0000005e   Code   RO          959    .text               mc_w.l(__dclz77c.o)
    0x08004b0a   0x00000002   PAD
    0x08004b0c   0x00000020   Code   RO          693    i.__0printf$1       mc_w.l(printf1.o)
    0x08004b2c   0x00000024   Code   RO          886    i.__0vsnprintf      mc_w.l(printfa.o)
    0x08004b50   0x0000000e   Code   RO          953    i.__scatterload_copy  mc_w.l(handlers.o)
    0x08004b5e   0x00000002   Code   RO          954    i.__scatterload_null  mc_w.l(handlers.o)
    0x08004b60   0x0000000e   Code   RO          955    i.__scatterload_zeroinit  mc_w.l(handlers.o)
    0x08004b6e   0x00000002   PAD
    0x08004b70   0x00000164   Code   RO          888    i._fp_digits        mc_w.l(printfa.o)
    0x08004cd4   0x00000154   Code   RO          700    i._printf_core      mc_w.l(printf1.o)
    0x08004e28   0x000006dc   Code   RO          889    i._printf_core      mc_w.l(printfa.o)
    0x08005504   0x00000024   Code   RO          890    i._printf_post_padding  mc_w.l(printfa.o)
    0x08005528   0x0000002e   Code   RO          891    i._printf_pre_padding  mc_w.l(printfa.o)
    0x08005556   0x00000016   Code   RO          892    i._snputc           mc_w.l(printfa.o)
    0x0800556c   0x00000600   Data   RO          192    .constdata          prjlib.o
    0x08005b6c   0x00000024   Data   RO          585    .constdata          rtc.o
    0x08005b90   0x00000081   Data   RO          607    .constdata          mc_w.l(ctype_o.o)
    0x08005c11   0x00000003   PAD
    0x08005c14   0x00000004   Data   RO          608    .constdata          mc_w.l(ctype_o.o)
    0x08005c18   0x00000005   Data   RO          122    .conststring        main.o
    0x08005c1d   0x00000003   PAD
    0x08005c20   0x00000020   Data   RO          951    Region$$Table       anon$$obj.o


    Execution Region RW_IRAM1 (Base: 0x20000000, Size: 0x00000dc0, Max: 0x00010000, ABSOLUTE, COMPRESSED[0x0000014c])

    Base Addr    Size         Type   Attr      Idx    E Section Name        Object

    0x20000000   0x00000010   Data   RW          123    .data               main.o
    0x20000010   0x00000008   Data   RW          193    .data               prjlib.o
    0x20000018   0x00000014   Data   RW          233    .data               system_stm32f10x.o
    0x2000002c   0x0000000d   Data   RW          252    .data               timer.o
    0x20000039   0x00000007   Data   RW          295    .data               ananlysis_data.o
    0x20000040   0x00000001   Data   RW          318    .data               schedule.o
    0x20000041   0x00000003   PAD
    0x20000044   0x000002a1   Data   RW          373    .data               moto.o
    0x200002e5   0x00000001   PAD
    0x200002e6   0x00000004   Data   RW          404    .data               delay.o
    0x200002ea   0x00000014   Data   RW          498    .data               stm32f10x_rcc.o
    0x200002fe   0x00000002   Data   RW          586    .data               rtc.o
    0x20000300   0x00000004   Data   RW          929    .data               mc_w.l(stdout.o)
    0x20000304   0x00000020   Zero   RW            2    .bss                fifo.o
    0x20000324   0x0000000a   Zero   RW          121    .bss                main.o
    0x2000032e   0x00000002   PAD
    0x20000330   0x00000050   Zero   RW          251    .bss                timer.o
    0x20000380   0x00000200   Zero   RW          268    .bss                analysis_protocol.o
    0x20000580   0x00000032   Zero   RW          294    .bss                ananlysis_data.o
    0x200005b2   0x00000400   Zero   RW          435    .bss                usart.o
    0x200009b2   0x0000000a   Zero   RW          584    .bss                rtc.o
    0x200009bc   0x00000004   PAD
    0x200009c0   0x00000400   Zero   RW          466    STACK               startup_stm32f10x_hd.o


==============================================================================

Image component sizes


      Code (inc. data)   RO Data    RW Data    ZI Data      Debug   Object Name

       288         12          0          0        512       1803   analysis_protocol.o
       356         86          0          7         50       2715   ananlysis_data.o
       212         18          0          4          0        967   delay.o
       524          8          0          0         32     258500   fifo.o
       144         22          0          0          0       1353   gun.o
       344         84          5         16         10       9079   main.o
       220         22          0          0          0       1745   misc.o
       436         22          0        673          0       2307   moto.o
      3516         24       1536          8          0      19959   prjlib.o
      1482         70         36          2         10       5568   rtc.o
       780         30          0          1          0       1274   schedule.o
        36          8        304          0       1024        764   startup_stm32f10x_hd.o
       196          8          0          0          0       3404   stm32f10x_bkp.o
       860         38          0          0          0       5589   stm32f10x_gpio.o
        26          0          0          0          0       1158   stm32f10x_it.o
        64          6          0          0          0       1237   stm32f10x_iwdg.o
       204         14          0          0          0       1891   stm32f10x_pwr.o
       936         40          0         20          0       8728   stm32f10x_rcc.o
       328          4          0          0          0       2638   stm32f10x_rtc.o
      3610         88          0          0          0      22072   stm32f10x_tim.o
      1032         22          0          0          0       8312   stm32f10x_usart.o
         0          0          0          0          0         32   sys.o
       484         42          0         20          0       1679   system_stm32f10x.o
       436         28          0         13         80       2188   timer.o
       696         30          0          0       1024       5015   usart.o
        44          0          0          0          0        614   wdg.o

    ----------------------------------------------------------------------
     17260        726       1916        768       2748     370591   Object Totals
         0          0         32          0          0          0   (incl. Generated)
         6          0          3          4          6          0   (incl. Padding)

    ----------------------------------------------------------------------

      Code (inc. data)   RO Data    RW Data    ZI Data      Debug   Library Member Name

        94          0          0          0          0          0   __dclz77c.o
         8          4        133          0          0         68   ctype_o.o
         0          0          0          0          0          0   entry.o
         0          0          0          0          0          0   entry10a.o
         0          0          0          0          0          0   entry11a.o
         8          4          0          0          0          0   entry2.o
         4          0          0          0          0          0   entry5.o
         0          0          0          0          0          0   entry7b.o
         0          0          0          0          0          0   entry8b.o
         8          4          0          0          0          0   entry9a.o
        30          0          0          0          0          0   handlers.o
        36          8          0          0          0         68   init.o
         0          0          0          0          0          0   iusefp.o
        30          0          0          0          0         68   llshl.o
        36          0          0          0          0         68   llsshr.o
        32          0          0          0          0         68   llushr.o
        36          0          0          0          0         68   memcpya.o
        36          0          0          0          0        108   memseta.o
       372         14          0          0          0        184   printf1.o
      2252         84          0          0          0        508   printfa.o
         0          0          0          4          0          0   stdout.o
        24          0          0          0          0         68   strcat.o
        28          0          0          0          0         76   strcmp.o
        18          0          0          0          0         68   strcpy.o
        14          0          0          0          0         68   strlen.o
        44          0          0          0          0         80   uidiv.o
        98          0          0          0          0         92   uldiv.o
        48          0          0          0          0         68   cdrcmple.o
       334          0          0          0          0        148   dadd.o
       222          0          0          0          0        100   ddiv.o
       186          0          0          0          0        176   depilogue.o
        48          0          0          0          0         68   dfixul.o
        26          0          0          0          0         76   dfltui.o
       228          0          0          0          0         96   dmul.o

    ----------------------------------------------------------------------
      4304        118        136          4          0       2392   Library Totals
         4          0          3          0          0          0   (incl. Padding)

    ----------------------------------------------------------------------

      Code (inc. data)   RO Data    RW Data    ZI Data      Debug   Library Name

      3208        118        133          4          0       1660   mc_w.l
      1092          0          0          0          0        732   mf_w.l

    ----------------------------------------------------------------------
      4304        118        136          4          0       2392   Library Totals

    ----------------------------------------------------------------------

==============================================================================


      Code (inc. data)   RO Data    RW Data    ZI Data      Debug   

     21564        844       2052        772       2748     369471   Grand Totals
     21564        844       2052        332       2748     369471   ELF Image Totals (compressed)
     21564        844       2052        332          0          0   ROM Totals

==============================================================================

    Total RO  Size (Code + RO Data)                23616 (  23.06kB)
    Total RW  Size (RW Data + ZI Data)              3520 (   3.44kB)
    Total ROM Size (Code + RO Data + RW Data)      23948 (  23.39kB)

==============================================================================

