<html>
<body>
<pre>
<h1>µVision Build Log</h1>
<h2>Tool Versions:</h2>
IDE-Version: ¦ÌVision V5.26.2.0
Copyright (C) 2018 ARM Ltd and ARM Germany GmbH. All rights reserved.
License Information: wenzong wenzong, wenzong, LIC=MPP56-DKWJG-IGF7N-YICKG-AENBB-N2HEC
 
Tool Versions:
Toolchain:       MDK-ARM Plus  Version: 5.26.2.0
Toolchain Path:  C:\Keil_v5\ARM\ARMCC\Bin
C Compiler:      Armcc.exe V5.06 update 6 (build 750)
Assembler:       Armasm.exe V5.06 update 6 (build 750)
Linker/Locator:  ArmLink.exe V5.06 update 6 (build 750)
Library Manager: ArmAr.exe V5.06 update 6 (build 750)
Hex Converter:   FromElf.exe V5.06 update 6 (build 750)
CPU DLL:         SARMCM3.DLL V5.26.2.0
Dialog DLL:      DARMSTM.DLL V1.68.0.0
Target DLL:      Segger\JL2CM3.dll V2.99.31.0
Dialog DLL:      TARMSTM.DLL V1.66.0.0
 
<h2>Project:</h2>
D:\workspace\AD-29\firmware\V2.0\USER\AD-29.uvprojx
Project File Date:  05/07/2019

<h2>Output:</h2>
*** Using Compiler 'V5.06 update 6 (build 750)', folder: 'C:\Keil_v5\ARM\ARMCC\Bin'
Rebuild target 'AD-29'
compiling fifo.c...
compiling prjlib.c...
compiling main.c...
src\main.c(44): warning:  #188-D: enumerated type mixed with another type
  	   time = mytime_2_utc_sec(&fff,0);
src\main.c: 1 warning, 0 errors
compiling stm32f10x_it.c...
compiling system_stm32f10x.c...
compiling timer.c...
compiling analysis_protocol.c...
src\analysis_protocol.c(22): warning:  #177-D: variable "p"  was declared but never referenced
  	char* p = NULL;
src\analysis_protocol.c(140): warning:  #223-D: function "IWDG_Feed" declared implicitly
  			IWDG_Feed();
src\analysis_protocol.c(156): warning:  #1-D: last line of file ends without a newline
  // }
src\analysis_protocol.c(13): warning:  #177-D: variable "dat_tmp"  was declared but never referenced
  static uint8_t dat_tmp[11] = {0x00,0x00,0x00,0x00,0x00,0x00,0x00,0x00,0x00,0x00,0x00};
src\analysis_protocol.c: 4 warnings, 0 errors
compiling ananlysis_data.c...
compiling schedule.c...
src\schedule.c(168): warning:  #177-D: variable "check_flag"  was declared but never referenced
  	static uint8_t check_flag = 0;
src\schedule.c: 1 warning, 0 errors
compiling led.c...
compiling key.c...
..\HARDWARE\KEY\key.c(51): warning:  #940-D: missing return statement at end of non-void function "KEY_Scan" 
  }
..\HARDWARE\KEY\key.c: 1 warning, 0 errors
compiling gun.c...
compiling moto.c...
compiling wdg.c...
compiling delay.c...
compiling core_cm3.c...
compiling usart.c...
compiling sys.c...
assembling startup_stm32f10x_hd.s...
compiling misc.c...
compiling stm32f10x_gpio.c...
compiling stm32f10x_rcc.c...
compiling stm32f10x_usart.c...
compiling stm32f10x_bkp.c...
compiling stm32f10x_tim.c...
compiling stm32f10x_rtc.c...
compiling stm32f10x_pwr.c...
compiling stm32f10x_iwdg.c...
compiling rtc.c...
linking...
Program Size: Code=21628 RO-data=2052 RW-data=800 ZI-data=2760  
FromELF: creating hex file...
"..\OBJ\AD-29.axf" - 0 Error(s), 7 Warning(s).

<h2>Software Packages used:</h2>

Package Vendor: Keil
                http://www.keil.com/pack/Keil.STM32F1xx_DFP.2.3.0.pack
                Keil.STM32F1xx_DFP.2.3.0
                STMicroelectronics STM32F1 Series Device Support, Drivers and Examples

<h2>Collection of Component include folders:</h2>
  .\RTE\_AD-29
  C:\Keil_v5\ARM\PACK\Keil\STM32F1xx_DFP\2.3.0\Device\Include

<h2>Collection of Component Files used:</h2>
Build Time Elapsed:  00:00:08
</pre>
</body>
</html>
