Component: ARM Compiler 5.06 update 6 (build 750) Tool: armlink [4d35ed]

==============================================================================

Section Cross References

    fifo.o(i.app_fifo_get) refers to fifo.o(i.fifo_length) for fifo_length
    fifo.o(i.app_fifo_get) refers to fifo.o(i.fifo_get) for fifo_get
    fifo.o(i.app_fifo_put) refers to fifo.o(i.fifo_length) for fifo_length
    fifo.o(i.app_fifo_put) refers to fifo.o(i.fifo_put) for fifo_put
    fifo.o(i.app_fifo_read) refers to fifo.o(i.fifo_length) for fifo_length
    fifo.o(i.app_fifo_read) refers to fifo.o(i.fifo_get) for fifo_get
    fifo.o(i.app_fifo_write) refers to fifo.o(i.fifo_length) for fifo_length
    fifo.o(i.app_fifo_write) refers to fifo.o(i.fifo_put) for fifo_put
    fifo.o(i.app_uart_flush) refers to fifo.o(i.app_fifo_flush) for app_fifo_flush
    fifo.o(i.app_uart_flush) refers to fifo.o(.bss) for rx_fifo_Screen_Def
    fifo.o(i.app_uart_get) refers to fifo.o(i.app_fifo_get) for app_fifo_get
    fifo.o(i.app_uart_get) refers to fifo.o(.bss) for rx_fifo_Screen_Def
    fifo.o(i.app_uart_put) refers to fifo.o(i.app_fifo_put) for app_fifo_put
    fifo.o(i.app_uart_put) refers to fifo.o(.bss) for rx_fifo_Screen_Def
    main.o(i.funControl) refers to strcmp.o(.text) for strcmp
    main.o(i.funControl) refers to wdg.o(i.IWDG_Feed) for IWDG_Feed
    main.o(i.funControl) refers to printfa.o(i.__0printf) for __2printf
    main.o(i.funControl) refers to delay.o(i.delay_ms_whx) for delay_ms_whx
    main.o(i.funControl) refers to prjlib.o(i.uatoi) for uatoi
    main.o(i.funControl) refers to moto.o(i.open_lock) for open_lock
    main.o(i.funControl) refers to delay.o(i.delay_ms) for delay_ms
    main.o(i.funControl) refers to moto.o(i.close_lock) for close_lock
    main.o(i.funControl) refers to stm32f10x_gpio.o(i.GPIO_SetBits) for GPIO_SetBits
    main.o(i.funControl) refers to stm32f10x_gpio.o(i.GPIO_ResetBits) for GPIO_ResetBits
    main.o(i.funControl) refers to stm32f10x_gpio.o(i.GPIO_ReadInputDataBit) for GPIO_ReadInputDataBit
    main.o(i.funControl) refers to moto.o(.data) for motoDef
    main.o(i.funControl) refers to moto.o(i.steper_moto_in) for steper_moto_in
    main.o(i.funControl) refers to moto.o(i.MotorSetpperMove) for MotorSetpperMove
    main.o(i.funControl) refers to moto.o(i.steper_moto_out) for steper_moto_out
    main.o(i.funControl) refers to moto.o(i.init_moto) for init_moto
    main.o(i.funControl) refers to usart.o(i.Uart_Send_Data) for Uart_Send_Data
    main.o(i.funControl) refers to memseta.o(.text) for __aeabi_memclr4
    main.o(i.funControl) refers to stm32f10x_rtc.o(i.RTC_GetCounter) for RTC_GetCounter
    main.o(i.funControl) refers to prjlib.o(i.CRC_16) for CRC_16
    main.o(i.funControl) refers to rtc.o(.bss) for calendar
    main.o(i.funControl) refers to analysis_protocol.o(.data) for start_screen
    main.o(i.funControl) refers to ananlysis_data.o(.data) for g_array_ML
    main.o(i.funControl) refers to main.o(.data) for i
    main.o(i.funControl) refers to main.o(.constdata) for .constdata
    main.o(i.led_light) refers to rtc.o(i.RTC_Get) for RTC_Get
    main.o(i.led_light) refers to stm32f10x_gpio.o(i.GPIO_ResetBits) for GPIO_ResetBits
    main.o(i.led_light) refers to stm32f10x_gpio.o(i.GPIO_SetBits) for GPIO_SetBits
    main.o(i.led_light) refers to rtc.o(.bss) for calendar
    main.o(i.main) refers to prjlib.o(i.Cmd_AddEntrance) for Cmd_AddEntrance
    main.o(i.main) refers to delay.o(i.delay_init) for delay_init
    main.o(i.main) refers to misc.o(i.NVIC_PriorityGroupConfig) for NVIC_PriorityGroupConfig
    main.o(i.main) refers to usart.o(i.uart1_init) for uart1_init
    main.o(i.main) refers to usart.o(i.uart2_init) for uart2_init
    main.o(i.main) refers to moto.o(i.Moto_Init) for Moto_Init
    main.o(i.main) refers to timer.o(i.TIM4_Int_Init) for TIM4_Int_Init
    main.o(i.main) refers to timer.o(i.TIM2_Int_Init) for TIM2_Int_Init
    main.o(i.main) refers to timer.o(i.TIM3_Int_Init) for TIM3_Int_Init
    main.o(i.main) refers to main.o(i.sound_control) for sound_control
    main.o(i.main) refers to stm32f10x_gpio.o(i.GPIO_ResetBits) for GPIO_ResetBits
    main.o(i.main) refers to rtc.o(i.RTC_Init) for RTC_Init
    main.o(i.main) refers to moto.o(i.init_moto) for init_moto
    main.o(i.main) refers to printfa.o(i.__0printf) for __2printf
    main.o(i.main) refers to wdg.o(i.IWDG_Init) for IWDG_Init
    main.o(i.main) refers to wdg.o(i.IWDG_Feed) for IWDG_Feed
    main.o(i.main) refers to ananlysis_data.o(i.Report_State) for Report_State
    main.o(i.main) refers to analysis_protocol.o(i.Screen_CommandReceive_Poll) for Screen_CommandReceive_Poll
    main.o(i.main) refers to analysis_protocol.o(i.Gun_CommandReceive_Poll) for Gun_CommandReceive_Poll
    main.o(i.main) refers to schedule.o(i.Start_Schedule) for Start_Schedule
    main.o(i.main) refers to main.o(i.led_light) for led_light
[...]
    Removing stm32f10x_pwr.o(i.PWR_PVDCmd), (12 bytes).
    Removing stm32f10x_pwr.o(i.PWR_PVDLevelConfig), (24 bytes).
    Removing stm32f10x_pwr.o(i.PWR_WakeUpPinCmd), (12 bytes).
    Removing stm32f10x_iwdg.o(i.IWDG_GetFlagStatus), (24 bytes).
    Removing rtc.o(i.RTC_Alarm_Set), (200 bytes).
    Removing rtc.o(i.applib_dt_last_day_of_mon), (60 bytes).
    Removing rtc.o(i.mytime_2_utc_sec), (138 bytes).
    Removing rtc.o(i.utc_sec_2_mytime), (184 bytes).
    Removing dfltui.o(.text), (26 bytes).

258 unused section(s) (total 11715 bytes) removed from the image.

==============================================================================

Image Symbol Table

    Local Symbols

    Symbol Name                              Value     Ov Type        Size  Object(Section)

    ../clib/../cmprslib/lz77c.c              0x00000000   Number         0  __dclz77c.o ABSOLUTE
    ../clib/microlib/ctype/ctype.c           0x00000000   Number         0  isxdigit_o.o ABSOLUTE
    ../clib/microlib/ctype/ctype.c           0x00000000   Number         0  isspace_o.o ABSOLUTE
    ../clib/microlib/ctype/ctype.c           0x00000000   Number         0  isprint_o.o ABSOLUTE
    ../clib/microlib/ctype/ctype.c           0x00000000   Number         0  ispunct_o.o ABSOLUTE
    ../clib/microlib/ctype/ctype.c           0x00000000   Number         0  isblank_o.o ABSOLUTE
    ../clib/microlib/ctype/ctype.c           0x00000000   Number         0  isupper_o.o ABSOLUTE
    ../clib/microlib/ctype/ctype.c           0x00000000   Number         0  iscntrl_o.o ABSOLUTE
    ../clib/microlib/ctype/ctype.c           0x00000000   Number         0  isgraph_o.o ABSOLUTE
    ../clib/microlib/ctype/ctype.c           0x00000000   Number         0  islower_o.o ABSOLUTE
    ../clib/microlib/ctype/ctype.c           0x00000000   Number         0  isdigit_o.o ABSOLUTE
    ../clib/microlib/ctype/ctype.c           0x00000000   Number         0  ctype_o.o ABSOLUTE
    ../clib/microlib/ctype/ctype.c           0x00000000   Number         0  isalnum_o.o ABSOLUTE
    ../clib/microlib/ctype/ctype.c           0x00000000   Number         0  isalpha_o.o ABSOLUTE
    ../clib/microlib/division.c              0x00000000   Number         0  uidiv.o ABSOLUTE
    ../clib/microlib/division.c              0x00000000   Number         0  uldiv.o ABSOLUTE
    ../clib/microlib/init/entry.s            0x00000000   Number         0  entry8b.o ABSOLUTE
    ../clib/microlib/init/entry.s            0x00000000   Number         0  entry7b.o ABSOLUTE
    ../clib/microlib/init/entry.s            0x00000000   Number         0  entry8a.o ABSOLUTE
    ../clib/microlib/init/entry.s            0x00000000   Number         0  entry.o ABSOLUTE
    ../clib/microlib/init/entry.s            0x00000000   Number         0  entry10a.o ABSOLUTE
    ../clib/microlib/init/entry.s            0x00000000   Number         0  entry11b.o ABSOLUTE
    ../clib/microlib/init/entry.s            0x00000000   Number         0  entry2.o ABSOLUTE
    ../clib/microlib/init/entry.s            0x00000000   Number         0  entry11a.o ABSOLUTE
    ../clib/microlib/init/entry.s            0x00000000   Number         0  entry10b.o ABSOLUTE
    ../clib/microlib/init/entry.s            0x00000000   Number         0  entry5.o ABSOLUTE
    ../clib/microlib/init/entry.s            0x00000000   Number         0  entry9b.o ABSOLUTE
    ../clib/microlib/init/entry.s            0x00000000   Number         0  entry7a.o ABSOLUTE
    ../clib/microlib/init/entry.s            0x00000000   Number         0  entry9a.o ABSOLUTE
    ../clib/microlib/longlong.c              0x00000000   Number         0  llushr.o ABSOLUTE
    ../clib/microlib/longlong.c              0x00000000   Number         0  llshl.o ABSOLUTE
    ../clib/microlib/longlong.c              0x00000000   Number         0  llsshr.o ABSOLUTE
    ../clib/microlib/printf/printf.c         0x00000000   Number         0  printfa.o ABSOLUTE
    ../clib/microlib/printf/printf.c         0x00000000   Number         0  printf7.o ABSOLUTE
    ../clib/microlib/printf/printf.c         0x00000000   Number         0  printf6.o ABSOLUTE
    ../clib/microlib/printf/printf.c         0x00000000   Number         0  printf5.o ABSOLUTE
    ../clib/microlib/printf/printf.c         0x00000000   Number         0  printf3.o ABSOLUTE
    ../clib/microlib/printf/printf.c         0x00000000   Number         0  printf8.o ABSOLUTE
    ../clib/microlib/printf/printf.c         0x00000000   Number         0  printf2.o ABSOLUTE
    ../clib/microlib/printf/printf.c         0x00000000   Number         0  printf1.o ABSOLUTE
    ../clib/microlib/printf/printf.c         0x00000000   Number         0  printf0.o ABSOLUTE
    ../clib/microlib/printf/printf.c         0x00000000   Number         0  printfb.o ABSOLUTE
    ../clib/microlib/printf/printf.c         0x00000000   Number         0  printf4.o ABSOLUTE
    ../clib/microlib/printf/stubs.s          0x00000000   Number         0  stubs.o ABSOLUTE
    ../clib/microlib/stdio/streams.c         0x00000000   Number         0  stdout.o ABSOLUTE
    ../clib/microlib/string/memcpy.c         0x00000000   Number         0  memcpyb.o ABSOLUTE
    ../clib/microlib/string/memcpy.c         0x00000000   Number         0  memcpya.o ABSOLUTE
    ../clib/microlib/string/memset.c         0x00000000   Number         0  memseta.o ABSOLUTE
    ../clib/microlib/string/strcat.c         0x00000000   Number         0  strcat.o ABSOLUTE
    ../clib/microlib/string/strcmp.c         0x00000000   Number         0  strcmp.o ABSOLUTE
    ../clib/microlib/string/strcpy.c         0x00000000   Number         0  strcpy.o ABSOLUTE
    ../clib/microlib/string/strlen.c         0x00000000   Number         0  strlen.o ABSOLUTE
    ../clib/microlib/stubs.s                 0x00000000   Number         0  iusefp.o ABSOLUTE
    ../clib/microlib/time/localtime.c        0x00000000   Number         0  localtime.o ABSOLUTE
    ../fplib/microlib/fpadd.c                0x00000000   Number         0  dadd.o ABSOLUTE
    ../fplib/microlib/fpdiv.c                0x00000000   Number         0  ddiv.o ABSOLUTE
    ../fplib/microlib/fpepilogue.c           0x00000000   Number         0  depilogue.o ABSOLUTE
    ../fplib/microlib/fpfix.c                0x00000000   Number         0  dfixul.o ABSOLUTE
    ../fplib/microlib/fpflt.c                0x00000000   Number         0  dfltui.o ABSOLUTE
    ../fplib/microlib/fpmul.c                0x00000000   Number         0  dmul.o ABSOLUTE
    ..\CORE\core_cm3.c                       0x00000000   Number         0  core_cm3.o ABSOLUTE
    ..\CORE\startup_stm32f10x_hd.s           0x00000000   Number         0  startup_stm32f10x_hd.o ABSOLUTE
    ..\HARDWARE\KEY\key.c                    0x00000000   Number         0  key.o ABSOLUTE
    ..\HARDWARE\LED\led.c                    0x00000000   Number         0  led.o ABSOLUTE
    ..\HARDWARE\MOTO\moto.c                  0x00000000   Number         0  moto.o ABSOLUTE
    ..\HARDWARE\WDG\wdg.c                    0x00000000   Number         0  wdg.o ABSOLUTE
    ..\RTC\rtc.c                             0x00000000   Number         0  rtc.o ABSOLUTE
    ..\STM32F10x_FWLib\src\misc.c            0x00000000   Number         0  misc.o ABSOLUTE
    ..\STM32F10x_FWLib\src\stm32f10x_bkp.c   0x00000000   Number         0  stm32f10x_bkp.o ABSOLUTE
    ..\STM32F10x_FWLib\src\stm32f10x_gpio.c  0x00000000   Number         0  stm32f10x_gpio.o ABSOLUTE
    ..\STM32F10x_FWLib\src\stm32f10x_iwdg.c  0x00000000   Number         0  stm32f10x_iwdg.o ABSOLUTE
    ..\STM32F10x_FWLib\src\stm32f10x_pwr.c   0x00000000   Number         0  stm32f10x_pwr.o ABSOLUTE
    ..\STM32F10x_FWLib\src\stm32f10x_rcc.c   0x00000000   Number         0  stm32f10x_rcc.o ABSOLUTE
    ..\STM32F10x_FWLib\src\stm32f10x_rtc.c   0x00000000   Number         0  stm32f10x_rtc.o ABSOLUTE
    ..\STM32F10x_FWLib\src\stm32f10x_tim.c   0x00000000   Number         0  stm32f10x_tim.o ABSOLUTE
    ..\STM32F10x_FWLib\src\stm32f10x_usart.c 0x00000000   Number         0  stm32f10x_usart.o ABSOLUTE
    ..\SYSTEM\delay\delay.c                  0x00000000   Number         0  delay.o ABSOLUTE
    ..\SYSTEM\sys\sys.c                      0x00000000   Number         0  sys.o ABSOLUTE
    ..\SYSTEM\usart\usart.c                  0x00000000   Number         0  usart.o ABSOLUTE
    ..\\CORE\\core_cm3.c                     0x00000000   Number         0  core_cm3.o ABSOLUTE
    ..\\SYSTEM\\sys\\sys.c                   0x00000000   Number         0  sys.o ABSOLUTE
    cdrcmple.s                               0x00000000   Number         0  cdrcmple.o ABSOLUTE
    dc.s                                     0x00000000   Number         0  dc.o ABSOLUTE
    handlers.s                               0x00000000   Number         0  handlers.o ABSOLUTE
    init.s                                   0x00000000   Number         0  init.o ABSOLUTE
    src\analysis_protocol.c                  0x00000000   Number         0  analysis_protocol.o ABSOLUTE
    src\ananlysis_data.c                     0x00000000   Number         0  ananlysis_data.o ABSOLUTE
    src\fifo.c                               0x00000000   Number         0  fifo.o ABSOLUTE
    src\gun.c                                0x00000000   Number         0  gun.o ABSOLUTE
    src\main.c                               0x00000000   Number         0  main.o ABSOLUTE
    src\prjlib.c                             0x00000000   Number         0  prjlib.o ABSOLUTE
    src\schedule.c                           0x00000000   Number         0  schedule.o ABSOLUTE
    src\stm32f10x_it.c                       0x00000000   Number         0  stm32f10x_it.o ABSOLUTE
    src\system_stm32f10x.c                   0x00000000   Number         0  system_stm32f10x.o ABSOLUTE
    src\timer.c                              0x00000000   Number         0  timer.o ABSOLUTE
    RESET                                    0x08000000   Section      304  startup_stm32f10x_hd.o(RESET)
    .ARM.Collect$$$$00000000                 0x08000130   Section        0  entry.o(.ARM.Collect$$$$00000000)
    .ARM.Collect$$$$00000001                 0x08000130   Section        4  entry2.o(.ARM.Collect$$$$00000001)
    .ARM.Collect$$$$00000004                 0x08000134   Section        4  entry5.o(.ARM.Collect$$$$00000004)
    .ARM.Collect$$$$00000008                 0x08000138   Section        0  entry7b.o(.ARM.Collect$$$$00000008)
    .ARM.Collect$$$$0000000A                 0x08000138   Section        0  entry8b.o(.ARM.Collect$$$$0000000A)
    .ARM.Collect$$$$0000000B                 0x08000138   Section        8  entry9a.o(.ARM.Collect$$$$0000000B)
    .ARM.Collect$$$$0000000D                 0x08000140   Section        0  entry10a.o(.ARM.Collect$$$$0000000D)
    .ARM.Collect$$$$0000000F                 0x08000140   Section        0  entry11a.o(.ARM.Collect$$$$0000000F)
    .ARM.Collect$$$$00002712                 0x08000140   Section        4  entry2.o(.ARM.Collect$$$$00002712)
    __lit__00000000                          0x08000140   Data           4  entry2.o(.ARM.Collect$$$$00002712)
    .text                                    0x08000144   Section       36  startup_stm32f10x_hd.o(.text)
    .text                                    0x08000168   Section        0  ctype_o.o(.text)
    .text                                    0x08000170   Section        0  localtime.o(.text)
    .text                                    0x08000204   Section        0  memseta.o(.text)
    .text                                    0x08000228   Section        0  strcmp.o(.text)
    .text                                    0x08000244   Section        0  dadd.o(.text)
    .text                                    0x08000392   Section        0  ddiv.o(.text)
    .text                                    0x08000470   Section        0  uidiv.o(.text)
    .text                                    0x0800049c   Section        0  uldiv.o(.text)
    .text                                    0x080004fe   Section        0  llshl.o(.text)
    .text                                    0x0800051c   Section        0  llsshr.o(.text)
    .text                                    0x08000540   Section        0  depilogue.o(.text)
    .text                                    0x08000540   Section        0  iusefp.o(.text)
    .text                                    0x080005fa   Section        0  dmul.o(.text)
    .text                                    0x080006de   Section        0  dfixul.o(.text)
    .text                                    0x08000710   Section       48  cdrcmple.o(.text)
    .text                                    0x08000740   Section       36  init.o(.text)
    .text                                    0x08000764   Section        0  llushr.o(.text)
    .text                                    0x08000784   Section        0  __dclz77c.o(.text)
    i.BKP_DeInit                             0x080007e2   Section        0  stm32f10x_bkp.o(i.BKP_DeInit)
    i.BKP_ReadBackupRegister                 0x080007f4   Section        0  stm32f10x_bkp.o(i.BKP_ReadBackupRegister)
    i.BKP_WriteBackupRegister                0x08000810   Section        0  stm32f10x_bkp.o(i.BKP_WriteBackupRegister)
    i.BusFault_Handler                       0x0800082c   Section        0  stm32f10x_it.o(i.BusFault_Handler)
    i.CRC_16                                 0x08000830   Section        0  prjlib.o(i.CRC_16)
    i.Close_xMoto                            0x0800085c   Section        0  moto.o(i.Close_xMoto)
    i.Cmd_AddEntrance                        0x08000888   Section        0  prjlib.o(i.Cmd_AddEntrance)
    i.Cmd_Handle                             0x080008b8   Section        0  prjlib.o(i.Cmd_Handle)
    i.DebugMon_Handler                       0x08000974   Section        0  stm32f10x_it.o(i.DebugMon_Handler)
    i.GPIO_Init                              0x08000976   Section        0  stm32f10x_gpio.o(i.GPIO_Init)
    i.GPIO_PinRemapConfig                    0x08000a8c   Section        0  stm32f10x_gpio.o(i.GPIO_PinRemapConfig)
    i.GPIO_ReadInputDataBit                  0x08000b1c   Section        0  stm32f10x_gpio.o(i.GPIO_ReadInputDataBit)
    i.GPIO_ResetBits                         0x08000b2e   Section        0  stm32f10x_gpio.o(i.GPIO_ResetBits)
    i.GPIO_SetBits                           0x08000b32   Section        0  stm32f10x_gpio.o(i.GPIO_SetBits)
    i.Get_Back_Data                          0x08000b38   Section        0  ananlysis_data.o(i.Get_Back_Data)
    i.Get_Cargo_Data                         0x08000b44   Section        0  ananlysis_data.o(i.Get_Cargo_Data)
    i.Get_Mote_Data                          0x08000b54   Section        0  ananlysis_data.o(i.Get_Mote_Data)
    i.Get_Time                               0x08000b88   Section        0  ananlysis_data.o(i.Get_Time)
    i.Gun_CommandReceive_Poll                0x08000bd0   Section        0  analysis_protocol.o(i.Gun_CommandReceive_Poll)
    i.HardFault_Handler                      0x08000c8c   Section        0  stm32f10x_it.o(i.HardFault_Handler)
    i.IWDG_Enable                            0x08000c90   Section        0  stm32f10x_iwdg.o(i.IWDG_Enable)
    i.IWDG_Feed                              0x08000ca0   Section        0  wdg.o(i.IWDG_Feed)
    i.IWDG_Init                              0x08000ca8   Section        0  wdg.o(i.IWDG_Init)
    i.IWDG_ReloadCounter                     0x08000ccc   Section        0  stm32f10x_iwdg.o(i.IWDG_ReloadCounter)
    i.IWDG_SetPrescaler                      0x08000cdc   Section        0  stm32f10x_iwdg.o(i.IWDG_SetPrescaler)
    i.IWDG_SetReload                         0x08000ce8   Section        0  stm32f10x_iwdg.o(i.IWDG_SetReload)
    i.IWDG_WriteAccessCmd                    0x08000cf4   Section        0  stm32f10x_iwdg.o(i.IWDG_WriteAccessCmd)
    i.Is_Leap_Year                           0x08000d00   Section        0  rtc.o(i.Is_Leap_Year)
    i.KEY_Scan                               0x08000d3c   Section        0  key.o(i.KEY_Scan)
    i.MemManage_Handler                      0x08000d84   Section        0  stm32f10x_it.o(i.MemManage_Handler)
    i.Moto_Init                              0x08000d88   Section        0  moto.o(i.Moto_Init)
    i.MotorSetpperMove                       0x0800105c   Section        0  moto.o(i.MotorSetpperMove)
    i.NMI_Handler                            0x08001148   Section        0  stm32f10x_it.o(i.NMI_Handler)
    i.NVIC_Init                              0x0800114c   Section        0  misc.o(i.NVIC_Init)
    i.NVIC_PriorityGroupConfig               0x080011bc   Section        0  misc.o(i.NVIC_PriorityGroupConfig)
    i.Open_Gun                               0x080011d0   Section        0  gun.o(i.Open_Gun)
    i.Open_xMoto                             0x080011d4   Section        0  moto.o(i.Open_xMoto)
    i.PWR_BackupAccessCmd                    0x08001200   Section        0  stm32f10x_pwr.o(i.PWR_BackupAccessCmd)
    i.PendSV_Handler                         0x0800120c   Section        0  stm32f10x_it.o(i.PendSV_Handler)
    i.RCC_APB1PeriphClockCmd                 0x08001210   Section        0  stm32f10x_rcc.o(i.RCC_APB1PeriphClockCmd)
    i.RCC_APB2PeriphClockCmd                 0x08001230   Section        0  stm32f10x_rcc.o(i.RCC_APB2PeriphClockCmd)
    i.RCC_BackupResetCmd                     0x08001250   Section        0  stm32f10x_rcc.o(i.RCC_BackupResetCmd)
    i.RCC_GetClocksFreq                      0x0800125c   Section        0  stm32f10x_rcc.o(i.RCC_GetClocksFreq)
    i.RCC_RTCCLKCmd                          0x08001334   Section        0  stm32f10x_rcc.o(i.RCC_RTCCLKCmd)
    i.RCC_RTCCLKConfig                       0x08001340   Section        0  stm32f10x_rcc.o(i.RCC_RTCCLKConfig)
    i.RTC_ClearITPendingBit                  0x08001350   Section        0  stm32f10x_rtc.o(i.RTC_ClearITPendingBit)
    i.RTC_EnterConfigMode                    0x08001360   Section        0  stm32f10x_rtc.o(i.RTC_EnterConfigMode)
    i.RTC_ExitConfigMode                     0x08001374   Section        0  stm32f10x_rtc.o(i.RTC_ExitConfigMode)
    i.RTC_Get                                0x08001388   Section        0  rtc.o(i.RTC_Get)
    i.RTC_GetCounter                         0x0800148c   Section        0  stm32f10x_rtc.o(i.RTC_GetCounter)
    i.RTC_GetITStatus                        0x080014a0   Section        0  stm32f10x_rtc.o(i.RTC_GetITStatus)
    i.RTC_Get_Week                           0x080014c4   Section        0  rtc.o(i.RTC_Get_Week)
    i.RTC_IRQHandler                         0x0800153c   Section        0  rtc.o(i.RTC_IRQHandler)
    i.RTC_ITConfig                           0x080015ac   Section        0  stm32f10x_rtc.o(i.RTC_ITConfig)
    i.RTC_Init                               0x080015cc   Section        0  rtc.o(i.RTC_Init)
    i.RTC_NVIC_Config                        0x08001668   Section        0  rtc.o(i.RTC_NVIC_Config)
    RTC_NVIC_Config                          0x08001669   Thumb Code    32  rtc.o(i.RTC_NVIC_Config)
    i.RTC_Set                                0x08001688   Section        0  rtc.o(i.RTC_Set)
    i.RTC_SetCounter                         0x08001750   Section        0  stm32f10x_rtc.o(i.RTC_SetCounter)
    i.RTC_SetPrescaler                       0x0800176c   Section        0  stm32f10x_rtc.o(i.RTC_SetPrescaler)
    i.RTC_WaitForLastTask                    0x0800178c   Section        0  stm32f10x_rtc.o(i.RTC_WaitForLastTask)
    i.RTC_WaitForSynchro                     0x080017a0   Section        0  stm32f10x_rtc.o(i.RTC_WaitForSynchro)
    i.Read_xMoto                             0x080017c4   Section        0  moto.o(i.Read_xMoto)
    i.Report_State                           0x080017e4   Section        0  ananlysis_data.o(i.Report_State)
    i.SVC_Handler                            0x08001874   Section        0  stm32f10x_it.o(i.SVC_Handler)
    i.Screen_CommandReceive_Poll             0x08001878   Section        0  analysis_protocol.o(i.Screen_CommandReceive_Poll)
    i.SetSysClock                            0x080018e4   Section        0  system_stm32f10x.o(i.SetSysClock)
    SetSysClock                              0x080018e5   Thumb Code     8  system_stm32f10x.o(i.SetSysClock)
    i.SetSysClockTo72                        0x080018ec   Section        0  system_stm32f10x.o(i.SetSysClockTo72)
    SetSysClockTo72                          0x080018ed   Thumb Code   214  system_stm32f10x.o(i.SetSysClockTo72)
    i.Set_Gun                                0x080019cc   Section        0  gun.o(i.Set_Gun)
    i.Set_Moto                               0x08001a00   Section        0  moto.o(i.Set_Moto)
    i.Start_Borrow                           0x08001a24   Section        0  schedule.o(i.Start_Borrow)
    i.Start_Repay                            0x08001d50   Section        0  schedule.o(i.Start_Repay)
    i.Start_Schedule                         0x08001dd0   Section        0  schedule.o(i.Start_Schedule)
    i.SysTick_CLKSourceConfig                0x08001f4c   Section        0  misc.o(i.SysTick_CLKSourceConfig)
    i.SysTick_Handler                        0x08001f74   Section        0  stm32f10x_it.o(i.SysTick_Handler)
    i.SystemInit                             0x08001f78   Section        0  system_stm32f10x.o(i.SystemInit)
    i.TIM2_IRQHandler                        0x08001fd8   Section        0  timer.o(i.TIM2_IRQHandler)
    i.TIM2_Int_Init                          0x08002090   Section        0  timer.o(i.TIM2_Int_Init)
    i.TIM3_IRQHandler                        0x080020ec   Section        0  timer.o(i.TIM3_IRQHandler)
    i.TIM3_Int_Init                          0x0800212c   Section        0  timer.o(i.TIM3_Int_Init)
    i.TIM4_IRQHandler                        0x0800218c   Section        0  timer.o(i.TIM4_IRQHandler)
    i.TIM4_Int_Init                          0x08002200   Section        0  timer.o(i.TIM4_Int_Init)
    i.TIM_ClearITPendingBit                  0x08002260   Section        0  stm32f10x_tim.o(i.TIM_ClearITPendingBit)
    i.TIM_Cmd                                0x08002266   Section        0  stm32f10x_tim.o(i.TIM_Cmd)
    i.TIM_GetITStatus                        0x0800227e   Section        0  stm32f10x_tim.o(i.TIM_GetITStatus)
    i.TIM_ITConfig                           0x080022a0   Section        0  stm32f10x_tim.o(i.TIM_ITConfig)
    i.TIM_TimeBaseInit                       0x080022b4   Section        0  stm32f10x_tim.o(i.TIM_TimeBaseInit)
    i.USART1_IRQHandler                      0x08002358   Section        0  usart.o(i.USART1_IRQHandler)
    i.USART2_IRQHandler                      0x0800237c   Section        0  usart.o(i.USART2_IRQHandler)
    i.USART_Cmd                              0x080023a0   Section        0  stm32f10x_usart.o(i.USART_Cmd)
    i.USART_GetFlagStatus                    0x080023b8   Section        0  stm32f10x_usart.o(i.USART_GetFlagStatus)
    i.USART_GetITStatus                      0x080023d2   Section        0  stm32f10x_usart.o(i.USART_GetITStatus)
    i.USART_ITConfig                         0x08002426   Section        0  stm32f10x_usart.o(i.USART_ITConfig)
    i.USART_Init                             0x08002470   Section        0  stm32f10x_usart.o(i.USART_Init)
    i.USART_ReceiveData                      0x08002548   Section        0  stm32f10x_usart.o(i.USART_ReceiveData)
    i.USART_SendData                         0x08002552   Section        0  stm32f10x_usart.o(i.USART_SendData)
    i.Uart_Protocol_Cmd_Analy                0x0800255c   Section        0  analysis_protocol.o(i.Uart_Protocol_Cmd_Analy)
    i.Uart_Send_Data                         0x08002624   Section        0  usart.o(i.Uart_Send_Data)
    i.UsageFault_Handler                     0x08002670   Section        0  stm32f10x_it.o(i.UsageFault_Handler)
    i.__0printf                              0x08002674   Section        0  printfa.o(i.__0printf)
    i.__scatterload_copy                     0x08002694   Section       14  handlers.o(i.__scatterload_copy)
    i.__scatterload_null                     0x080026a2   Section        2  handlers.o(i.__scatterload_null)
    i.__scatterload_zeroinit                 0x080026a4   Section       14  handlers.o(i.__scatterload_zeroinit)
    i._fp_digits                             0x080026b4   Section        0  printfa.o(i._fp_digits)
    _fp_digits                               0x080026b5   Thumb Code   366  printfa.o(i._fp_digits)
    i._printf_core                           0x08002838   Section        0  printfa.o(i._printf_core)
    _printf_core                             0x08002839   Thumb Code  1744  printfa.o(i._printf_core)
    i._printf_post_padding                   0x08002f14   Section        0  printfa.o(i._printf_post_padding)
    _printf_post_padding                     0x08002f15   Thumb Code    36  printfa.o(i._printf_post_padding)
    i._printf_pre_padding                    0x08002f38   Section        0  printfa.o(i._printf_pre_padding)
    _printf_pre_padding                      0x08002f39   Thumb Code    46  printfa.o(i._printf_pre_padding)
    i.app_fifo_get                           0x08002f66   Section        0  fifo.o(i.app_fifo_get)
    i.app_fifo_init                          0x08002f84   Section        0  fifo.o(i.app_fifo_init)
    i.app_fifo_put                           0x08002fa8   Section        0  fifo.o(i.app_fifo_put)
    i.app_uart_get                           0x08002fcc   Section        0  fifo.o(i.app_uart_get)
    i.app_uart_put                           0x08003000   Section        0  fifo.o(i.app_uart_put)
    i.close_lock                             0x08003030   Section        0  moto.o(i.close_lock)
    i.delay                                  0x0800305c   Section        0  prjlib.o(i.delay)
    i.delay_init                             0x08003074   Section        0  delay.o(i.delay_init)
    i.delay_ms                               0x080030b8   Section        0  delay.o(i.delay_ms)
    i.delay_ms_whx                           0x08003104   Section        0  delay.o(i.delay_ms_whx)
    i.fifo_get                               0x08003124   Section        0  fifo.o(i.fifo_get)
    fifo_get                                 0x08003125   Thumb Code    20  fifo.o(i.fifo_get)
    i.fifo_length                            0x08003138   Section        0  fifo.o(i.fifo_length)
    i.fifo_put                               0x08003142   Section        0  fifo.o(i.fifo_put)
    fifo_put                                 0x08003143   Thumb Code    18  fifo.o(i.fifo_put)
    i.fputc                                  0x08003154   Section        0  usart.o(i.fputc)
    i.funControl                             0x08003178   Section        0  main.o(i.funControl)
    funControl                               0x08003179   Thumb Code  3492  main.o(i.funControl)
    i.get_moto_feetback                      0x08003fb4   Section        0  moto.o(i.get_moto_feetback)
    i.init_moto                              0x08003fe4   Section        0  moto.o(i.init_moto)
    i.led_light                              0x08004068   Section        0  main.o(i.led_light)
    i.main                                   0x080040d4   Section        0  main.o(i.main)
    i.open_all_door                          0x080041ac   Section        0  analysis_protocol.o(i.open_all_door)
    i.open_lock                              0x0800420c   Section        0  moto.o(i.open_lock)
    i.send_hart                              0x08004238   Section        0  analysis_protocol.o(i.send_hart)
    i.sound_control                          0x0800425c   Section        0  main.o(i.sound_control)
    i.steper_moto_in                         0x0800426c   Section        0  moto.o(i.steper_moto_in)
    i.steper_moto_out                        0x0800428c   Section        0  moto.o(i.steper_moto_out)
    i.uart1_init                             0x080042ac   Section        0  usart.o(i.uart1_init)
    i.uart2_init                             0x08004374   Section        0  usart.o(i.uart2_init)
    i.uatoi                                  0x08004418   Section        0  prjlib.o(i.uatoi)
    i.wait_fun                               0x08004444   Section        0  main.o(i.wait_fun)
    .constdata                               0x0800449c   Section        8  main.o(.constdata)
    .constdata                               0x080044a4   Section     1536  prjlib.o(.constdata)
    .constdata                               0x08004aa4   Section       36  rtc.o(.constdata)
    .constdata                               0x08004ac8   Section      129  ctype_o.o(.constdata)
    .constdata                               0x08004b4c   Section        4  ctype_o.o(.constdata)
    table                                    0x08004b4c   Data           4  ctype_o.o(.constdata)
    .constdata                               0x08004b50   Section       12  localtime.o(.constdata)
    monlen                                   0x08004b50   Data          12  localtime.o(.constdata)
    .conststring                             0x08004b5c   Section        5  main.o(.conststring)
    .data                                    0x20000000   Section       22  main.o(.data)
    CmdEntrance_MOTO                         0x20000008   Data          12  main.o(.data)
    i                                        0x20000014   Data           1  main.o(.data)
    i                                        0x20000015   Data           1  main.o(.data)
    .data                                    0x20000018   Section        8  prjlib.o(.data)
    firstEnt                                 0x20000018   Data           4  prjlib.o(.data)
    pTWDGEnter                               0x2000001c   Data           4  prjlib.o(.data)
    .data                                    0x20000020   Section       20  system_stm32f10x.o(.data)
    .data                                    0x20000034   Section       31  timer.o(.data)
    .data                                    0x20000053   Section       38  analysis_protocol.o(.data)
    report_data                              0x2000006f   Data           8  analysis_protocol.o(.data)
    key                                      0x20000077   Data           1  analysis_protocol.o(.data)
    i                                        0x20000078   Data           1  analysis_protocol.o(.data)
    .data                                    0x20000079   Section       17  ananlysis_data.o(.data)
    i                                        0x20000088   Data           1  ananlysis_data.o(.data)
    i                                        0x20000089   Data           1  ananlysis_data.o(.data)
    .data                                    0x2000008a   Section       11  schedule.o(.data)
    flag_one_time                            0x20000094   Data           1  schedule.o(.data)
    .data                                    0x20000095   Section        1  key.o(.data)
    key_up                                   0x20000095   Data           1  key.o(.data)
    .data                                    0x20000098   Section      720  moto.o(.data)
    .data                                    0x20000368   Section        4  delay.o(.data)
    fac_us                                   0x20000368   Data           1  delay.o(.data)
    fac_ms                                   0x2000036a   Data           2  delay.o(.data)
    .data                                    0x2000036c   Section       20  stm32f10x_rcc.o(.data)
    APBAHBPrescTable                         0x2000036c   Data          16  stm32f10x_rcc.o(.data)
    ADCPrescTable                            0x2000037c   Data           4  stm32f10x_rcc.o(.data)
    .data                                    0x20000380   Section        2  rtc.o(.data)
    daycnt                                   0x20000380   Data           2  rtc.o(.data)
    .data                                    0x20000384   Section        4  stdout.o(.data)
    .bss                                     0x20000388   Section       32  fifo.o(.bss)
    .bss                                     0x200003a8   Section      512  analysis_protocol.o(.bss)
    .bss                                     0x200005a8   Section     2048  usart.o(.bss)
    gs_gun_rx_buff                           0x200009a8   Data        1024  usart.o(.bss)
    .bss                                     0x20000da8   Section       10  rtc.o(.bss)
    .bss                                     0x20000db4   Section       44  localtime.o(.bss)
    _tms                                     0x20000db4   Data          44  localtime.o(.bss)
    STACK                                    0x20000de0   Section     1024  startup_stm32f10x_hd.o(STACK)

    Global Symbols

    Symbol Name                              Value     Ov Type        Size  Object(Section)

    BuildAttributes$$THM_ISAv4$P$D$K$B$S$PE$A:L22UL41UL21$X:L11$S22US41US21$IEEE1$IW$USESV6$~STKCKD$USESV7$~SHL$OSPACE$ROPI$EBA8$MICROLIB$REQ8$PRES8$EABIv2 0x00000000   Number         0  anon$$obj.o ABSOLUTE
    __ARM_use_no_argv                        0x00000000   Number         0  main.o ABSOLUTE
    _printf_a                                0x00000000   Number         0  stubs.o ABSOLUTE
    _printf_c                                0x00000000   Number         0  stubs.o ABSOLUTE
    _printf_charcount                        0x00000000   Number         0  stubs.o ABSOLUTE
    _printf_d                                0x00000000   Number         0  stubs.o ABSOLUTE
    _printf_e                                0x00000000   Number         0  stubs.o ABSOLUTE
    _printf_f                                0x00000000   Number         0  stubs.o ABSOLUTE
    _printf_flags                            0x00000000   Number         0  stubs.o ABSOLUTE
    _printf_fp_dec                           0x00000000   Number         0  stubs.o ABSOLUTE
    _printf_fp_hex                           0x00000000   Number         0  stubs.o ABSOLUTE
    _printf_g                                0x00000000   Number         0  stubs.o ABSOLUTE
    _printf_i                                0x00000000   Number         0  stubs.o ABSOLUTE
    _printf_int_dec                          0x00000000   Number         0  stubs.o ABSOLUTE
    _printf_l                                0x00000000   Number         0  stubs.o ABSOLUTE
    _printf_lc                               0x00000000   Number         0  stubs.o ABSOLUTE
    _printf_ll                               0x00000000   Number         0  stubs.o ABSOLUTE
    _printf_lld                              0x00000000   Number         0  stubs.o ABSOLUTE
    _printf_lli                              0x00000000   Number         0  stubs.o ABSOLUTE
    _printf_llo                              0x00000000   Number         0  stubs.o ABSOLUTE
    _printf_llu                              0x00000000   Number         0  stubs.o ABSOLUTE
    _printf_llx                              0x00000000   Number         0  stubs.o ABSOLUTE
    _printf_longlong_dec                     0x00000000   Number         0  stubs.o ABSOLUTE
    _printf_longlong_hex                     0x00000000   Number         0  stubs.o ABSOLUTE
    _printf_longlong_oct                     0x00000000   Number         0  stubs.o ABSOLUTE
    _printf_ls                               0x00000000   Number         0  stubs.o ABSOLUTE
    _printf_mbtowc                           0x00000000   Number         0  stubs.o ABSOLUTE
    _printf_n                                0x00000000   Number         0  stubs.o ABSOLUTE
    _printf_o                                0x00000000   Number         0  stubs.o ABSOLUTE
    _printf_p                                0x00000000   Number         0  stubs.o ABSOLUTE
    _printf_percent                          0x00000000   Number         0  stubs.o ABSOLUTE
    _printf_pre_padding                      0x00000000   Number         0  stubs.o ABSOLUTE
    _printf_return_value                     0x00000000   Number         0  stubs.o ABSOLUTE
    _printf_s                                0x00000000   Number         0  stubs.o ABSOLUTE
    _printf_sizespec                         0x00000000   Number         0  stubs.o ABSOLUTE
    _printf_str                              0x00000000   Number         0  stubs.o ABSOLUTE
    _printf_truncate_signed                  0x00000000   Number         0  stubs.o ABSOLUTE
    _printf_truncate_unsigned                0x00000000   Number         0  stubs.o ABSOLUTE
    _printf_u                                0x00000000   Number         0  stubs.o ABSOLUTE
    _printf_wc                               0x00000000   Number         0  stubs.o ABSOLUTE
    _printf_wctomb                           0x00000000   Number         0  stubs.o ABSOLUTE
    _printf_widthprec                        0x00000000   Number         0  stubs.o ABSOLUTE
    _printf_x                                0x00000000   Number         0  stubs.o ABSOLUTE
    __cpp_initialize__aeabi_                  - Undefined Weak Reference
    __cxa_finalize                            - Undefined Weak Reference
    _clock_init                               - Undefined Weak Reference
    _microlib_exit                            - Undefined Weak Reference
    __Vectors_Size                           0x00000130   Number         0  startup_stm32f10x_hd.o ABSOLUTE
    __Vectors                                0x08000000   Data           4  startup_stm32f10x_hd.o(RESET)
    __Vectors_End                            0x08000130   Data           0  startup_stm32f10x_hd.o(RESET)
    __main                                   0x08000131   Thumb Code     0  entry.o(.ARM.Collect$$$$00000000)
    _main_stk                                0x08000131   Thumb Code     0  entry2.o(.ARM.Collect$$$$00000001)
    _main_scatterload                        0x08000135   Thumb Code     0  entry5.o(.ARM.Collect$$$$00000004)
    __main_after_scatterload                 0x08000139   Thumb Code     0  entry5.o(.ARM.Collect$$$$00000004)
    _main_clock                              0x08000139   Thumb Code     0  entry7b.o(.ARM.Collect$$$$00000008)
    _main_cpp_init                           0x08000139   Thumb Code     0  entry8b.o(.ARM.Collect$$$$0000000A)
    _main_init                               0x08000139   Thumb Code     0  entry9a.o(.ARM.Collect$$$$0000000B)
    __rt_final_cpp                           0x08000141   Thumb Code     0  entry10a.o(.ARM.Collect$$$$0000000D)
    __rt_final_exit                          0x08000141   Thumb Code     0  entry11a.o(.ARM.Collect$$$$0000000F)
    Reset_Handler                            0x08000145   Thumb Code     8  startup_stm32f10x_hd.o(.text)
    ADC1_2_IRQHandler                        0x0800015f   Thumb Code     0  startup_stm32f10x_hd.o(.text)
    ADC3_IRQHandler                          0x0800015f   Thumb Code     0  startup_stm32f10x_hd.o(.text)
    CAN1_RX1_IRQHandler                      0x0800015f   Thumb Code     0  startup_stm32f10x_hd.o(.text)
    CAN1_SCE_IRQHandler                      0x0800015f   Thumb Code     0  startup_stm32f10x_hd.o(.text)
    DMA1_Channel1_IRQHandler                 0x0800015f   Thumb Code     0  startup_stm32f10x_hd.o(.text)
    DMA1_Channel2_IRQHandler                 0x0800015f   Thumb Code     0  startup_stm32f10x_hd.o(.text)
    DMA1_Channel3_IRQHandler                 0x0800015f   Thumb Code     0  startup_stm32f10x_hd.o(.text)
    DMA1_Channel4_IRQHandler                 0x0800015f   Thumb Code     0  startup_stm32f10x_hd.o(.text)
    DMA1_Channel5_IRQHandler                 0x0800015f   Thumb Code     0  startup_stm32f10x_hd.o(.text)
    DMA1_Channel6_IRQHandler                 0x0800015f   Thumb Code     0  startup_stm32f10x_hd.o(.text)
    DMA1_Channel7_IRQHandler                 0x0800015f   Thumb Code     0  startup_stm32f10x_hd.o(.text)
    DMA2_Channel1_IRQHandler                 0x0800015f   Thumb Code     0  startup_stm32f10x_hd.o(.text)
    DMA2_Channel2_IRQHandler                 0x0800015f   Thumb Code     0  startup_stm32f10x_hd.o(.text)
    DMA2_Channel3_IRQHandler                 0x0800015f   Thumb Code     0  startup_stm32f10x_hd.o(.text)
    DMA2_Channel4_5_IRQHandler               0x0800015f   Thumb Code     0  startup_stm32f10x_hd.o(.text)
    EXTI0_IRQHandler                         0x0800015f   Thumb Code     0  startup_stm32f10x_hd.o(.text)
    EXTI15_10_IRQHandler                     0x0800015f   Thumb Code     0  startup_stm32f10x_hd.o(.text)
    EXTI1_IRQHandler                         0x0800015f   Thumb Code     0  startup_stm32f10x_hd.o(.text)
    EXTI2_IRQHandler                         0x0800015f   Thumb Code     0  startup_stm32f10x_hd.o(.text)
    EXTI3_IRQHandler                         0x0800015f   Thumb Code     0  startup_stm32f10x_hd.o(.text)
    EXTI4_IRQHandler                         0x0800015f   Thumb Code     0  startup_stm32f10x_hd.o(.text)
    EXTI9_5_IRQHandler                       0x0800015f   Thumb Code     0  startup_stm32f10x_hd.o(.text)
    FLASH_IRQHandler                         0x0800015f   Thumb Code     0  startup_stm32f10x_hd.o(.text)
    FSMC_IRQHandler                          0x0800015f   Thumb Code     0  startup_stm32f10x_hd.o(.text)
    I2C1_ER_IRQHandler                       0x0800015f   Thumb Code     0  startup_stm32f10x_hd.o(.text)
    I2C1_EV_IRQHandler                       0x0800015f   Thumb Code     0  startup_stm32f10x_hd.o(.text)
    I2C2_ER_IRQHandler                       0x0800015f   Thumb Code     0  startup_stm32f10x_hd.o(.text)
    I2C2_EV_IRQHandler                       0x0800015f   Thumb Code     0  startup_stm32f10x_hd.o(.text)
    PVD_IRQHandler                           0x0800015f   Thumb Code     0  startup_stm32f10x_hd.o(.text)
    RCC_IRQHandler                           0x0800015f   Thumb Code     0  startup_stm32f10x_hd.o(.text)
    RTCAlarm_IRQHandler                      0x0800015f   Thumb Code     0  startup_stm32f10x_hd.o(.text)
    SDIO_IRQHandler                          0x0800015f   Thumb Code     0  startup_stm32f10x_hd.o(.text)
    SPI1_IRQHandler                          0x0800015f   Thumb Code     0  startup_stm32f10x_hd.o(.text)
    SPI2_IRQHandler                          0x0800015f   Thumb Code     0  startup_stm32f10x_hd.o(.text)
    SPI3_IRQHandler                          0x0800015f   Thumb Code     0  startup_stm32f10x_hd.o(.text)
    TAMPER_IRQHandler                        0x0800015f   Thumb Code     0  startup_stm32f10x_hd.o(.text)
    TIM1_BRK_IRQHandler                      0x0800015f   Thumb Code     0  startup_stm32f10x_hd.o(.text)
    TIM1_CC_IRQHandler                       0x0800015f   Thumb Code     0  startup_stm32f10x_hd.o(.text)
    TIM1_TRG_COM_IRQHandler                  0x0800015f   Thumb Code     0  startup_stm32f10x_hd.o(.text)
    TIM1_UP_IRQHandler                       0x0800015f   Thumb Code     0  startup_stm32f10x_hd.o(.text)
    TIM5_IRQHandler                          0x0800015f   Thumb Code     0  startup_stm32f10x_hd.o(.text)
    TIM6_IRQHandler                          0x0800015f   Thumb Code     0  startup_stm32f10x_hd.o(.text)
    TIM7_IRQHandler                          0x0800015f   Thumb Code     0  startup_stm32f10x_hd.o(.text)
    TIM8_BRK_IRQHandler                      0x0800015f   Thumb Code     0  startup_stm32f10x_hd.o(.text)
    TIM8_CC_IRQHandler                       0x0800015f   Thumb Code     0  startup_stm32f10x_hd.o(.text)
    TIM8_TRG_COM_IRQHandler                  0x0800015f   Thumb Code     0  startup_stm32f10x_hd.o(.text)
    TIM8_UP_IRQHandler                       0x0800015f   Thumb Code     0  startup_stm32f10x_hd.o(.text)
    UART4_IRQHandler                         0x0800015f   Thumb Code     0  startup_stm32f10x_hd.o(.text)
    UART5_IRQHandler                         0x0800015f   Thumb Code     0  startup_stm32f10x_hd.o(.text)
    USART3_IRQHandler                        0x0800015f   Thumb Code     0  startup_stm32f10x_hd.o(.text)
    USBWakeUp_IRQHandler                     0x0800015f   Thumb Code     0  startup_stm32f10x_hd.o(.text)
    USB_HP_CAN1_TX_IRQHandler                0x0800015f   Thumb Code     0  startup_stm32f10x_hd.o(.text)
    USB_LP_CAN1_RX0_IRQHandler               0x0800015f   Thumb Code     0  startup_stm32f10x_hd.o(.text)
    WWDG_IRQHandler                          0x0800015f   Thumb Code     0  startup_stm32f10x_hd.o(.text)
    __rt_ctype_table                         0x08000169   Thumb Code     4  ctype_o.o(.text)
    localtime                                0x08000171   Thumb Code   138  localtime.o(.text)
    __aeabi_memset                           0x08000205   Thumb Code    14  memseta.o(.text)
    __aeabi_memset4                          0x08000205   Thumb Code     0  memseta.o(.text)
    __aeabi_memset8                          0x08000205   Thumb Code     0  memseta.o(.text)
    __aeabi_memclr                           0x08000213   Thumb Code     4  memseta.o(.text)
    __aeabi_memclr4                          0x08000213   Thumb Code     0  memseta.o(.text)
    __aeabi_memclr8                          0x08000213   Thumb Code     0  memseta.o(.text)
    _memset$wrapper                          0x08000217   Thumb Code    18  memseta.o(.text)
    strcmp                                   0x08000229   Thumb Code    28  strcmp.o(.text)
    __aeabi_dadd                             0x08000245   Thumb Code   322  dadd.o(.text)
    __aeabi_dsub                             0x08000387   Thumb Code     6  dadd.o(.text)
    __aeabi_drsub                            0x0800038d   Thumb Code     6  dadd.o(.text)
    __aeabi_ddiv                             0x08000393   Thumb Code   222  ddiv.o(.text)
    __aeabi_uidiv                            0x08000471   Thumb Code     0  uidiv.o(.text)
    __aeabi_uidivmod                         0x08000471   Thumb Code    44  uidiv.o(.text)
    __aeabi_uldivmod                         0x0800049d   Thumb Code    98  uldiv.o(.text)
    __aeabi_llsl                             0x080004ff   Thumb Code    30  llshl.o(.text)
    _ll_shift_l                              0x080004ff   Thumb Code     0  llshl.o(.text)
    __aeabi_lasr                             0x0800051d   Thumb Code    36  llsshr.o(.text)
    _ll_sshift_r                             0x0800051d   Thumb Code     0  llsshr.o(.text)
    __I$use$fp                               0x08000541   Thumb Code     0  iusefp.o(.text)
    _double_round                            0x08000541   Thumb Code    30  depilogue.o(.text)
    _double_epilogue                         0x0800055f   Thumb Code   156  depilogue.o(.text)
    __aeabi_dmul                             0x080005fb   Thumb Code   228  dmul.o(.text)
    __aeabi_d2ulz                            0x080006df   Thumb Code    48  dfixul.o(.text)
    __aeabi_cdrcmple                         0x08000711   Thumb Code    48  cdrcmple.o(.text)
    __scatterload                            0x08000741   Thumb Code    28  init.o(.text)
    __scatterload_rt2                        0x08000741   Thumb Code     0  init.o(.text)
    __aeabi_llsr                             0x08000765   Thumb Code    32  llushr.o(.text)
    _ll_ushift_r                             0x08000765   Thumb Code     0  llushr.o(.text)
    __decompress                             0x08000785   Thumb Code     0  __dclz77c.o(.text)
    __decompress2                            0x08000785   Thumb Code    94  __dclz77c.o(.text)
    BKP_DeInit                               0x080007e3   Thumb Code    16  stm32f10x_bkp.o(i.BKP_DeInit)
    BKP_ReadBackupRegister                   0x080007f5   Thumb Code    24  stm32f10x_bkp.o(i.BKP_ReadBackupRegister)
    BKP_WriteBackupRegister                  0x08000811   Thumb Code    22  stm32f10x_bkp.o(i.BKP_WriteBackupRegister)
    BusFault_Handler                         0x0800082d   Thumb Code     4  stm32f10x_it.o(i.BusFault_Handler)
    CRC_16                                   0x08000831   Thumb Code    40  prjlib.o(i.CRC_16)
    Close_xMoto                              0x0800085d   Thumb Code    40  moto.o(i.Close_xMoto)
    Cmd_AddEntrance                          0x08000889   Thumb Code    44  prjlib.o(i.Cmd_AddEntrance)
    Cmd_Handle                               0x080008b9   Thumb Code   182  prjlib.o(i.Cmd_Handle)
    DebugMon_Handler                         0x08000975   Thumb Code     2  stm32f10x_it.o(i.DebugMon_Handler)
    GPIO_Init                                0x08000977   Thumb Code   278  stm32f10x_gpio.o(i.GPIO_Init)
    GPIO_PinRemapConfig                      0x08000a8d   Thumb Code   138  stm32f10x_gpio.o(i.GPIO_PinRemapConfig)
    GPIO_ReadInputDataBit                    0x08000b1d   Thumb Code    18  stm32f10x_gpio.o(i.GPIO_ReadInputDataBit)
    GPIO_ResetBits                           0x08000b2f   Thumb Code     4  stm32f10x_gpio.o(i.GPIO_ResetBits)
    GPIO_SetBits                             0x08000b33   Thumb Code     4  stm32f10x_gpio.o(i.GPIO_SetBits)
    Get_Back_Data                            0x08000b39   Thumb Code     8  ananlysis_data.o(i.Get_Back_Data)
    Get_Cargo_Data                           0x08000b45   Thumb Code    12  ananlysis_data.o(i.Get_Cargo_Data)
    Get_Mote_Data                            0x08000b55   Thumb Code    44  ananlysis_data.o(i.Get_Mote_Data)
    Get_Time                                 0x08000b89   Thumb Code    72  ananlysis_data.o(i.Get_Time)
    Gun_CommandReceive_Poll                  0x08000bd1   Thumb Code   176  analysis_protocol.o(i.Gun_CommandReceive_Poll)
    HardFault_Handler                        0x08000c8d   Thumb Code     4  stm32f10x_it.o(i.HardFault_Handler)
    IWDG_Enable                              0x08000c91   Thumb Code    10  stm32f10x_iwdg.o(i.IWDG_Enable)
    IWDG_Feed                                0x08000ca1   Thumb Code     8  wdg.o(i.IWDG_Feed)
    IWDG_Init                                0x08000ca9   Thumb Code    36  wdg.o(i.IWDG_Init)
    IWDG_ReloadCounter                       0x08000ccd   Thumb Code    10  stm32f10x_iwdg.o(i.IWDG_ReloadCounter)
    IWDG_SetPrescaler                        0x08000cdd   Thumb Code     6  stm32f10x_iwdg.o(i.IWDG_SetPrescaler)
    IWDG_SetReload                           0x08000ce9   Thumb Code     6  stm32f10x_iwdg.o(i.IWDG_SetReload)
    IWDG_WriteAccessCmd                      0x08000cf5   Thumb Code     6  stm32f10x_iwdg.o(i.IWDG_WriteAccessCmd)
    Is_Leap_Year                             0x08000d01   Thumb Code    58  rtc.o(i.Is_Leap_Year)
    KEY_Scan                                 0x08000d3d   Thumb Code    62  key.o(i.KEY_Scan)
    MemManage_Handler                        0x08000d85   Thumb Code     4  stm32f10x_it.o(i.MemManage_Handler)
    Moto_Init                                0x08000d89   Thumb Code   684  moto.o(i.Moto_Init)
    MotorSetpperMove                         0x0800105d   Thumb Code   230  moto.o(i.MotorSetpperMove)
    NMI_Handler                              0x08001149   Thumb Code     2  stm32f10x_it.o(i.NMI_Handler)
    NVIC_Init                                0x0800114d   Thumb Code   100  misc.o(i.NVIC_Init)
    NVIC_PriorityGroupConfig                 0x080011bd   Thumb Code    10  misc.o(i.NVIC_PriorityGroupConfig)
    Open_Gun                                 0x080011d1   Thumb Code     4  gun.o(i.Open_Gun)
    Open_xMoto                               0x080011d5   Thumb Code    40  moto.o(i.Open_xMoto)
    PWR_BackupAccessCmd                      0x08001201   Thumb Code     6  stm32f10x_pwr.o(i.PWR_BackupAccessCmd)
    PendSV_Handler                           0x0800120d   Thumb Code     2  stm32f10x_it.o(i.PendSV_Handler)
    RCC_APB1PeriphClockCmd                   0x08001211   Thumb Code    26  stm32f10x_rcc.o(i.RCC_APB1PeriphClockCmd)
    RCC_APB2PeriphClockCmd                   0x08001231   Thumb Code    26  stm32f10x_rcc.o(i.RCC_APB2PeriphClockCmd)
    RCC_BackupResetCmd                       0x08001251   Thumb Code     6  stm32f10x_rcc.o(i.RCC_BackupResetCmd)
    RCC_GetClocksFreq                        0x0800125d   Thumb Code   192  stm32f10x_rcc.o(i.RCC_GetClocksFreq)
    RCC_RTCCLKCmd                            0x08001335   Thumb Code     6  stm32f10x_rcc.o(i.RCC_RTCCLKCmd)
    RCC_RTCCLKConfig                         0x08001341   Thumb Code    12  stm32f10x_rcc.o(i.RCC_RTCCLKConfig)
    RTC_ClearITPendingBit                    0x08001351   Thumb Code    12  stm32f10x_rtc.o(i.RTC_ClearITPendingBit)
    RTC_EnterConfigMode                      0x08001361   Thumb Code    14  stm32f10x_rtc.o(i.RTC_EnterConfigMode)
    RTC_ExitConfigMode                       0x08001375   Thumb Code    16  stm32f10x_rtc.o(i.RTC_ExitConfigMode)
    RTC_Get                                  0x08001389   Thumb Code   244  rtc.o(i.RTC_Get)
    RTC_GetCounter                           0x0800148d   Thumb Code    16  stm32f10x_rtc.o(i.RTC_GetCounter)
    RTC_GetITStatus                          0x080014a1   Thumb Code    32  stm32f10x_rtc.o(i.RTC_GetITStatus)
    RTC_Get_Week                             0x080014c5   Thumb Code   116  rtc.o(i.RTC_Get_Week)
    RTC_IRQHandler                           0x0800153d   Thumb Code    76  rtc.o(i.RTC_IRQHandler)
    RTC_ITConfig                             0x080015ad   Thumb Code    26  stm32f10x_rtc.o(i.RTC_ITConfig)
    RTC_Init                                 0x080015cd   Thumb Code   150  rtc.o(i.RTC_Init)
    RTC_Set                                  0x08001689   Thumb Code   184  rtc.o(i.RTC_Set)
    RTC_SetCounter                           0x08001751   Thumb Code    24  stm32f10x_rtc.o(i.RTC_SetCounter)
    RTC_SetPrescaler                         0x0800176d   Thumb Code    26  stm32f10x_rtc.o(i.RTC_SetPrescaler)
    RTC_WaitForLastTask                      0x0800178d   Thumb Code    16  stm32f10x_rtc.o(i.RTC_WaitForLastTask)
    RTC_WaitForSynchro                       0x080017a1   Thumb Code    30  stm32f10x_rtc.o(i.RTC_WaitForSynchro)
    Read_xMoto                               0x080017c5   Thumb Code    26  moto.o(i.Read_xMoto)
    Report_State                             0x080017e5   Thumb Code   144  ananlysis_data.o(i.Report_State)
    SVC_Handler                              0x08001875   Thumb Code     2  stm32f10x_it.o(i.SVC_Handler)
    Screen_CommandReceive_Poll               0x08001879   Thumb Code   104  analysis_protocol.o(i.Screen_CommandReceive_Poll)
    Set_Gun                                  0x080019cd   Thumb Code    38  gun.o(i.Set_Gun)
    Set_Moto                                 0x08001a01   Thumb Code    32  moto.o(i.Set_Moto)
    Start_Borrow                             0x08001a25   Thumb Code   720  schedule.o(i.Start_Borrow)
    Start_Repay                              0x08001d51   Thumb Code   110  schedule.o(i.Start_Repay)
    Start_Schedule                           0x08001dd1   Thumb Code   366  schedule.o(i.Start_Schedule)
    SysTick_CLKSourceConfig                  0x08001f4d   Thumb Code    40  misc.o(i.SysTick_CLKSourceConfig)
    SysTick_Handler                          0x08001f75   Thumb Code     2  stm32f10x_it.o(i.SysTick_Handler)
    SystemInit                               0x08001f79   Thumb Code    78  system_stm32f10x.o(i.SystemInit)
    TIM2_IRQHandler                          0x08001fd9   Thumb Code   148  timer.o(i.TIM2_IRQHandler)
    TIM2_Int_Init                            0x08002091   Thumb Code    92  timer.o(i.TIM2_Int_Init)
    TIM3_IRQHandler                          0x080020ed   Thumb Code    48  timer.o(i.TIM3_IRQHandler)
    TIM3_Int_Init                            0x0800212d   Thumb Code    90  timer.o(i.TIM3_Int_Init)
    TIM4_IRQHandler                          0x0800218d   Thumb Code    92  timer.o(i.TIM4_IRQHandler)
    TIM4_Int_Init                            0x08002201   Thumb Code    90  timer.o(i.TIM4_Int_Init)
    TIM_ClearITPendingBit                    0x08002261   Thumb Code     6  stm32f10x_tim.o(i.TIM_ClearITPendingBit)
    TIM_Cmd                                  0x08002267   Thumb Code    24  stm32f10x_tim.o(i.TIM_Cmd)
    TIM_GetITStatus                          0x0800227f   Thumb Code    34  stm32f10x_tim.o(i.TIM_GetITStatus)
    TIM_ITConfig                             0x080022a1   Thumb Code    18  stm32f10x_tim.o(i.TIM_ITConfig)
    TIM_TimeBaseInit                         0x080022b5   Thumb Code   122  stm32f10x_tim.o(i.TIM_TimeBaseInit)
    USART1_IRQHandler                        0x08002359   Thumb Code    32  usart.o(i.USART1_IRQHandler)
    USART2_IRQHandler                        0x0800237d   Thumb Code    32  usart.o(i.USART2_IRQHandler)
    USART_Cmd                                0x080023a1   Thumb Code    24  stm32f10x_usart.o(i.USART_Cmd)
    USART_GetFlagStatus                      0x080023b9   Thumb Code    26  stm32f10x_usart.o(i.USART_GetFlagStatus)
    USART_GetITStatus                        0x080023d3   Thumb Code    84  stm32f10x_usart.o(i.USART_GetITStatus)
    USART_ITConfig                           0x08002427   Thumb Code    74  stm32f10x_usart.o(i.USART_ITConfig)
    USART_Init                               0x08002471   Thumb Code   210  stm32f10x_usart.o(i.USART_Init)
    USART_ReceiveData                        0x08002549   Thumb Code    10  stm32f10x_usart.o(i.USART_ReceiveData)
    USART_SendData                           0x08002553   Thumb Code     8  stm32f10x_usart.o(i.USART_SendData)
    Uart_Protocol_Cmd_Analy                  0x0800255d   Thumb Code   188  analysis_protocol.o(i.Uart_Protocol_Cmd_Analy)
    Uart_Send_Data                           0x08002625   Thumb Code    68  usart.o(i.Uart_Send_Data)
    UsageFault_Handler                       0x08002671   Thumb Code     4  stm32f10x_it.o(i.UsageFault_Handler)
    __0printf                                0x08002675   Thumb Code    22  printfa.o(i.__0printf)
    __1printf                                0x08002675   Thumb Code     0  printfa.o(i.__0printf)
    __2printf                                0x08002675   Thumb Code     0  printfa.o(i.__0printf)
    __c89printf                              0x08002675   Thumb Code     0  printfa.o(i.__0printf)
    printf                                   0x08002675   Thumb Code     0  printfa.o(i.__0printf)
    __scatterload_copy                       0x08002695   Thumb Code    14  handlers.o(i.__scatterload_copy)
    __scatterload_null                       0x080026a3   Thumb Code     2  handlers.o(i.__scatterload_null)
    __scatterload_zeroinit                   0x080026a5   Thumb Code    14  handlers.o(i.__scatterload_zeroinit)
    app_fifo_get                             0x08002f67   Thumb Code    30  fifo.o(i.app_fifo_get)
    app_fifo_init                            0x08002f85   Thumb Code    36  fifo.o(i.app_fifo_init)
    app_fifo_put                             0x08002fa9   Thumb Code    34  fifo.o(i.app_fifo_put)
    app_uart_get                             0x08002fcd   Thumb Code    44  fifo.o(i.app_uart_get)
    app_uart_put                             0x08003001   Thumb Code    40  fifo.o(i.app_uart_put)
    close_lock                               0x08003031   Thumb Code    40  moto.o(i.close_lock)
    delay                                    0x0800305d   Thumb Code    22  prjlib.o(i.delay)
    delay_init                               0x08003075   Thumb Code    50  delay.o(i.delay_init)
    delay_ms                                 0x080030b9   Thumb Code    72  delay.o(i.delay_ms)
    delay_ms_whx                             0x08003105   Thumb Code    32  delay.o(i.delay_ms_whx)
    fifo_length                              0x08003139   Thumb Code    10  fifo.o(i.fifo_length)
    fputc                                    0x08003155   Thumb Code    32  usart.o(i.fputc)
    get_moto_feetback                        0x08003fb5   Thumb Code    42  moto.o(i.get_moto_feetback)
    init_moto                                0x08003fe5   Thumb Code   114  moto.o(i.init_moto)
    led_light                                0x08004069   Thumb Code    94  main.o(i.led_light)
    main                                     0x080040d5   Thumb Code   176  main.o(i.main)
    open_all_door                            0x080041ad   Thumb Code    86  analysis_protocol.o(i.open_all_door)
    open_lock                                0x0800420d   Thumb Code    40  moto.o(i.open_lock)
    send_hart                                0x08004239   Thumb Code    26  analysis_protocol.o(i.send_hart)
    sound_control                            0x0800425d   Thumb Code    12  main.o(i.sound_control)
    steper_moto_in                           0x0800426d   Thumb Code    22  moto.o(i.steper_moto_in)
    steper_moto_out                          0x0800428d   Thumb Code    22  moto.o(i.steper_moto_out)
    uart1_init                               0x080042ad   Thumb Code   176  usart.o(i.uart1_init)
    uart2_init                               0x08004375   Thumb Code   154  usart.o(i.uart2_init)
    uatoi                                    0x08004419   Thumb Code    42  prjlib.o(i.uatoi)
    wait_fun                                 0x08004445   Thumb Code    70  main.o(i.wait_fun)
    crc16tab                                 0x080044a4   Data         512  prjlib.o(.constdata)
    crc32tab                                 0x080046a4   Data        1024  prjlib.o(.constdata)
    g_day_per_mon                            0x08004aa4   Data          12  rtc.o(.constdata)
    table_week                               0x08004ab0   Data          12  rtc.o(.constdata)
    mon_table                                0x08004abc   Data          12  rtc.o(.constdata)
    __ctype_table                            0x08004ac8   Data         129  ctype_o.o(.constdata)
    Region$$Table$$Base                      0x08004b64   Number         0  anon$$obj.o(Region$$Table)
    Region$$Table$$Limit                     0x08004b84   Number         0  anon$$obj.o(Region$$Table)
    time                                     0x20000000   Data           4  main.o(.data)
    flag_send_success                        0x20000004   Data           1  main.o(.data)
    SystemCoreClock                          0x20000020   Data           4  system_stm32f10x.o(.data)
    AHBPrescTable                            0x20000024   Data          16  system_stm32f10x.o(.data)
    timer3_tick                              0x20000034   Data           4  timer.o(.data)
    timer4_tick                              0x20000038   Data           4  timer.o(.data)
    timer2_tick                              0x2000003c   Data           4  timer.o(.data)
    flag_hart                                0x20000040   Data           1  timer.o(.data)
    flag_new_sensor                          0x20000041   Data           1  timer.o(.data)
    calc_times                               0x20000042   Data           2  timer.o(.data)
    flag_calc_times                          0x20000044   Data           1  timer.o(.data)
    delay_time                               0x20000046   Data           2  timer.o(.data)
    time_close_door                          0x20000048   Data           1  timer.o(.data)
    flag_door_time                           0x20000049   Data           1  timer.o(.data)
    flag_open_door_led                       0x2000004a   Data           1  timer.o(.data)
    flag_0_5_num                             0x2000004b   Data           1  timer.o(.data)
    calc_c_times                             0x2000004c   Data           2  timer.o(.data)
    flag_calc_c_times                        0x2000004e   Data           1  timer.o(.data)
    calc_c_times_out                         0x20000050   Data           2  timer.o(.data)
    flag_calc_c_times_out                    0x20000052   Data           1  timer.o(.data)
    report_data                              0x20000053   Data           8  analysis_protocol.o(.data)
    start_screen                             0x2000005b   Data           6  analysis_protocol.o(.data)
    stop_screen                              0x20000061   Data           6  analysis_protocol.o(.data)
    data                                     0x20000067   Data           8  analysis_protocol.o(.data)
    g_start_cmd                              0x20000079   Data           7  ananlysis_data.o(.data)
    g_array_ML                               0x20000080   Data           8  ananlysis_data.o(.data)
    close_800mm_moto                         0x2000008a   Data           1  schedule.o(.data)
    close_3min_cargo                         0x2000008b   Data           1  schedule.o(.data)
    flag_finish                              0x2000008c   Data           1  schedule.o(.data)
    sensor_B_num                             0x2000008e   Data           2  schedule.o(.data)
    pluse_hight                              0x20000090   Data           2  schedule.o(.data)
    pluse_low                                0x20000092   Data           2  schedule.o(.data)
    machine                                  0x20000098   Data           4  moto.o(.data)
    motoDef                                  0x2000009c   Data          24  moto.o(.data)
    errorDef                                 0x200000b4   Data           3  moto.o(.data)
    Pin_Array                                0x200000b8   Data         256  moto.o(.data)
    Pin_Array_FEEDBACK                       0x200001b8   Data         256  moto.o(.data)
    Pin_Array_LOCK                           0x200002b8   Data         176  moto.o(.data)
    __stdout                                 0x20000384   Data           4  stdout.o(.data)
    rx_fifo_Gun_Def                          0x20000388   Data          16  fifo.o(.bss)
    rx_fifo_Screen_Def                       0x20000398   Data          16  fifo.o(.bss)
    CmdRecBuf                                0x200003a8   Data         512  analysis_protocol.o(.bss)
    gs_screen_rx_buff                        0x200005a8   Data        1024  usart.o(.bss)
    calendar                                 0x20000da8   Data          10  rtc.o(.bss)
    __initial_sp                             0x200011e0   Data           0  startup_stm32f10x_hd.o(STACK)



==============================================================================

Memory Map of the image

  Image Entry point : 0x08000131

  Load Region LR_IROM1 (Base: 0x08000000, Size: 0x00004f0c, Max: 0x00080000, ABSOLUTE, COMPRESSED[0x00004d08])

    Execution Region ER_IROM1 (Exec base: 0x08000000, Load base: 0x08000000, Size: 0x00004b84, Max: 0x00080000, ABSOLUTE)

    Exec Addr    Load Addr    Size         Type   Attr      Idx    E Section Name        Object

    0x08000000   0x08000000   0x00000130   Data   RO         1277    RESET               startup_stm32f10x_hd.o
    0x08000130   0x08000130   0x00000000   Code   RO         2709  * .ARM.Collect$$$$00000000  mc_w.l(entry.o)
    0x08000130   0x08000130   0x00000004   Code   RO         3025    .ARM.Collect$$$$00000001  mc_w.l(entry2.o)
    0x08000134   0x08000134   0x00000004   Code   RO         3028    .ARM.Collect$$$$00000004  mc_w.l(entry5.o)
    0x08000138   0x08000138   0x00000000   Code   RO         3030    .ARM.Collect$$$$00000008  mc_w.l(entry7b.o)
    0x08000138   0x08000138   0x00000000   Code   RO         3032    .ARM.Collect$$$$0000000A  mc_w.l(entry8b.o)
    0x08000138   0x08000138   0x00000008   Code   RO         3033    .ARM.Collect$$$$0000000B  mc_w.l(entry9a.o)
    0x08000140   0x08000140   0x00000000   Code   RO         3035    .ARM.Collect$$$$0000000D  mc_w.l(entry10a.o)
    0x08000140   0x08000140   0x00000000   Code   RO         3037    .ARM.Collect$$$$0000000F  mc_w.l(entry11a.o)
    0x08000140   0x08000140   0x00000004   Code   RO         3026    .ARM.Collect$$$$00002712  mc_w.l(entry2.o)
    0x08000144   0x08000144   0x00000024   Code   RO         1278    .text               startup_stm32f10x_hd.o
    0x08000168   0x08000168   0x00000008   Code   RO         2712    .text               mc_w.l(ctype_o.o)
    0x08000170   0x08000170   0x00000094   Code   RO         2740    .text               mc_w.l(localtime.o)
    0x08000204   0x08000204   0x00000024   Code   RO         2746    .text               mc_w.l(memseta.o)
    0x08000228   0x08000228   0x0000001c   Code   RO         2752    .text               mc_w.l(strcmp.o)
    0x08000244   0x08000244   0x0000014e   Code   RO         3019    .text               mf_w.l(dadd.o)
    0x08000392   0x08000392   0x000000de   Code   RO         3021    .text               mf_w.l(ddiv.o)
    0x08000470   0x08000470   0x0000002c   Code   RO         3040    .text               mc_w.l(uidiv.o)
    0x0800049c   0x0800049c   0x00000062   Code   RO         3042    .text               mc_w.l(uldiv.o)
    0x080004fe   0x080004fe   0x0000001e   Code   RO         3044    .text               mc_w.l(llshl.o)
    0x0800051c   0x0800051c   0x00000024   Code   RO         3046    .text               mc_w.l(llsshr.o)
    0x08000540   0x08000540   0x00000000   Code   RO         3048    .text               mc_w.l(iusefp.o)
    0x08000540   0x08000540   0x000000ba   Code   RO         3049    .text               mf_w.l(depilogue.o)
    0x080005fa   0x080005fa   0x000000e4   Code   RO         3051    .text               mf_w.l(dmul.o)
    0x080006de   0x080006de   0x00000030   Code   RO         3053    .text               mf_w.l(dfixul.o)
    0x0800070e   0x0800070e   0x00000002   PAD
    0x08000710   0x08000710   0x00000030   Code   RO         3055    .text               mf_w.l(cdrcmple.o)
    0x08000740   0x08000740   0x00000024   Code   RO         3057    .text               mc_w.l(init.o)
    0x08000764   0x08000764   0x00000020   Code   RO         3059    .text               mc_w.l(llushr.o)
    0x08000784   0x08000784   0x0000005e   Code   RO         3069    .text               mc_w.l(__dclz77c.o)
    0x080007e2   0x080007e2   0x00000010   Code   RO         2362    i.BKP_DeInit        stm32f10x_bkp.o
    0x080007f2   0x080007f2   0x00000002   PAD
    0x080007f4   0x080007f4   0x0000001c   Code   RO         2367    i.BKP_ReadBackupRegister  stm32f10x_bkp.o
    0x08000810   0x08000810   0x0000001c   Code   RO         2371    i.BKP_WriteBackupRegister  stm32f10x_bkp.o
    0x0800082c   0x0800082c   0x00000004   Code   RO          655    i.BusFault_Handler  stm32f10x_it.o
    0x08000830   0x08000830   0x0000002c   Code   RO          285    i.CRC_16            prjlib.o
    0x0800085c   0x0800085c   0x0000002c   Code   RO         1027    i.Close_xMoto       moto.o
    0x08000888   0x08000888   0x00000030   Code   RO          287    i.Cmd_AddEntrance   prjlib.o
    0x080008b8   0x080008b8   0x000000bc   Code   RO          289    i.Cmd_Handle        prjlib.o
    0x08000974   0x08000974   0x00000002   Code   RO          656    i.DebugMon_Handler  stm32f10x_it.o
    0x08000976   0x08000976   0x00000116   Code   RO         1324    i.GPIO_Init         stm32f10x_gpio.o
    0x08000a8c   0x08000a8c   0x00000090   Code   RO         1326    i.GPIO_PinRemapConfig  stm32f10x_gpio.o
    0x08000b1c   0x08000b1c   0x00000012   Code   RO         1328    i.GPIO_ReadInputDataBit  stm32f10x_gpio.o
    0x08000b2e   0x08000b2e   0x00000004   Code   RO         1331    i.GPIO_ResetBits    stm32f10x_gpio.o
    0x08000b32   0x08000b32   0x00000004   Code   RO         1332    i.GPIO_SetBits      stm32f10x_gpio.o
    0x08000b36   0x08000b36   0x00000002   PAD
    0x08000b38   0x08000b38   0x0000000c   Code   RO          858    i.Get_Back_Data     ananlysis_data.o
    0x08000b44   0x08000b44   0x00000010   Code   RO          860    i.Get_Cargo_Data    ananlysis_data.o
    0x08000b54   0x08000b54   0x00000034   Code   RO          863    i.Get_Mote_Data     ananlysis_data.o
    0x08000b88   0x08000b88   0x00000048   Code   RO          864    i.Get_Time          ananlysis_data.o
    0x08000bd0   0x08000bd0   0x000000bc   Code   RO          817    i.Gun_CommandReceive_Poll  analysis_protocol.o
    0x08000c8c   0x08000c8c   0x00000004   Code   RO          657    i.HardFault_Handler  stm32f10x_it.o
    0x08000c90   0x08000c90   0x00000010   Code   RO         2588    i.IWDG_Enable       stm32f10x_iwdg.o
    0x08000ca0   0x08000ca0   0x00000008   Code   RO         1121    i.IWDG_Feed         wdg.o
    0x08000ca8   0x08000ca8   0x00000024   Code   RO         1122    i.IWDG_Init         wdg.o
    0x08000ccc   0x08000ccc   0x00000010   Code   RO         2590    i.IWDG_ReloadCounter  stm32f10x_iwdg.o
    0x08000cdc   0x08000cdc   0x0000000c   Code   RO         2591    i.IWDG_SetPrescaler  stm32f10x_iwdg.o
    0x08000ce8   0x08000ce8   0x0000000c   Code   RO         2592    i.IWDG_SetReload    stm32f10x_iwdg.o
    0x08000cf4   0x08000cf4   0x0000000c   Code   RO         2593    i.IWDG_WriteAccessCmd  stm32f10x_iwdg.o
    0x08000d00   0x08000d00   0x0000003a   Code   RO         2630    i.Is_Leap_Year      rtc.o
    0x08000d3a   0x08000d3a   0x00000002   PAD
    0x08000d3c   0x08000d3c   0x00000048   Code   RO          984    i.KEY_Scan          key.o
    0x08000d84   0x08000d84   0x00000004   Code   RO          658    i.MemManage_Handler  stm32f10x_it.o
    0x08000d88   0x08000d88   0x000002d4   Code   RO         1030    i.Moto_Init         moto.o
    0x0800105c   0x0800105c   0x000000ec   Code   RO         1031    i.MotorSetpperMove  moto.o
    0x08001148   0x08001148   0x00000002   Code   RO          659    i.NMI_Handler       stm32f10x_it.o
    0x0800114a   0x0800114a   0x00000002   PAD
    0x0800114c   0x0800114c   0x00000070   Code   RO         1282    i.NVIC_Init         misc.o
    0x080011bc   0x080011bc   0x00000014   Code   RO         1283    i.NVIC_PriorityGroupConfig  misc.o
    0x080011d0   0x080011d0   0x00000004   Code   RO         1002    i.Open_Gun          gun.o
    0x080011d4   0x080011d4   0x0000002c   Code   RO         1032    i.Open_xMoto        moto.o
    0x08001200   0x08001200   0x0000000c   Code   RO         2528    i.PWR_BackupAccessCmd  stm32f10x_pwr.o
    0x0800120c   0x0800120c   0x00000002   Code   RO          660    i.PendSV_Handler    stm32f10x_it.o
    0x0800120e   0x0800120e   0x00000002   PAD
    0x08001210   0x08001210   0x00000020   Code   RO         1434    i.RCC_APB1PeriphClockCmd  stm32f10x_rcc.o
    0x08001230   0x08001230   0x00000020   Code   RO         1436    i.RCC_APB2PeriphClockCmd  stm32f10x_rcc.o
    0x08001250   0x08001250   0x0000000c   Code   RO         1439    i.RCC_BackupResetCmd  stm32f10x_rcc.o
    0x0800125c   0x0800125c   0x000000d8   Code   RO         1444    i.RCC_GetClocksFreq  stm32f10x_rcc.o
    0x08001334   0x08001334   0x0000000c   Code   RO         1459    i.RCC_RTCCLKCmd     stm32f10x_rcc.o
    0x08001340   0x08001340   0x00000010   Code   RO         1460    i.RCC_RTCCLKConfig  stm32f10x_rcc.o
    0x08001350   0x08001350   0x00000010   Code   RO         2439    i.RTC_ClearITPendingBit  stm32f10x_rtc.o
    0x08001360   0x08001360   0x00000014   Code   RO         2440    i.RTC_EnterConfigMode  stm32f10x_rtc.o
    0x08001374   0x08001374   0x00000014   Code   RO         2441    i.RTC_ExitConfigMode  stm32f10x_rtc.o
    0x08001388   0x08001388   0x00000104   Code   RO         2632    i.RTC_Get           rtc.o
    0x0800148c   0x0800148c   0x00000014   Code   RO         2442    i.RTC_GetCounter    stm32f10x_rtc.o
    0x080014a0   0x080014a0   0x00000024   Code   RO         2445    i.RTC_GetITStatus   stm32f10x_rtc.o
    0x080014c4   0x080014c4   0x00000078   Code   RO         2633    i.RTC_Get_Week      rtc.o
    0x0800153c   0x0800153c   0x00000070   Code   RO         2634    i.RTC_IRQHandler    rtc.o
    0x080015ac   0x080015ac   0x00000020   Code   RO         2446    i.RTC_ITConfig      stm32f10x_rtc.o
    0x080015cc   0x080015cc   0x0000009c   Code   RO         2635    i.RTC_Init          rtc.o
    0x08001668   0x08001668   0x00000020   Code   RO         2636    i.RTC_NVIC_Config   rtc.o
    0x08001688   0x08001688   0x000000c8   Code   RO         2637    i.RTC_Set           rtc.o
    0x08001750   0x08001750   0x0000001c   Code   RO         2448    i.RTC_SetCounter    stm32f10x_rtc.o
    0x0800176c   0x0800176c   0x00000020   Code   RO         2449    i.RTC_SetPrescaler  stm32f10x_rtc.o
    0x0800178c   0x0800178c   0x00000014   Code   RO         2450    i.RTC_WaitForLastTask  stm32f10x_rtc.o
    0x080017a0   0x080017a0   0x00000024   Code   RO         2451    i.RTC_WaitForSynchro  stm32f10x_rtc.o
    0x080017c4   0x080017c4   0x00000020   Code   RO         1033    i.Read_xMoto        moto.o
    0x080017e4   0x080017e4   0x00000090   Code   RO          865    i.Report_State      ananlysis_data.o
    0x08001874   0x08001874   0x00000002   Code   RO          661    i.SVC_Handler       stm32f10x_it.o
    0x08001876   0x08001876   0x00000002   PAD
    0x08001878   0x08001878   0x0000006c   Code   RO          818    i.Screen_CommandReceive_Poll  analysis_protocol.o
    0x080018e4   0x080018e4   0x00000008   Code   RO          718    i.SetSysClock       system_stm32f10x.o
    0x080018ec   0x080018ec   0x000000e0   Code   RO          719    i.SetSysClockTo72   system_stm32f10x.o
    0x080019cc   0x080019cc   0x00000034   Code   RO         1004    i.Set_Gun           gun.o
    0x08001a00   0x08001a00   0x00000024   Code   RO         1034    i.Set_Moto          moto.o
    0x08001a24   0x08001a24   0x0000032c   Code   RO          930    i.Start_Borrow      schedule.o
    0x08001d50   0x08001d50   0x00000080   Code   RO          931    i.Start_Repay       schedule.o
    0x08001dd0   0x08001dd0   0x0000017c   Code   RO          932    i.Start_Schedule    schedule.o
    0x08001f4c   0x08001f4c   0x00000028   Code   RO         1286    i.SysTick_CLKSourceConfig  misc.o
    0x08001f74   0x08001f74   0x00000002   Code   RO          662    i.SysTick_Handler   stm32f10x_it.o
    0x08001f76   0x08001f76   0x00000002   PAD
    0x08001f78   0x08001f78   0x00000060   Code   RO          721    i.SystemInit        system_stm32f10x.o
    0x08001fd8   0x08001fd8   0x000000b8   Code   RO          752    i.TIM2_IRQHandler   timer.o
    0x08002090   0x08002090   0x0000005c   Code   RO          753    i.TIM2_Int_Init     timer.o
    0x080020ec   0x080020ec   0x00000040   Code   RO          754    i.TIM3_IRQHandler   timer.o
    0x0800212c   0x0800212c   0x00000060   Code   RO          755    i.TIM3_Int_Init     timer.o
    0x0800218c   0x0800218c   0x00000074   Code   RO          756    i.TIM4_IRQHandler   timer.o
    0x08002200   0x08002200   0x00000060   Code   RO          757    i.TIM4_Int_Init     timer.o
    0x08002260   0x08002260   0x00000006   Code   RO         1823    i.TIM_ClearITPendingBit  stm32f10x_tim.o
    0x08002266   0x08002266   0x00000018   Code   RO         1828    i.TIM_Cmd           stm32f10x_tim.o
    0x0800227e   0x0800227e   0x00000022   Code   RO         1849    i.TIM_GetITStatus   stm32f10x_tim.o
    0x080022a0   0x080022a0   0x00000012   Code   RO         1853    i.TIM_ITConfig      stm32f10x_tim.o
    0x080022b2   0x080022b2   0x00000002   PAD
    0x080022b4   0x080022b4   0x000000a4   Code   RO         1899    i.TIM_TimeBaseInit  stm32f10x_tim.o
    0x08002358   0x08002358   0x00000024   Code   RO         1202    i.USART1_IRQHandler  usart.o
    0x0800237c   0x0800237c   0x00000024   Code   RO         1203    i.USART2_IRQHandler  usart.o
    0x080023a0   0x080023a0   0x00000018   Code   RO         1636    i.USART_Cmd         stm32f10x_usart.o
    0x080023b8   0x080023b8   0x0000001a   Code   RO         1639    i.USART_GetFlagStatus  stm32f10x_usart.o
    0x080023d2   0x080023d2   0x00000054   Code   RO         1640    i.USART_GetITStatus  stm32f10x_usart.o
    0x08002426   0x08002426   0x0000004a   Code   RO         1642    i.USART_ITConfig    stm32f10x_usart.o
    0x08002470   0x08002470   0x000000d8   Code   RO         1643    i.USART_Init        stm32f10x_usart.o
    0x08002548   0x08002548   0x0000000a   Code   RO         1650    i.USART_ReceiveData  stm32f10x_usart.o
    0x08002552   0x08002552   0x00000008   Code   RO         1653    i.USART_SendData    stm32f10x_usart.o
    0x0800255a   0x0800255a   0x00000002   PAD
    0x0800255c   0x0800255c   0x000000c8   Code   RO          819    i.Uart_Protocol_Cmd_Analy  analysis_protocol.o
    0x08002624   0x08002624   0x0000004c   Code   RO         1204    i.Uart_Send_Data    usart.o
    0x08002670   0x08002670   0x00000004   Code   RO          663    i.UsageFault_Handler  stm32f10x_it.o
    0x08002674   0x08002674   0x00000020   Code   RO         2991    i.__0printf         mc_w.l(printfa.o)
    0x08002694   0x08002694   0x0000000e   Code   RO         3063    i.__scatterload_copy  mc_w.l(handlers.o)
    0x080026a2   0x080026a2   0x00000002   Code   RO         3064    i.__scatterload_null  mc_w.l(handlers.o)
    0x080026a4   0x080026a4   0x0000000e   Code   RO         3065    i.__scatterload_zeroinit  mc_w.l(handlers.o)
    0x080026b2   0x080026b2   0x00000002   PAD
    0x080026b4   0x080026b4   0x00000184   Code   RO         2998    i._fp_digits        mc_w.l(printfa.o)
    0x08002838   0x08002838   0x000006dc   Code   RO         2999    i._printf_core      mc_w.l(printfa.o)
    0x08002f14   0x08002f14   0x00000024   Code   RO         3000    i._printf_post_padding  mc_w.l(printfa.o)
    0x08002f38   0x08002f38   0x0000002e   Code   RO         3001    i._printf_pre_padding  mc_w.l(printfa.o)
    0x08002f66   0x08002f66   0x0000001e   Code   RO            2    i.app_fifo_get      fifo.o
    0x08002f84   0x08002f84   0x00000024   Code   RO            3    i.app_fifo_init     fifo.o
    0x08002fa8   0x08002fa8   0x00000022   Code   RO            4    i.app_fifo_put      fifo.o
    0x08002fca   0x08002fca   0x00000002   PAD
    0x08002fcc   0x08002fcc   0x00000034   Code   RO            8    i.app_uart_get      fifo.o
    0x08003000   0x08003000   0x00000030   Code   RO            9    i.app_uart_put      fifo.o
    0x08003030   0x08003030   0x0000002c   Code   RO         1035    i.close_lock        moto.o
    0x0800305c   0x0800305c   0x00000016   Code   RO          323    i.delay             prjlib.o
    0x08003072   0x08003072   0x00000002   PAD
    0x08003074   0x08003074   0x00000044   Code   RO         1139    i.delay_init        delay.o
    0x080030b8   0x080030b8   0x0000004c   Code   RO         1140    i.delay_ms          delay.o
    0x08003104   0x08003104   0x00000020   Code   RO         1141    i.delay_ms_whx      delay.o
    0x08003124   0x08003124   0x00000014   Code   RO           10    i.fifo_get          fifo.o
    0x08003138   0x08003138   0x0000000a   Code   RO           11    i.fifo_length       fifo.o
    0x08003142   0x08003142   0x00000012   Code   RO           12    i.fifo_put          fifo.o
    0x08003154   0x08003154   0x00000024   Code   RO         1205    i.fputc             usart.o
    0x08003178   0x08003178   0x00000e3c   Code   RO          184    i.funControl        main.o
    0x08003fb4   0x08003fb4   0x00000030   Code   RO         1036    i.get_moto_feetback  moto.o
    0x08003fe4   0x08003fe4   0x00000084   Code   RO         1037    i.init_moto         moto.o
    0x08004068   0x08004068   0x0000006c   Code   RO          185    i.led_light         main.o
    0x080040d4   0x080040d4   0x000000d8   Code   RO          186    i.main              main.o
    0x080041ac   0x080041ac   0x00000060   Code   RO          820    i.open_all_door     analysis_protocol.o
    0x0800420c   0x0800420c   0x0000002c   Code   RO         1038    i.open_lock         moto.o
    0x08004238   0x08004238   0x00000024   Code   RO          821    i.send_hart         analysis_protocol.o
    0x0800425c   0x0800425c   0x00000010   Code   RO          187    i.sound_control     main.o
    0x0800426c   0x0800426c   0x00000020   Code   RO         1039    i.steper_moto_in    moto.o
    0x0800428c   0x0800428c   0x00000020   Code   RO         1040    i.steper_moto_out   moto.o
    0x080042ac   0x080042ac   0x000000c8   Code   RO         1206    i.uart1_init        usart.o
    0x08004374   0x08004374   0x000000a4   Code   RO         1207    i.uart2_init        usart.o
    0x08004418   0x08004418   0x0000002a   Code   RO          332    i.uatoi             prjlib.o
    0x08004442   0x08004442   0x00000002   PAD
    0x08004444   0x08004444   0x00000058   Code   RO          188    i.wait_fun          main.o
    0x0800449c   0x0800449c   0x00000008   Data   RO          189    .constdata          main.o
    0x080044a4   0x080044a4   0x00000600   Data   RO          340    .constdata          prjlib.o
    0x08004aa4   0x08004aa4   0x00000024   Data   RO         2642    .constdata          rtc.o
    0x08004ac8   0x08004ac8   0x00000081   Data   RO         2713    .constdata          mc_w.l(ctype_o.o)
    0x08004b49   0x08004b49   0x00000003   PAD
    0x08004b4c   0x08004b4c   0x00000004   Data   RO         2714    .constdata          mc_w.l(ctype_o.o)
    0x08004b50   0x08004b50   0x0000000c   Data   RO         2742    .constdata          mc_w.l(localtime.o)
    0x08004b5c   0x08004b5c   0x00000005   Data   RO          190    .conststring        main.o
    0x08004b61   0x08004b61   0x00000003   PAD
    0x08004b64   0x08004b64   0x00000020   Data   RO         3061    Region$$Table       anon$$obj.o


    Execution Region RW_IRAM1 (Exec base: 0x20000000, Load base: 0x08004b84, Size: 0x000011e0, Max: 0x00010000, ABSOLUTE, COMPRESSED[0x00000184])

    Exec Addr    Load Addr    Size         Type   Attr      Idx    E Section Name        Object

    0x20000000   COMPRESSED   0x00000016   Data   RW          191    .data               main.o
    0x20000016   COMPRESSED   0x00000002   PAD
    0x20000018   COMPRESSED   0x00000008   Data   RW          341    .data               prjlib.o
    0x20000020   COMPRESSED   0x00000014   Data   RW          722    .data               system_stm32f10x.o
    0x20000034   COMPRESSED   0x0000001f   Data   RW          762    .data               timer.o
    0x20000053   COMPRESSED   0x00000026   Data   RW          823    .data               analysis_protocol.o
    0x20000079   COMPRESSED   0x00000011   Data   RW          867    .data               ananlysis_data.o
    0x2000008a   COMPRESSED   0x0000000b   Data   RW          933    .data               schedule.o
    0x20000095   COMPRESSED   0x00000001   Data   RW          985    .data               key.o
    0x20000096   COMPRESSED   0x00000002   PAD
    0x20000098   COMPRESSED   0x000002d0   Data   RW         1041    .data               moto.o
    0x20000368   COMPRESSED   0x00000004   Data   RW         1143    .data               delay.o
    0x2000036c   COMPRESSED   0x00000014   Data   RW         1464    .data               stm32f10x_rcc.o
    0x20000380   COMPRESSED   0x00000002   Data   RW         2643    .data               rtc.o
    0x20000382   COMPRESSED   0x00000002   PAD
    0x20000384   COMPRESSED   0x00000004   Data   RW         3039    .data               mc_w.l(stdout.o)
    0x20000388        -       0x00000020   Zero   RW           13    .bss                fifo.o
    0x200003a8        -       0x00000200   Zero   RW          822    .bss                analysis_protocol.o
    0x200005a8        -       0x00000800   Zero   RW         1208    .bss                usart.o
    0x20000da8        -       0x0000000a   Zero   RW         2641    .bss                rtc.o
    0x20000db2   COMPRESSED   0x00000002   PAD
    0x20000db4        -       0x0000002c   Zero   RW         2741    .bss                mc_w.l(localtime.o)
    0x20000de0        -       0x00000400   Zero   RW         1275    STACK               startup_stm32f10x_hd.o


==============================================================================

Image component sizes


      Code (inc. data)   RO Data    RW Data    ZI Data      Debug   Object Name

       628         48          0         38        512       4312   analysis_protocol.o
       296         16          0         17          0       4985   ananlysis_data.o
       176         22          0          4          0       1595   delay.o
       248         16          0          0         32     259039   fifo.o
        56         14          0          0          0       1415   gun.o
        72         10          0          1          0        575   key.o
      4072       1434         13         22          0      29818   main.o
       172         22          0          0          0       1953   misc.o
      1448        122          0        720          0       7992   moto.o
       344         14       1536          8          0       5740   prjlib.o
       938         78         36          2         10       5428   rtc.o
      1320        136          0         11          0       2525   schedule.o
        36          8        304          0       1024        768   startup_stm32f10x_hd.o
        72         10          0          0          0       2580   stm32f10x_bkp.o
       448          6          0          0          0       4338   stm32f10x_gpio.o
        26          0          0          0          0       3542   stm32f10x_it.o
        68         30          0          0          0       2350   stm32f10x_iwdg.o
        12          6          0          0          0        486   stm32f10x_pwr.o
       320         52          0         20          0       5754   stm32f10x_rcc.o
       260         48          0          0          0       4900   stm32f10x_rtc.o
       246         42          0          0          0       3394   stm32f10x_tim.o
       442          6          0          0          0       5957   stm32f10x_usart.o
         0          0          0          0          0         32   sys.o
       328         28          0         20          0       1997   system_stm32f10x.o
       648         88          0         31          0       4741   timer.o
       548         54          0          0       2048       6088   usart.o
        44          0          0          0          0        944   wdg.o

    ----------------------------------------------------------------------
     13292       2310       1924        900       3628     373248   Object Totals
         0          0         32          0          0          0   (incl. Generated)
        24          0          3          6          2          0   (incl. Padding)

    ----------------------------------------------------------------------

      Code (inc. data)   RO Data    RW Data    ZI Data      Debug   Library Member Name

        94          0          0          0          0          0   __dclz77c.o
         8          4        133          0          0         68   ctype_o.o
         0          0          0          0          0          0   entry.o
         0          0          0          0          0          0   entry10a.o
         0          0          0          0          0          0   entry11a.o
         8          4          0          0          0          0   entry2.o
         4          0          0          0          0          0   entry5.o
         0          0          0          0          0          0   entry7b.o
         0          0          0          0          0          0   entry8b.o
         8          4          0          0          0          0   entry9a.o
        30          0          0          0          0          0   handlers.o
        36          8          0          0          0         68   init.o
         0          0          0          0          0          0   iusefp.o
        30          0          0          0          0         68   llshl.o
        36          0          0          0          0         68   llsshr.o
        32          0          0          0          0         68   llushr.o
       148         10         12          0         44         76   localtime.o
        36          0          0          0          0        108   memseta.o
      2258         90          0          0          0        452   printfa.o
         0          0          0          4          0          0   stdout.o
        28          0          0          0          0         76   strcmp.o
        44          0          0          0          0         80   uidiv.o
        98          0          0          0          0         92   uldiv.o
        48          0          0          0          0         68   cdrcmple.o
       334          0          0          0          0        148   dadd.o
       222          0          0          0          0        100   ddiv.o
       186          0          0          0          0        176   depilogue.o
        48          0          0          0          0         68   dfixul.o
       228          0          0          0          0         96   dmul.o

    ----------------------------------------------------------------------
      3968        120        148          4         44       1880   Library Totals
         4          0          3          0          0          0   (incl. Padding)

    ----------------------------------------------------------------------

      Code (inc. data)   RO Data    RW Data    ZI Data      Debug   Library Name

      2898        120        145          4         44       1224   mc_w.l
      1066          0          0          0          0        656   mf_w.l

    ----------------------------------------------------------------------
      3968        120        148          4         44       1880   Library Totals

    ----------------------------------------------------------------------

==============================================================================


      Code (inc. data)   RO Data    RW Data    ZI Data      Debug   

     17260       2430       2072        904       3672     368080   Grand Totals
     17260       2430       2072        388       3672     368080   ELF Image Totals (compressed)
     17260       2430       2072        388          0          0   ROM Totals

==============================================================================

    Total RO  Size (Code + RO Data)                19332 (  18.88kB)
    Total RW  Size (RW Data + ZI Data)              4576 (   4.47kB)
    Total ROM Size (Code + RO Data + RW Data)      19720 (  19.26kB)

==============================================================================

