###############################################################################
#
# IAR ELF Linker V8.32.2.178/W32 for ARM                  27/Feb/2019  11:21:31
# Copyright 2007-2018 IAR Systems AB.
#
#    Output file  =  
#        D:\工作\AD-29\FreeRTOS\AD_29_V1\2019_1_10\EWARM\project\Exe\project.out
#    Map file     =  
#        D:\工作\AD-29\FreeRTOS\AD_29_V1\2019_1_10\EWARM\project\List\project.map
#    Command line =  
#        -f C:\Users\it\AppData\Local\Temp\EW973F.tmp
#        (D:\工作\AD-29\FreeRTOS\AD_29_V1\2019_1_10\EWARM\project\Obj\cmsis_os.o
#        D:\工作\AD-29\FreeRTOS\AD_29_V1\2019_1_10\EWARM\project\Obj\console.o
#        D:\工作\AD-29\FreeRTOS\AD_29_V1\2019_1_10\EWARM\project\Obj\Control.o
#        D:\工作\AD-29\FreeRTOS\AD_29_V1\2019_1_10\EWARM\project\Obj\croutine.o
#        D:\工作\AD-29\FreeRTOS\AD_29_V1\2019_1_10\EWARM\project\Obj\event_groups.o
#        D:\工作\AD-29\FreeRTOS\AD_29_V1\2019_1_10\EWARM\project\Obj\freertos.o
#        D:\工作\AD-29\FreeRTOS\AD_29_V1\2019_1_10\EWARM\project\Obj\heap_4.o
#        D:\工作\AD-29\FreeRTOS\AD_29_V1\2019_1_10\EWARM\project\Obj\list.o
#        D:\工作\AD-29\FreeRTOS\AD_29_V1\2019_1_10\EWARM\project\Obj\main.o
#        D:\工作\AD-29\FreeRTOS\AD_29_V1\2019_1_10\EWARM\project\Obj\port.o
#        D:\工作\AD-29\FreeRTOS\AD_29_V1\2019_1_10\EWARM\project\Obj\portasm.o
#        D:\工作\AD-29\FreeRTOS\AD_29_V1\2019_1_10\EWARM\project\Obj\prjlib.o
#        D:\工作\AD-29\FreeRTOS\AD_29_V1\2019_1_10\EWARM\project\Obj\queue.o
#        D:\工作\AD-29\FreeRTOS\AD_29_V1\2019_1_10\EWARM\project\Obj\startup_stm32f103xe.o
#        D:\工作\AD-29\FreeRTOS\AD_29_V1\2019_1_10\EWARM\project\Obj\stm32f1xx_hal.o
#        D:\工作\AD-29\FreeRTOS\AD_29_V1\2019_1_10\EWARM\project\Obj\stm32f1xx_hal_cortex.o
#        D:\工作\AD-29\FreeRTOS\AD_29_V1\2019_1_10\EWARM\project\Obj\stm32f1xx_hal_dma.o
#        D:\工作\AD-29\FreeRTOS\AD_29_V1\2019_1_10\EWARM\project\Obj\stm32f1xx_hal_flash.o
#        D:\工作\AD-29\FreeRTOS\AD_29_V1\2019_1_10\EWARM\project\Obj\stm32f1xx_hal_flash_ex.o
#        D:\工作\AD-29\FreeRTOS\AD_29_V1\2019_1_10\EWARM\project\Obj\stm32f1xx_hal_gpio.o
#        D:\工作\AD-29\FreeRTOS\AD_29_V1\2019_1_10\EWARM\project\Obj\stm32f1xx_hal_gpio_ex.o
#        D:\工作\AD-29\FreeRTOS\AD_29_V1\2019_1_10\EWARM\project\Obj\stm32f1xx_hal_iwdg.o
#        D:\工作\AD-29\FreeRTOS\AD_29_V1\2019_1_10\EWARM\project\Obj\stm32f1xx_hal_msp.o
#        D:\工作\AD-29\FreeRTOS\AD_29_V1\2019_1_10\EWARM\project\Obj\stm32f1xx_hal_pwr.o
#        D:\工作\AD-29\FreeRTOS\AD_29_V1\2019_1_10\EWARM\project\Obj\stm32f1xx_hal_rcc.o
#        D:\工作\AD-29\FreeRTOS\AD_29_V1\2019_1_10\EWARM\project\Obj\stm32f1xx_hal_rcc_ex.o
#        D:\工作\AD-29\FreeRTOS\AD_29_V1\2019_1_10\EWARM\project\Obj\stm32f1xx_hal_tim.o
#        D:\工作\AD-29\FreeRTOS\AD_29_V1\2019_1_10\EWARM\project\Obj\stm32f1xx_hal_tim_ex.o
#        D:\工作\AD-29\FreeRTOS\AD_29_V1\2019_1_10\EWARM\project\Obj\stm32f1xx_hal_uart.o
#        D:\工作\AD-29\FreeRTOS\AD_29_V1\2019_1_10\EWARM\project\Obj\stm32f1xx_it.o
#        D:\工作\AD-29\FreeRTOS\AD_29_V1\2019_1_10\EWARM\project\Obj\system.o
#        D:\工作\AD-29\FreeRTOS\AD_29_V1\2019_1_10\EWARM\project\Obj\system_stm32f1xx.o
#        D:\工作\AD-29\FreeRTOS\AD_29_V1\2019_1_10\EWARM\project\Obj\tasks.o
#        D:\工作\AD-29\FreeRTOS\AD_29_V1\2019_1_10\EWARM\project\Obj\timers.o
#        D:\工作\AD-29\FreeRTOS\AD_29_V1\2019_1_10\EWARM\project\Obj\uart.o
#        --redirect _Printf=_PrintfFull --redirect _Scanf=_ScanfFull
#        --no_out_extension -o
#        D:\工作\AD-29\FreeRTOS\AD_29_V1\2019_1_10\EWARM\project\Exe\project.out
#        --map
#        D:\工作\AD-29\FreeRTOS\AD_29_V1\2019_1_10\EWARM\project\List\project.map
#        --config
#        D:\工作\AD-29\FreeRTOS\AD_29_V1\2019_1_10\EWARM/stm32f103xe_flash.icf
#        --semihosting --entry __iar_program_start --vfe --text_out locale)
#
###############################################################################

*******************************************************************************
*** RUNTIME MODEL ATTRIBUTES
***

CppFlavor       = *
__SystemLibrary = DLib
__dlib_version  = 6


*******************************************************************************
*** HEAP SELECTION
***

The basic heap was selected because no calls to memory allocation
functions were found in the application outside of system library
functions, and there are calls to deallocation functions in the
application.


*******************************************************************************
*** PLACEMENT SUMMARY
***

"A0":  place at 0x800'0000 { ro section .intvec };
"P1":  place in [from 0x800'0000 to 0x807'ffff] { ro };
define block CSTACK with size = 1K, alignment = 8 { };
define block HEAP with size = 512, alignment = 8 { };
"P2":  place in [from 0x2000'0000 to 0x2000'ffff] {
          rw, block CSTACK, block HEAP };
initialize by copy { rw };

  Section            Kind         Address    Size  Object
  -------            ----         -------    ----  ------
"A0":                                       0x130
  .intvec            ro code   0x800'0000   0x130  startup_stm32f103xe.o [1]
                             - 0x800'0130   0x130

"P1":                                      0x6cb5
  .text              ro code   0x800'0130   0xf46  xprintffull.o [2]
  .text              ro code   0x800'1076    0x7a  lz77_init_single.o [4]
  .text              ro code   0x800'10f0    0xb8  xlocale_c.o [2]
  .text              ro code   0x800'11a8    0x16  strchr.o [4]
  .text              ro code   0x800'11be    0x3a  zero_init3.o [4]
  .text              ro code   0x800'11f8    0x40  xfail_s.o [2]
  .text              ro code   0x800'1238    0x14  strlen_small.o [4]
  .text              ro code   0x800'124c    0x58  memchr.o [4]
  .text              ro code   0x800'12a4     0xa  xmbcurmax.o [2]
  .text              ro code   0x800'12ae    0x1e  xencoding_8859_1.o [2]
  .text              ro code   0x800'12cc    0x18  ABImemcpy_small.o [4]
  .text              ro code   0x800'12e4   0x230  I64DivMod.o [4]
  .text              ro code   0x800'1514   0x1a2  DblMul.o [3]
  .text              ro code   0x800'16b6    0x1a  xsnprout.o [2]
  .text              ro code   0x800'16d0    0x70  frexp.o [3]
  .text              ro code   0x800'1740    0x2e  DblCmpLe.o [3]
  .text              ro code   0x800'1770    0x2e  DblCmpGe.o [3]
  .text              ro code   0x800'17a0   0x13a  ldexp.o [3]
  .text              ro code   0x800'18dc    0x3a  DblToS32.o [3]
  .text              ro code   0x800'1918    0x22  S32ToDbl.o [3]
  .text              ro code   0x800'193c    0xe2  DblSub.o [3]
  .text              ro code   0x800'1a20   0x246  DblDiv.o [3]
  .text              ro code   0x800'1c68    0x28  DblToU32.o [3]
  .text              ro code   0x800'1c90    0x1a  U32ToDbl.o [3]
  .text              ro code   0x800'1caa     0x6  abort.o [2]
  .text              ro code   0x800'1cb0     0x2  I64DivZer.o [4]
  .text              ro code   0x800'1cb4   0x16a  DblAdd.o [3]
  .text              ro code   0x800'1e20    0x14  exit.o [5]
  .text              ro code   0x800'1e34   0xa60  Control.o [1]
  .text              ro code   0x800'2894   0x298  prjlib.o [1]
  .text              ro code   0x800'2b2c   0x1e8  stm32f1xx_hal_gpio.o [1]
  .text              ro code   0x800'2d14   0x3fc  console.o [1]
  .text              ro code   0x800'3110   0x1a8  cmsis_os.o [1]
  .text              ro code   0x800'32b8    0x28  strncmp.o [2]
  .text              ro code   0x800'32e0   0x5fc  uart.o [1]
  .text              ro code   0x800'38dc   0x1b8  heap_4.o [1]
  .text              ro code   0x800'3a94    0x30  isgraph.o [2]
  .text              ro code   0x800'3ac4    0x28  printf.o [2]
  .text              ro code   0x800'3aec    0x12  strcmp.o [4]
  .text              ro code   0x800'3b00    0x3c  vsnprint.o [2]
  .text              ro code   0x800'3b3c   0x194  port.o [1]
  .text              ro code   0x800'3cd0   0x774  tasks.o [1]
  .text              ro code   0x800'4444   0x5ac  queue.o [1]
  .text              ro code   0x800'49f0   0x5dc  stm32f1xx_hal_uart.o [1]
  .text              ro code   0x800'4fcc     0xc  stm32f1xx_hal.o [1]
  .text              ro code   0x800'4fd8    0x14  isalpha.o [2]
  .text              ro code   0x800'4fec    0x14  ispunct.o [2]
  CODE               ro code   0x800'5000    0x88  portasm.o [1]
  .text              ro code   0x800'5088    0x90  list.o [1]
  .text              ro code   0x800'5118    0x60  freertos.o [1]
  .text              ro code   0x800'5178   0x1f8  stm32f1xx_hal_msp.o [1]
  .text              ro code   0x800'5370   0x3fa  stm32f1xx_hal_dma.o [1]
  .text              ro code   0x800'576a     0x2  stm32f1xx_hal_uart.o [1]
  .text              ro code   0x800'576c     0x2  stm32f1xx_hal_uart.o [1]
  .text              ro code   0x800'576e     0x2  stm32f1xx_hal_uart.o [1]
  .text              ro code   0x800'5770   0x4e6  stm32f1xx_hal_rcc.o [1]
  .text              ro code   0x800'5c56    0x50  stm32f1xx_hal_iwdg.o [1]
  .text              ro code   0x800'5ca8    0x28  stm32f1xx_hal.o [1]
  .text              ro code   0x800'5cd0    0xdc  stm32f1xx_hal_cortex.o [1]
  .text              ro code   0x800'5dac   0x450  main.o [1]
  .text              ro code   0x800'61fc    0x40  stm32f1xx_hal.o [1]
  .text              ro code   0x800'623c    0x24  stm32f1xx_hal.o [1]
  .text              ro code   0x800'6260   0x340  system.o [1]
  .text              ro code   0x800'65a0    0x10  stm32f1xx_hal_pwr.o [1]
  .rodata            const     0x800'65b0   0x200  prjlib.o [1]
  .rodata            const     0x800'67b0   0x11c  system.o [1]
  .rodata            const     0x800'68cc    0x98  uart.o [1]
  .text              ro code   0x800'6964    0x6c  stm32f1xx_it.o [1]
  .text              ro code   0x800'69d0    0x10  stm32f1xx_hal.o [1]
  .rodata            const     0x800'69e0    0x64  system.o [1]
  .text              ro code   0x800'6a44    0x5c  system_stm32f1xx.o [1]
  .rodata            const     0x800'6aa0    0x44  stm32f1xx_hal_msp.o [1]
  .rodata            const     0x800'6ae4    0x30  freertos.o [1]
  .rodata            const     0x800'6b14    0x2c  uart.o [1]
  .text              ro code   0x800'6b40    0x28  data_init.o [4]
  .iar.init_table    const     0x800'6b68    0x20  - Linker created -
  .text              ro code   0x800'6b88    0x1e  cmain.o [4]
  .text              ro code   0x800'6ba6     0x4  low_level_init.o [2]
  .text              ro code   0x800'6baa     0x4  exit.o [2]
  .text              ro code   0x800'6bb0     0xa  cexit.o [4]
  .rodata            const     0x800'6bbc    0x18  Control.o [1]
  .rodata            const     0x800'6bd4    0x18  main.o [1]
  .text              ro code   0x800'6bec    0x16  xprout.o [2]
  .text              ro code   0x800'6c04     0xc  putchar.o [2]
  .text              ro code   0x800'6c10    0x10  startup_stm32f103xe.o [1]
  .rodata            const     0x800'6c20     0xc  console.o [1]
  .text              ro code   0x800'6c2c     0xc  cstartup_M.o [4]
  .rodata            const     0x800'6c38     0x8  system.o [1]
  .rodata            const     0x800'6c40     0x8  system_stm32f1xx.o [1]
  .rodata            const     0x800'6c48     0x8  uart.o [1]
  .rodata            const     0x800'6c50     0x6  xlocale_c.o [2]
  .text              ro code   0x800'6c56     0x4  startup_stm32f103xe.o [1]
  .text              ro code   0x800'6c5a     0x4  startup_stm32f103xe.o [1]
  .text              ro code   0x800'6c5e     0x4  startup_stm32f103xe.o [1]
  .text              ro code   0x800'6c62     0x4  startup_stm32f103xe.o [1]
  .text              ro code   0x800'6c66     0x4  startup_stm32f103xe.o [1]
  .text              ro code   0x800'6c6a     0x4  startup_stm32f103xe.o [1]
  .text              ro code   0x800'6c6e     0x4  startup_stm32f103xe.o [1]
  .text              ro code   0x800'6c72     0x4  startup_stm32f103xe.o [1]
  .text              ro code   0x800'6c76     0x4  startup_stm32f103xe.o [1]
  .text              ro code   0x800'6c7a     0x4  startup_stm32f103xe.o [1]
  .text              ro code   0x800'6c7e     0x4  startup_stm32f103xe.o [1]
  .text              ro code   0x800'6c82     0x4  startup_stm32f103xe.o [1]
  .text              ro code   0x800'6c86     0x4  startup_stm32f103xe.o [1]
  .text              ro code   0x800'6c8a     0x4  startup_stm32f103xe.o [1]
  .text              ro code   0x800'6c8e     0x4  startup_stm32f103xe.o [1]
  .text              ro code   0x800'6c92     0x4  startup_stm32f103xe.o [1]
  .text              ro code   0x800'6c96     0x4  startup_stm32f103xe.o [1]
  .text              ro code   0x800'6c9a     0x4  startup_stm32f103xe.o [1]
  .text              ro code   0x800'6c9e     0x4  startup_stm32f103xe.o [1]
  .text              ro code   0x800'6ca2     0x4  startup_stm32f103xe.o [1]
  .text              ro code   0x800'6ca6     0x4  startup_stm32f103xe.o [1]
  .text              ro code   0x800'6caa     0x4  startup_stm32f103xe.o [1]
  .text              ro code   0x800'6cae     0x4  startup_stm32f103xe.o [1]
  .text              ro code   0x800'6cb2     0x4  startup_stm32f103xe.o [1]
  .text              ro code   0x800'6cb6     0x4  startup_stm32f103xe.o [1]
  .text              ro code   0x800'6cba     0x4  startup_stm32f103xe.o [1]
  .text              ro code   0x800'6cbe     0x4  startup_stm32f103xe.o [1]
  .text              ro code   0x800'6cc2     0x4  startup_stm32f103xe.o [1]
  .text              ro code   0x800'6cc6     0x4  startup_stm32f103xe.o [1]
  .text              ro code   0x800'6cca     0x4  startup_stm32f103xe.o [1]
  .text              ro code   0x800'6cce     0x4  startup_stm32f103xe.o [1]
  .text              ro code   0x800'6cd2     0x4  startup_stm32f103xe.o [1]
  .text              ro code   0x800'6cd6     0x4  startup_stm32f103xe.o [1]
  .text              ro code   0x800'6cda     0x4  startup_stm32f103xe.o [1]
  .text              ro code   0x800'6cde     0x4  startup_stm32f103xe.o [1]
  .text              ro code   0x800'6ce2     0x4  startup_stm32f103xe.o [1]
  .text              ro code   0x800'6ce6     0x4  startup_stm32f103xe.o [1]
  .text              ro code   0x800'6cea     0x4  startup_stm32f103xe.o [1]
  .text              ro code   0x800'6cee     0x4  startup_stm32f103xe.o [1]
  .text              ro code   0x800'6cf2     0x4  startup_stm32f103xe.o [1]
  .text              ro code   0x800'6cf6     0x4  startup_stm32f103xe.o [1]
  .text              ro code   0x800'6cfa     0x4  startup_stm32f103xe.o [1]
  .text              ro code   0x800'6cfe     0x4  startup_stm32f103xe.o [1]
  .text              ro code   0x800'6d02     0x4  startup_stm32f103xe.o [1]
  .text              ro code   0x800'6d06     0x4  startup_stm32f103xe.o [1]
  .text              ro code   0x800'6d0a     0x4  startup_stm32f103xe.o [1]
  .text              ro code   0x800'6d0e     0x4  startup_stm32f103xe.o [1]
  .text              ro code   0x800'6d12     0x4  startup_stm32f103xe.o [1]
  .text              ro code   0x800'6d16     0x4  startup_stm32f103xe.o [1]
  .text              ro code   0x800'6d1a     0x4  startup_stm32f103xe.o [1]
  .text              ro code   0x800'6d1e     0x4  startup_stm32f103xe.o [1]
  .text              ro code   0x800'6d22     0x4  startup_stm32f103xe.o [1]
  .text              ro code   0x800'6d26     0x4  startup_stm32f103xe.o [1]
  .text              ro code   0x800'6d2a     0x4  startup_stm32f103xe.o [1]
  .text              ro code   0x800'6d2e     0x4  startup_stm32f103xe.o [1]
  .rodata            const     0x800'6d32     0x0  zero_init3.o [4]
  .rodata            const     0x800'6d32     0x0  lz77_init_single.o [4]
  Initializer bytes  const     0x800'6d32    0xb3  <for P2-1>
                             - 0x800'6de5  0x6cb5

"P2", part 1 of 3:                          0x358
  P2-1                        0x2000'0000   0x358  <Init block>
    .data            inited   0x2000'0000   0x144  console.o [1]
    .data            inited   0x2000'0144    0x14  console.o [1]
    .data            inited   0x2000'0158     0xc  Control.o [1]
    .data            inited   0x2000'0164     0xc  Control.o [1]
    .data            inited   0x2000'0170     0xc  Control.o [1]
    .data            inited   0x2000'017c    0x64  main.o [1]
    .data            inited   0x2000'01e0     0xc  port.o [1]
    .data            inited   0x2000'01ec     0xc  stm32f1xx_hal.o [1]
    .data            inited   0x2000'01f8     0xc  system.o [1]
    .data            inited   0x2000'0204     0x4  system_stm32f1xx.o [1]
    .data            inited   0x2000'0208    0x88  uart.o [1]
    .data            inited   0x2000'0290    0x38  xlocale_c.o [2]
    .data            inited   0x2000'02c8    0x48  xlocale_c.o [2]
    .data            inited   0x2000'0310    0x48  xfiles.o [2]
                            - 0x2000'0358   0x358

"P2", part 2 of 3:                          0xf30
  .bss               zero     0x2000'0358   0xc18  heap_4.o [1]
  .bss               zero     0x2000'0f70    0xa0  tasks.o [1]
  .bss               zero     0x2000'1010    0x8c  tasks.o [1]
  .bss               zero     0x2000'109c    0x50  uart.o [1]
  .bss               zero     0x2000'10ec    0x50  xfiles.o [2]
  .bss               zero     0x2000'113c    0x44  main.o [1]
  .bss               zero     0x2000'1180    0x44  main.o [1]
  .bss               zero     0x2000'11c4    0x44  main.o [1]
  .bss               zero     0x2000'1208    0x40  main.o [1]
  .bss               zero     0x2000'1248    0x14  uart.o [1]
  .bss               zero     0x2000'125c    0x10  uart.o [1]
  .bss               zero     0x2000'126c    0x10  uart.o [1]
  .bss               zero     0x2000'127c     0x4  prjlib.o [1]
  .bss               zero     0x2000'1280     0x4  prjlib.o [1]
  .bss               zero     0x2000'1284     0x4  xfail_s.o [2]
                            - 0x2000'1288   0xf30

"P2", part 3 of 3:                          0x400
  CSTACK                      0x2000'1288   0x400  <Block>
    CSTACK           uninit   0x2000'1288   0x400  <Block tail>
                            - 0x2000'1688   0x400

Unused ranges:

         From           To      Size
         ----           --      ----
   0x800'6de5   0x807'ffff  0x7'921b
  0x2000'1688  0x2000'ffff    0xe978


*******************************************************************************
*** INIT TABLE
***

          Address      Size
          -------      ----
Zero (__iar_zero_init3)
    1 destination range, total size 0xf30:
          0x2000'0358  0xf30

Copy/lz77 (__iar_lz77_init_single3)
    1 source range, total size 0xb3 (20% of destination):
           0x800'6d32   0xb3
    1 destination range, total size 0x358:
          0x2000'0000  0x358



*******************************************************************************
*** MODULE SUMMARY
***

    Module                  ro code  ro data  rw data
    ------                  -------  -------  -------
command line/config:
    -------------------------------------------------
    Total:

D:\工作\AD-29\FreeRTOS\AD_29_V1\2019_1_10\EWARM\project\Obj: [1]
    Control.o                 2 656       32       36
    cmsis_os.o                  424
    console.o                 1 020       83      344
    freertos.o                   96       48
    heap_4.o                    440             3 096
    list.o                      144
    main.o                    1 104       45      368
    port.o                      404        2       12
    portasm.o                   136
    prjlib.o                    664      512        8
    queue.o                   1 452
    startup_stm32f103xe.o       540
    stm32f1xx_hal.o             168        3       12
    stm32f1xx_hal_cortex.o      220
    stm32f1xx_hal_dma.o       1 018
    stm32f1xx_hal_gpio.o        488
    stm32f1xx_hal_iwdg.o         80
    stm32f1xx_hal_msp.o         504       68
    stm32f1xx_hal_pwr.o          16
    stm32f1xx_hal_rcc.o       1 254
    stm32f1xx_hal_uart.o      1 506
    stm32f1xx_it.o              108
    system.o                    832      394       12
    system_stm32f1xx.o           92        9        4
    tasks.o                   1 908               300
    uart.o                    1 532      233      268
    -------------------------------------------------
    Total:                   18 806    1 429    4 460

dl7M_tlf.a: [2]
    abort.o                       6
    exit.o                        4
    isalpha.o                    20
    isgraph.o                    48
    ispunct.o                    20
    low_level_init.o              4
    printf.o                     40
    putchar.o                    12
    strncmp.o                    40
    vsnprint.o                   60
    xencoding_8859_1.o           30
    xfail_s.o                    64                 4
    xfiles.o                              16      152
    xlocale_c.o                 184       32      128
    xmbcurmax.o                  10
    xprintffull.o             3 910
    xprout.o                     22
    xsnprout.o                   26
    -------------------------------------------------
    Total:                    4 500       48      284

m7M_tl.a: [3]
    DblAdd.o                    362
    DblCmpGe.o                   46
    DblCmpLe.o                   46
    DblDiv.o                    582
    DblMul.o                    418
    DblSub.o                    226
    DblToS32.o                   58
    DblToU32.o                   40
    S32ToDbl.o                   34
    U32ToDbl.o                   26
    frexp.o                     112
    ldexp.o                     314
    -------------------------------------------------
    Total:                    2 264

rt7M_tl.a: [4]
    ABImemcpy_small.o            24
    I64DivMod.o                 560
    I64DivZer.o                   2
    cexit.o                      10
    cmain.o                      30
    cstartup_M.o                 12
    data_init.o                  40
    lz77_init_single.o          122
    memchr.o                     88
    strchr.o                     22
    strcmp.o                     18
    strlen_small.o               20
    zero_init3.o                 58
    -------------------------------------------------
    Total:                    1 006

shb_l.a: [5]
    exit.o                       20
    -------------------------------------------------
    Total:                       20

    Gaps                         26        2
    Linker created                        32    1 024
-----------------------------------------------------
    Grand Total:             26 622    1 511    5 768


*******************************************************************************
*** ENTRY LIST
***

Entry                       Address   Size  Type      Object
-----                       -------   ----  ----      ------
.iar.init_table$$Base    0x800'6b68          --   Gb  - Linker created -
.iar.init_table$$Limit   0x800'6b88          --   Gb  - Linker created -
?main                    0x800'6b89         Code  Gb  cmain.o [4]
AHBPrescTable            0x800'6a90   0x10  Data  Gb  system_stm32f1xx.o [1]
APBPrescTable            0x800'6c40    0x8  Data  Gb  system_stm32f1xx.o [1]
BarcodeScan_Cmd_Init     0x800'25fd    0x6  Code  Gb  Control.o [1]
BarcodeScan_Cmd_Init::CmdEntrance_SCAN
                        0x2000'0170    0xc  Data  Lc  Control.o [1]
BarcodeScan_Console      0x800'262d   0x72  Code  Lc  Control.o [1]
BusFault_Handler         0x800'696b    0x2  Code  Gb  stm32f1xx_it.o [1]
CMD_Console              0x800'2f8d   0x88  Code  Lc  console.o [1]
CMD_EchoEnable          0x2000'0004    0x4  Data  Lc  console.o [1]
CMD_Init                 0x800'2d15   0x4c  Code  Gb  console.o [1]
CMD_Init::CmdEntrance_CMD
                        0x2000'0138    0xc  Data  Lc  console.o [1]
CMD_NewData              0x800'2ec1   0x2a  Code  Gb  console.o [1]
CMD_Pipe                0x2000'0000    0x1  Data  Lc  console.o [1]
CMD_Printf_Level         0x800'2dcd   0x42  Code  Gb  console.o [1]
CMD_ProcPoll             0x800'2f11   0x7a  Code  Lc  console.o [1]
CMD_RecBuffer           0x2000'0038  0x100  Data  Lc  console.o [1]
CMD_RecFIFO             0x2000'0028   0x10  Data  Lc  console.o [1]
CMD_SendData             0x800'2d95   0x30  Code  Gb  console.o [1]
CMD_SetDebugLevel        0x800'2e2f   0x16  Code  Gb  console.o [1]
CMD_SetEchoEnable        0x800'2e19   0x16  Code  Gb  console.o [1]
CMD_Task                 0x800'2d61   0x34  Code  Gb  console.o [1]
CMD_Task::twdt_CMDTask  0x2000'0144   0x14  Data  Lc  console.o [1]
CMD_UART_Read_Poll       0x800'2e4d   0x74  Code  Gb  console.o [1]
CMD_Virtual              0x800'2eed   0x24  Code  Gb  console.o [1]
CRC_16                   0x800'28c3   0x2e  Code  Gb  prjlib.o [1]
CSTACK$$Base            0x2000'1288          --   Gb  - Linker created -
CSTACK$$Limit           0x2000'1688          --   Gb  - Linker created -
CacheMore                0x800'1133   0x24  Code  Lc  xlocale_c.o [2]
Cmd_AddEntrance          0x800'28f1   0x28  Code  Gb  prjlib.o [1]
Cmd_Handle               0x800'2919   0xa8  Code  Gb  prjlib.o [1]
DMA1_Channel4_IRQHandler
                         0x800'697f    0x6  Code  Gb  stm32f1xx_it.o [1]
DMA1_Channel6_IRQHandler
                         0x800'6985    0x6  Code  Gb  stm32f1xx_it.o [1]
DMA1_Channel7_IRQHandler
                         0x800'698b    0x6  Code  Gb  stm32f1xx_it.o [1]
DMA_SetConfig            0x800'5749   0x22  Code  Lc  stm32f1xx_hal_dma.o [1]
DebugMon_Handler         0x800'696f    0x2  Code  Gb  stm32f1xx_it.o [1]
Detection_CargoRoad      0x800'214d   0x14  Code  Gb  Control.o [1]
FIFO_Flush               0x800'2a71    0x6  Code  Gb  prjlib.o [1]
FIFO_Init                0x800'2a23   0x20  Code  Gb  prjlib.o [1]
FIFO_Length              0x800'2a67    0xa  Code  Gb  prjlib.o [1]
FIFO_Put                 0x800'2a43   0x24  Code  Gb  prjlib.o [1]
FIFO_Query               0x800'2ae9   0x1c  Code  Gb  prjlib.o [1]
FIFO_Read                0x800'2a77   0x36  Code  Gb  prjlib.o [1]
FIFO_Write               0x800'2aad   0x3c  Code  Gb  prjlib.o [1]
HAL_DMA_Abort_IT         0x800'546d   0xdc  Code  Gb  stm32f1xx_hal_dma.o [1]
HAL_DMA_IRQHandler       0x800'5549  0x1bc  Code  Gb  stm32f1xx_hal_dma.o [1]
HAL_DMA_Init             0x800'5371   0x88  Code  Gb  stm32f1xx_hal_dma.o [1]
HAL_DMA_Start_IT         0x800'53f9   0x74  Code  Gb  stm32f1xx_hal_dma.o [1]
HAL_Delay                0x800'5ca9   0x28  Code  Wk  stm32f1xx_hal.o [1]
HAL_GPIO_Init            0x800'2b2d  0x196  Code  Gb  stm32f1xx_hal_gpio.o [1]
HAL_GPIO_ReadPin         0x800'2cc3    0xc  Code  Gb  stm32f1xx_hal_gpio.o [1]
HAL_GPIO_WritePin        0x800'2ccf    0x8  Code  Gb  stm32f1xx_hal_gpio.o [1]
HAL_GetTick              0x800'4fcd    0xc  Code  Wk  stm32f1xx_hal.o [1]
HAL_IWDG_Init            0x800'5c57   0x44  Code  Gb  stm32f1xx_hal_iwdg.o [1]
HAL_IWDG_Refresh         0x800'5c9b    0xc  Code  Gb  stm32f1xx_hal_iwdg.o [1]
HAL_IncTick              0x800'69d1   0x10  Code  Wk  stm32f1xx_hal.o [1]
HAL_Init                 0x800'623d   0x20  Code  Gb  stm32f1xx_hal.o [1]
HAL_InitTick             0x800'61fd   0x40  Code  Wk  stm32f1xx_hal.o [1]
HAL_MspInit              0x800'5179   0x92  Code  Gb  stm32f1xx_hal_msp.o [1]
HAL_NVIC_EnableIRQ       0x800'5d3f    0xa  Code  Gb  stm32f1xx_hal_cortex.o [1]
HAL_NVIC_SetPriority     0x800'5d05   0x3a  Code  Gb  stm32f1xx_hal_cortex.o [1]
HAL_NVIC_SetPriorityGrouping
                         0x800'5ceb   0x1a  Code  Gb  stm32f1xx_hal_cortex.o [1]
HAL_PWR_EnableBkUpAccess
                         0x800'65a1    0x4  Code  Gb  stm32f1xx_hal_pwr.o [1]
HAL_RCC_ClockConfig      0x800'5a89  0x10a  Code  Gb  stm32f1xx_hal_rcc.o [1]
HAL_RCC_GetHCLKFreq      0x800'5beb    0x6  Code  Gb  stm32f1xx_hal_rcc.o [1]
HAL_RCC_GetPCLK1Freq     0x800'5bf1   0x10  Code  Gb  stm32f1xx_hal_rcc.o [1]
HAL_RCC_GetPCLK2Freq     0x800'5c01    0xe  Code  Gb  stm32f1xx_hal_rcc.o [1]
HAL_RCC_GetSysClockFreq
                         0x800'5ba9   0x42  Code  Gb  stm32f1xx_hal_rcc.o [1]
HAL_RCC_GetSysClockFreq::aPLLMULFactorTable
                         0x800'5c44   0x10  Data  Lc  stm32f1xx_hal_rcc.o [1]
HAL_RCC_GetSysClockFreq::aPredivFactorTable
                         0x800'5c54    0x2  Data  Lc  stm32f1xx_hal_rcc.o [1]
HAL_RCC_OscConfig        0x800'5771  0x310  Code  Gb  stm32f1xx_hal_rcc.o [1]
HAL_SYSTICK_CLKSourceConfig
                         0x800'5d7b   0x1a  Code  Gb  stm32f1xx_hal_cortex.o [1]
HAL_SYSTICK_Config       0x800'5d53   0x28  Code  Gb  stm32f1xx_hal_cortex.o [1]
HAL_UART_IRQHandler      0x800'4be1  0x14e  Code  Gb  stm32f1xx_hal_uart.o [1]
HAL_UART_Init            0x800'49f1   0x1e  Code  Gb  stm32f1xx_hal_uart.o [1]
HAL_UART_MspInit         0x800'520b  0x130  Code  Gb  stm32f1xx_hal_msp.o [1]
HAL_UART_Transmit        0x800'4a67   0xac  Code  Gb  stm32f1xx_hal_uart.o [1]
HAL_UART_Transmit_DMA    0x800'4b5d   0x78  Code  Gb  stm32f1xx_hal_uart.o [1]
HAL_UART_Transmit_IT     0x800'4b1b   0x42  Code  Gb  stm32f1xx_hal_uart.o [1]
HAL_UART_TxCpltCallback
                         0x800'368d   0x26  Code  Gb  uart.o [1]
HardFault_Handler        0x800'6967    0x2  Code  Gb  stm32f1xx_it.o [1]
LoadInt                  0x800'02f3   0x7a  Code  Lc  xprintffull.o [2]
Lock_Open                0x800'2219  0x366  Code  Gb  Control.o [1]
MX_GPIO_Init             0x800'5f13  0x1d8  Code  Lc  main.o [1]
MemManage_Handler        0x800'6969    0x2  Code  Gb  stm32f1xx_it.o [1]
Motor_Cmd_Init           0x800'1e35    0x8  Code  Gb  Control.o [1]
Motor_Cmd_Init::CmdEntrance_MOTOR
                        0x2000'0158    0xc  Data  Lc  Control.o [1]
Motor_Console            0x800'1e3d   0x1e  Code  Lc  Control.o [1]
Motor_Control            0x800'1e5d  0x2f0  Code  Gb  Control.o [1]
NMI_Handler              0x800'6965    0x2  Code  Gb  stm32f1xx_it.o [1]
NVIC_SetPriority         0x800'5cd1   0x1a  Code  Lc  stm32f1xx_hal_cortex.o [1]
NVIC_SystemReset         0x800'6261   0x1a  Code  Lc  system.o [1]
Pack_Explain             0x800'26a1   0x92  Code  Gb  Control.o [1]
PendSV_Handler           0x800'5001         Code  Gb  portasm.o [1]
Read_MCU_ID              0x800'6347   0x14  Code  Gb  system.o [1]
Read_ResetCount          0x800'6333   0x14  Code  Gb  system.o [1]
Region$$Table$$Base      0x800'6b68          --   Gb  - Linker created -
Region$$Table$$Limit     0x800'6b88          --   Gb  - Linker created -
Return_Lock_Cmd_Init     0x800'21f3    0x8  Code  Gb  Control.o [1]
Return_Lock_Cmd_Init::CmdEntrance_RLOCK
                        0x2000'0164    0xc  Data  Lc  Control.o [1]
Return_Lock_Console      0x800'21fb   0x1e  Code  Lc  Control.o [1]
SVC_Handler              0x800'5047         Code  Gb  portasm.o [1]
SendFun                 0x2000'0008   0x20  Data  Lc  console.o [1]
ShipMent_Door_Check      0x800'21b5   0x38  Code  Gb  Control.o [1]
ShipMent_Motor_Control   0x800'2161   0x42  Code  Gb  Control.o [1]
StartDefaultTask         0x800'6111   0x6c  Code  Gb  main.o [1]
StartDefaultTask::twdt_startTask
                        0x2000'01cc   0x14  Data  Lc  main.o [1]
SysTick_Handler          0x800'6971    0xe  Code  Gb  stm32f1xx_it.o [1]
SystemClock_Config       0x800'5e9f   0x74  Code  Gb  main.o [1]
SystemCoreClock         0x2000'0204    0x4  Data  Gb  system_stm32f1xx.o [1]
SystemInit               0x800'6a45   0x3c  Code  Gb  system_stm32f1xx.o [1]
System_Init              0x800'627d   0xb6  Code  Gb  system.o [1]
System_Init::CmdEntrance_system
                        0x2000'01f8    0xc  Data  Lc  system.o [1]
TaskWDG_Add              0x800'29c1   0x1c  Code  Gb  prjlib.o [1]
TaskWDG_Clear            0x800'29e1    0x6  Code  Gb  prjlib.o [1]
TaskWDG_IsUpper          0x800'29e7   0x18  Code  Gb  prjlib.o [1]
TaskWDG_OnOff            0x800'29dd    0x4  Code  Gb  prjlib.o [1]
TaskWDG_Tick             0x800'29ff   0x24  Code  Gb  prjlib.o [1]
UART_Console             0x800'36b5  0x152  Code  Lc  uart.o [1]
UART_DMAAbortOnError     0x800'4e41    0xc  Code  Lc  stm32f1xx_hal_uart.o [1]
UART_DMAError            0x800'4d65   0x4a  Code  Lc  stm32f1xx_hal_uart.o [1]
UART_DMATransmitCplt     0x800'4d31   0x2a  Code  Lc  stm32f1xx_hal_uart.o [1]
UART_DMATxHalfCplt       0x800'4d5d    0x6  Code  Lc  stm32f1xx_hal_uart.o [1]
UART_DataSize            0x800'33f9   0x22  Code  Gb  uart.o [1]
UART_EndRxTransfer       0x800'4e25   0x1c  Code  Lc  stm32f1xx_hal_uart.o [1]
UART_EndTxTransfer       0x800'4e13   0x12  Code  Lc  stm32f1xx_hal_uart.o [1]
UART_GetDataIdleTicks    0x800'344f   0x2c  Code  Gb  uart.o [1]
UART_Handle_Array       0x2000'0208   0x14  Data  Lc  uart.o [1]
UART_MonitOut           0x2000'125b    0x1  Data  Lc  uart.o [1]
UART_MonitSource        0x2000'125a    0x1  Data  Lc  uart.o [1]
UART_Monit_FIFO         0x2000'126c   0x10  Data  Lc  uart.o [1]
UART_PortConfig          0x800'32e1   0x7e  Code  Gb  uart.o [1]
UART_PortConfig::f      0x2000'0244    0x4  Data  Lc  uart.o [1]
UART_PortConfig{1}{2}::CmdEntrance_UART
                        0x2000'0284    0xc  Data  Lc  uart.o [1]
UART_ReadData            0x800'341b   0x34  Code  Gb  uart.o [1]
UART_ReceiveByte_IRQ     0x800'3639   0x54  Code  Gb  uart.o [1]
UART_Receive_FIFO_Arrary
                        0x2000'109c   0x50  Data  Lc  uart.o [1]
UART_Receive_IT          0x800'4e4d   0x92  Code  Lc  stm32f1xx_hal_uart.o [1]
UART_Receive_Ts         0x2000'0248   0x14  Data  Lc  uart.o [1]
UART_Refresh_Poll        0x800'354b   0xee  Code  Gb  uart.o [1]
UART_Remapping1         0x2000'1258    0x1  Data  Lc  uart.o [1]
UART_Remapping2         0x2000'1259    0x1  Data  Lc  uart.o [1]
UART_Rp1_FIFO           0x2000'1248   0x10  Data  Lc  uart.o [1]
UART_Rp2_FIFO           0x2000'125c   0x10  Data  Lc  uart.o [1]
UART_SendData            0x800'335f   0x6c  Code  Gb  uart.o [1]
UART_SendData_Direct     0x800'33cb   0x2e  Code  Gb  uart.o [1]
UART_SendMutexId_Array  0x2000'0230   0x14  Data  Lc  uart.o [1]
UART_SendMutex_Array    0x2000'0270   0x14  Data  Lc  uart.o [1]
UART_SendSemId_Array    0x2000'021c   0x14  Data  Lc  uart.o [1]
UART_SendSem_Array      0x2000'025c   0x14  Data  Lc  uart.o [1]
UART_SetBaudrate         0x800'347b   0x3e  Code  Gb  uart.o [1]
UART_SetConfig           0x800'4edf   0xe4  Code  Lc  stm32f1xx_hal_uart.o [1]
UART_SetMonitor          0x800'350d   0x3e  Code  Gb  uart.o [1]
UART_SetRemapping        0x800'34b9   0x54  Code  Gb  uart.o [1]
UART_WaitOnFlagUntilTimeout
                         0x800'4daf   0x56  Code  Lc  stm32f1xx_hal_uart.o [1]
USART1_IRQHandler        0x800'6991   0x16  Code  Gb  stm32f1xx_it.o [1]
USART2_IRQHandler        0x800'69a7   0x16  Code  Gb  stm32f1xx_it.o [1]
UsageFault_Handler       0x800'696d    0x2  Code  Gb  stm32f1xx_it.o [1]
_Encoding_8859_1_Mbrlen
                         0x800'12c1    0x2  Code  Gb  xencoding_8859_1.o [2]
_Encoding_8859_1_Wctomb
                         0x800'12af   0x12  Code  Gb  xencoding_8859_1.o [2]
_Error_Handler           0x800'61b5    0x2  Code  Gb  main.o [1]
_GenldFull               0x800'0d51  0x274  Code  Lc  xprintffull.o [2]
_LdtobFull               0x800'094d  0x3d6  Code  Lc  xprintffull.o [2]
_LitobFull               0x800'07fd  0x10a  Code  Lc  xprintffull.o [2]
_LocaleC_isalpha         0x800'10f7    0xc  Code  Gb  xlocale_c.o [2]
_LocaleC_islower         0x800'10f1    0x4  Code  Gb  xlocale_c.o [2]
_LocaleC_ispunct         0x800'110d   0x22  Code  Gb  xlocale_c.o [2]
_LocaleC_isupper         0x800'10f5    0x2  Code  Gb  xlocale_c.o [2]
_Locale_lconv           0x2000'0290   0x38  Data  Lc  xlocale_c.o [2]
_PrintfFull              0x800'0131  0x1aa  Code  Gb  xprintffull.o [2]
_Prout                   0x800'6bed   0x16  Code  Gb  xprout.o [2]
_PutcharsFull            0x800'0fc5   0x2e  Code  Lc  xprintffull.o [2]
_PutfldFull              0x800'036d  0x2d4  Code  Lc  xprintffull.o [2]
_PutstrFull              0x800'0737   0xc6  Code  Lc  xprintffull.o [2]
_PuttxtFull              0x800'0641   0xf6  Code  Lc  xprintffull.o [2]
_SNProut                 0x800'16b7   0x1a  Code  Gb  xsnprout.o [2]
__aeabi_cdcmple          0x800'1741         Code  Gb  DblCmpLe.o [3]
__aeabi_cdrcmple         0x800'1771         Code  Gb  DblCmpGe.o [3]
__aeabi_d2iz             0x800'18dd         Code  Gb  DblToS32.o [3]
__aeabi_d2uiz            0x800'1c69         Code  Gb  DblToU32.o [3]
__aeabi_ddiv             0x800'1a21         Code  Gb  DblDiv.o [3]
__aeabi_dmul             0x800'1515         Code  Gb  DblMul.o [3]
__aeabi_dsub             0x800'193d         Code  Gb  DblSub.o [3]
__aeabi_i2d              0x800'1919         Code  Gb  S32ToDbl.o [3]
__aeabi_ldiv0            0x800'1cb1         Code  Gb  I64DivZer.o [4]
__aeabi_ui2d             0x800'1c91         Code  Gb  U32ToDbl.o [3]
__aeabi_uldivmod         0x800'12e5         Code  Gb  I64DivMod.o [4]
__cmain                  0x800'6b89         Code  Gb  cmain.o [4]
__exit                   0x800'1e21   0x14  Code  Gb  exit.o [5]
__iar_Fail_s             0x800'11f9   0x1c  Code  Gb  xfail_s.o [2]
__iar_Mbcurmax           0x800'12a5    0xa  Code  Gb  xmbcurmax.o [2]
__iar_Memchr             0x800'124d         Code  Gb  memchr.o [4]
__iar_Stdout            0x2000'0310   0x48  Data  Gb  xfiles.o [2]
__iar_Strchr             0x800'11a9         Code  Gb  strchr.o [4]
__iar_dadd               0x800'194d         Code  Gb  DblSub.o [3]
__iar_data_init3         0x800'6b41   0x28  Code  Gb  data_init.o [4]
__iar_dsub               0x800'1cb5         Code  Gb  DblAdd.o [3]
__iar_dsubStart          0x800'1cc7         Code  Gb  DblAdd.o [3]
__iar_frexp              0x800'16dd         Code  Gb  frexp.o [3]
__iar_frexp64            0x800'16d1         Code  Gb  frexp.o [3]
__iar_frexpl             0x800'16dd         Code  Gb  frexp.o [3]
__iar_globLocale        0x2000'02c8   0x48  Data  Lc  xlocale_c.o [2]
__iar_global_Locale      0x800'112f    0x4  Code  Gb  xlocale_c.o [2]
__iar_ldexp64            0x800'17a1         Code  Gb  ldexp.o [3]
__iar_lz77_init_single3
                         0x800'1077   0x7a  Code  Gb  lz77_init_single.o [4]
__iar_program_start      0x800'6c2d         Code  Gb  cstartup_M.o [4]
__iar_scalbln64          0x800'17a1         Code  Gb  ldexp.o [3]
__iar_scalbn64           0x800'17a1         Code  Gb  ldexp.o [3]
__iar_small_Memcpy       0x800'12d1         Code  Gb  ABImemcpy_small.o [4]
__iar_small_memcpy       0x800'12cd         Code  Gb  ABImemcpy_small.o [4]
__iar_small_memcpy4      0x800'12cd         Code  Gb  ABImemcpy_small.o [4]
__iar_small_memcpy8      0x800'12cd         Code  Gb  ABImemcpy_small.o [4]
__iar_small_strlen       0x800'1239         Code  Gb  strlen_small.o [4]
__iar_zero_init3         0x800'11bf   0x3a  Code  Gb  zero_init3.o [4]
__low_level_init         0x800'6ba7    0x4  Code  Gb  low_level_init.o [2]
__vector_table           0x800'0000         Data  Gb  startup_stm32f103xe.o [1]
_call_main               0x800'6b95         Code  Gb  cmain.o [4]
_exit                    0x800'6bb1         Code  Gb  cexit.o [4]
_gLocale_mblen           0x800'1193    0x4  Code  Gb  xlocale_c.o [2]
_gLocale_mblenInt        0x800'1157   0x2c  Code  Gb  xlocale_c.o [2]
_gLocale_wctomb          0x800'1197    0x4  Code  Gb  xlocale_c.o [2]
_gLocale_wctombInt       0x800'118f    0x4  Code  Gb  xlocale_c.o [2]
_main                    0x800'6ba3         Code  Gb  cmain.o [4]
abort                    0x800'1cab    0x6  Code  Gb  abort.o [2]
crc16tab                 0x800'65b0  0x200  Data  Gb  prjlib.o [1]
defaultTaskHandle       0x2000'01c8    0x4  Data  Gb  main.o [1]
exit                     0x800'6bab    0x4  Code  Gb  exit.o [2]
firstEnt                0x2000'127c    0x4  Data  Lc  prjlib.o [1]
fputc                    0x800'5dad   0x16  Code  Gb  main.o [1]
frexp                    0x800'16d1         Code  Gb  frexp.o [3]
frexpl                   0x800'16d1         Code  Gb  frexp.o [3]
g_ucDbgLevel            0x2000'0001    0x1  Data  Lc  console.o [1]
hdma_usart1_tx          0x2000'113c   0x44  Data  Gb  main.o [1]
hdma_usart2_rx          0x2000'1180   0x44  Data  Gb  main.o [1]
hdma_usart2_tx          0x2000'11c4   0x44  Data  Gb  main.o [1]
hiwdg                   0x2000'01bc    0xc  Data  Gb  main.o [1]
huart1                  0x2000'017c   0x40  Data  Gb  main.o [1]
huart2                  0x2000'1208   0x40  Data  Gb  main.o [1]
isalpha                  0x800'4fd9   0x14  Code  Gb  isalpha.o [2]
isgraph                  0x800'3a95   0x30  Code  Gb  isgraph.o [2]
ispunct                  0x800'4fed   0x14  Code  Gb  ispunct.o [2]
ldexp                    0x800'17a1         Code  Gb  ldexp.o [3]
ldexpl                   0x800'17a1         Code  Gb  ldexp.o [3]
localeconv               0x800'119b    0x4  Code  Gb  xlocale_c.o [2]
main                     0x800'5dc5   0xda  Code  Gb  main.o [1]
makeFreeRtosPriority     0x800'3111    0xc  Code  Lc  cmsis_os.o [1]
memchr                   0x800'124d         Code  Gb  memchr.o [4]
obuf                    0x2000'10ec   0x50  Data  Lc  xfiles.o [2]
osDelay                  0x800'3155    0xe  Code  Gb  cmsis_os.o [1]
osKernelStart            0x800'311d    0xa  Code  Gb  cmsis_os.o [1]
osMutexCreate            0x800'3163    0x6  Code  Gb  cmsis_os.o [1]
osMutexRelease           0x800'31ab   0x36  Code  Gb  cmsis_os.o [1]
osMutexWait              0x800'3169   0x42  Code  Gb  cmsis_os.o [1]
osSemaphoreCreate        0x800'31e1   0x26  Code  Gb  cmsis_os.o [1]
osSemaphoreRelease       0x800'3255   0x36  Code  Gb  cmsis_os.o [1]
osSemaphoreWait          0x800'3207   0x42  Code  Gb  cmsis_os.o [1]
osSystickHandler         0x800'329f   0x14  Code  Gb  cmsis_os.o [1]
osThreadCreate           0x800'3127   0x2e  Code  Gb  cmsis_os.o [1]
pTWDGEnter              0x2000'1280    0x4  Data  Lc  prjlib.o [1]
printf                   0x800'3ac5   0x28  Code  Gb  printf.o [2]
prvAddCurrentTaskToDelayedList
                         0x800'43c9   0x64  Code  Lc  tasks.o [1]
prvAddNewTaskToReadyList
                         0x800'3da1   0xa2  Code  Lc  tasks.o [1]
prvCopyDataFromQueue     0x800'4949   0x28  Code  Lc  queue.o [1]
prvCopyDataToQueue       0x800'48e1   0x68  Code  Lc  queue.o [1]
prvDeleteTCB             0x800'422f   0x14  Code  Lc  tasks.o [1]
prvIdleTask              0x800'41d5   0x5a  Code  Lc  tasks.o [1]
prvInitialiseNewQueue    0x800'44f5   0x16  Code  Lc  queue.o [1]
prvInitialiseNewTask     0x800'3d29   0x78  Code  Lc  tasks.o [1]
prvInsertBlockIntoFreeList
                         0x800'3a49   0x46  Code  Lc  heap_4.o [1]
prvIsQueueEmpty          0x800'49d5   0x16  Code  Lc  queue.o [1]
prvResetNextTaskUnblockTime
                         0x800'4243   0x1c  Code  Lc  tasks.o [1]
prvTaskExitError         0x800'3b5d   0x1c  Code  Lc  port.o [1]
prvUnlockQueue           0x800'4971   0x64  Code  Lc  queue.o [1]
putchar                  0x800'6c05    0xc  Code  Gb  putchar.o [2]
pvPortMalloc             0x800'38dd  0x104  Code  Gb  heap_4.o [1]
pvTaskIncrementMutexHeldCount
                         0x800'4381   0x14  Code  Gb  tasks.o [1]
pxCurrentTCB            0x2000'0f98    0x4  Data  Gb  tasks.o [1]
pxDelayedTaskList       0x2000'0f9c    0x4  Data  Lc  tasks.o [1]
pxEnd                   0x2000'0360    0x4  Data  Lc  heap_4.o [1]
pxOverflowDelayedTaskList
                        0x2000'0fa0    0x4  Data  Lc  tasks.o [1]
pxPortInitialiseStack    0x800'3b3d   0x20  Code  Gb  port.o [1]
pxReadyTasksLists       0x2000'1010   0x8c  Data  Lc  tasks.o [1]
scalbln                  0x800'17a1         Code  Gb  ldexp.o [3]
scalblnl                 0x800'17a1         Code  Gb  ldexp.o [3]
scalbn                   0x800'17a1         Code  Gb  ldexp.o [3]
scalbnl                  0x800'17a1         Code  Gb  ldexp.o [3]
scale                    0x800'0907   0x46  Code  Lc  xprintffull.o [2]
sec_hand                0x2000'1284    0x4  Data  Lc  xfail_s.o [2]
strchr                   0x800'11a9         Code  Gb  strchr.o [4]
strcmp                   0x800'3aed         Code  Gb  strcmp.o [4]
strlen_t                 0x800'2895   0x10  Code  Gb  prjlib.o [1]
strncmp                  0x800'32b9   0x28  Code  Gb  strncmp.o [2]
system_Console           0x800'635d  0x12e  Code  Lc  system.o [1]
uatoi                    0x800'28a5   0x1e  Code  Gb  prjlib.o [1]
ucHeap                  0x2000'0370  0xc00  Data  Lc  heap_4.o [1]
ucMaxSysCallPriority    0x2000'01e0    0x1  Data  Lc  port.o [1]
ulMaxPRIGROUPValue      0x2000'01e8    0x4  Data  Lc  port.o [1]
uwTick                  0x2000'01f0    0x4  Data  Gb  stm32f1xx_hal.o [1]
uwTickFreq              0x2000'01ec    0x1  Data  Gb  stm32f1xx_hal.o [1]
uwTickPrio              0x2000'01f4    0x4  Data  Gb  stm32f1xx_hal.o [1]
uxCriticalNesting       0x2000'01e4    0x4  Data  Lc  port.o [1]
uxCurrentNumberOfTasks  0x2000'0fbc    0x4  Data  Lc  tasks.o [1]
uxDeletedTasksWaitingCleanUp
                        0x2000'0fa4    0x4  Data  Lc  tasks.o [1]
uxListRemove             0x800'50f5   0x24  Code  Gb  list.o [1]
uxPendedTicks           0x2000'0fcc    0x4  Data  Lc  tasks.o [1]
uxSchedulerSuspended    0x2000'0fe0    0x4  Data  Lc  tasks.o [1]
uxTaskNumber            0x2000'0fd8    0x4  Data  Lc  tasks.o [1]
uxTopReadyPriority      0x2000'0fc4    0x4  Data  Lc  tasks.o [1]
vApplicationIdleHook     0x800'5119   0x2e  Code  Gb  freertos.o [1]
vApplicationTickHook     0x800'5147   0x1e  Code  Gb  freertos.o [1]
vListInitialise          0x800'5089   0x1a  Code  Gb  list.o [1]
vListInitialiseItem      0x800'50a3    0x6  Code  Gb  list.o [1]
vListInsert              0x800'50c3   0x32  Code  Gb  list.o [1]
vListInsertEnd           0x800'50a9   0x1a  Code  Gb  list.o [1]
vPortEnterCritical       0x800'3bdd   0x32  Code  Gb  port.o [1]
vPortExitCritical        0x800'3c0f   0x22  Code  Gb  port.o [1]
vPortFree                0x800'39ef   0x46  Code  Gb  heap_4.o [1]
vPortStartFirstTask      0x800'5067         Code  Gb  portasm.o [1]
vPortValidateInterruptPriority
                         0x800'3c59   0x2c  Code  Gb  port.o [1]
vTaskDelay               0x800'3e43   0x2e  Code  Gb  tasks.o [1]
vTaskMissedYield         0x800'41c9    0xa  Code  Gb  tasks.o [1]
vTaskPlaceOnEventList    0x800'40ad   0x26  Code  Gb  tasks.o [1]
vTaskPriorityInherit     0x800'4277   0x72  Code  Gb  tasks.o [1]
vTaskSetTimeOutState     0x800'4149   0x20  Code  Gb  tasks.o [1]
vTaskStartScheduler      0x800'3e93   0x54  Code  Gb  tasks.o [1]
vTaskSuspendAll          0x800'3ee7    0xc  Code  Gb  tasks.o [1]
vTaskSwitchContext       0x800'405b   0x52  Code  Gb  tasks.o [1]
vsnprintf                0x800'3b01   0x3c  Code  Gb  vsnprint.o [2]
xBlockAllocatedBit      0x2000'036c    0x4  Data  Lc  heap_4.o [1]
xDelayedTaskList1       0x2000'0fe4   0x14  Data  Lc  tasks.o [1]
xDelayedTaskList2       0x2000'0ff8   0x14  Data  Lc  tasks.o [1]
xFreeBytesRemaining     0x2000'0364    0x4  Data  Lc  heap_4.o [1]
xIdleTaskHandle         0x2000'100c    0x4  Data  Lc  tasks.o [1]
xMinimumEverFreeBytesRemaining
                        0x2000'0368    0x4  Data  Lc  heap_4.o [1]
xNextTaskUnblockTime    0x2000'0fdc    0x4  Data  Lc  tasks.o [1]
xNumOfOverflows         0x2000'0fd4    0x4  Data  Lc  tasks.o [1]
xPendingReadyList       0x2000'0f70   0x14  Data  Lc  tasks.o [1]
xPortGetFreeHeapSize     0x800'3a43    0x6  Code  Gb  heap_4.o [1]
xPortStartScheduler      0x800'3b79   0x64  Code  Gb  port.o [1]
xPortSysTickHandler      0x800'3c31   0x26  Code  Gb  port.o [1]
xQueueCreateMutex        0x800'450b   0x28  Code  Gb  queue.o [1]
xQueueGenericCreate      0x800'44bd   0x38  Code  Gb  queue.o [1]
xQueueGenericReceive     0x800'46ed  0x14e  Code  Gb  queue.o [1]
xQueueGenericReset       0x800'4445   0x78  Code  Gb  queue.o [1]
xQueueGenericSend        0x800'4533  0x136  Code  Gb  queue.o [1]
xQueueGiveFromISR        0x800'4669   0x70  Code  Gb  queue.o [1]
xQueueReceiveFromISR     0x800'4841   0x82  Code  Gb  queue.o [1]
xSchedulerRunning       0x2000'0fc8    0x4  Data  Lc  tasks.o [1]
xStart                  0x2000'0358    0x8  Data  Lc  heap_4.o [1]
xSuspendedTaskList      0x2000'0fa8   0x14  Data  Lc  tasks.o [1]
xTaskCheckForTimeOut     0x800'4169   0x60  Code  Gb  tasks.o [1]
xTaskCreate              0x800'3cd1   0x58  Code  Gb  tasks.o [1]
xTaskGetSchedulerState   0x800'425f   0x18  Code  Gb  tasks.o [1]
xTaskIncrementTick       0x800'3f95   0xc6  Code  Gb  tasks.o [1]
xTaskPriorityDisinherit
                         0x800'42ef   0x82  Code  Gb  tasks.o [1]
xTaskRemoveFromEventList
                         0x800'40eb   0x4e  Code  Gb  tasks.o [1]
xTaskResumeAll           0x800'3ef3   0x9a  Code  Gb  tasks.o [1]
xTasksWaitingTermination
                        0x2000'0f84   0x14  Data  Lc  tasks.o [1]
xTickCount              0x2000'0fc0    0x4  Data  Lc  tasks.o [1]
xYieldPending           0x2000'0fd0    0x4  Data  Lc  tasks.o [1]


[1] = D:\工作\AD-29\FreeRTOS\AD_29_V1\2019_1_10\EWARM\project\Obj
[2] = dl7M_tlf.a
[3] = m7M_tl.a
[4] = rt7M_tl.a
[5] = shb_l.a

  26 622 bytes of readonly  code memory
   1 511 bytes of readonly  data memory
   5 768 bytes of readwrite data memory

Errors: none
Warnings: none
